******************************************************************************
               TMS320C6x Linker PC v7.4.4                      
******************************************************************************
>> Linked Thu Mar 16 18:34:49 2017

OUTPUT FILE NAME:   <dsp2lab1.out>
ENTRY POINT SYMBOL: "_c_int00"  address: 00008ea0


MEMORY CONFIGURATION

         name            origin    length      used     unused   attr    fill
----------------------  --------  ---------  --------  --------  ----  --------
  vecs                  00000000   00000220  00000200  00000020  RWIX
  IRAM                  00000220   0000ffe0  0000a78c  00005854  RWIX
  CE0                   80000000   01000000  0005e20e  00fa1df2  RWIX


SECTION ALLOCATION MAP

 output                                  attributes/
section   page    origin      length       input sections
--------  ----  ----------  ----------   ----------------
vectors    0    00000000    00000200     
                  00000000    00000200     vectors.obj (vectors)

$BRID      0    00000000    000000a0     COPY SECTION
                  00000000    00000054     dsk6713bsl.lib : dsk6713.obj ($BRID)
                  00000054    00000024                    : dsk6713_aic23_opencodec.obj ($BRID)
                  00000078    00000004                    : dsk6713_aic23_read.obj ($BRID)
                  0000007c    00000014                    : dsk6713_aic23_registers.obj ($BRID)
                  00000090    0000000c                    : dsk6713_aic23_setfreq.obj ($BRID)
                  0000009c    00000004                    : dsk6713_aic23_write.obj ($BRID)

.text      0    00000220    00009120     
                  00000220    00000720     rts6700.lib : divd.obj (.text:__divd)
                  00000940    000006c0                 : _printfi.obj (.text:__getarg_diouxp)
                  00001000    000005a0                 : _printfi.obj (.text:__setfield)
                  000015a0    00000560                 : _printfi.obj (.text:__printfi)
                  00001b00    000004c0                 : fputs.obj (.text:_fputs)
                  00001fc0    00000460     DelaysandEcho.obj (.text)
                  00002420    00000460     dsk6713bsl.lib : dsk6713.obj (.text)
                  00002880    00000420     rts6700.lib : _printfi.obj (.text:_fcvt)
                  00002ca0    00000400                 : _printfi.obj (.text:__pproc_fge)
                  000030a0    00000400                 : _printfi.obj (.text:_ecvt)
                  000034a0    00000380                 : imath64.obj (.text:__divull)
                  00003820    00000380                 : memory.obj (.text:_free)
                  00003ba0    00000360                 : _printfi.obj (.text:__pconv_e)
                  00003f00    00000360                 : _printfi.obj (.text:__pproc_fwp)
                  00004260    00000300                 : _printfi.obj (.text:__pproc_diouxp)
                  00004560    00000300     dsk6713bsl.lib : dsk6713_aic23_opencodec.obj (.text)
                  00004860    000002c0     rts6700.lib : _printfi.obj (.text:__pconv_g)
                  00004b20    000002c0                 : _printfi.obj (.text:__pproc_str)
                  00004de0    000002a0                 : fputc.obj (.text:_fputc)
                  00005080    000002a0                 : setvbuf.obj (.text:_setvbuf)
                  00005320    00000260                 : imath40.obj (.text:__divul)
                  00005580    00000240                 : _printfi.obj (.text:__mcpy)
                  000057c0    00000240                 : memory.obj (.text:_malloc)
                  00005a00    00000240                 : memcpy62.obj (.text:_memcpy)
                  00005c40    00000220                 : trgdrv.obj (.text:_HOSTrename)
                  00005e60    000001e0                 : lowlev.obj (.text:_getdevice)
                  00006040    000001c0                 : fseek.obj (.text:_fseek)
                  00006200    000001a0     csl6713.lib : csl_mcbsp.obj (.text:_MCBSP_reset)
                  000063a0    000001a0     rts6700.lib : _printfi.obj (.text:__ltostr)
                  00006540    000001a0                 : _printfi.obj (.text:__pproc_fflags)
                  000066e0    00000160                 : trgdrv.obj (.text:_HOSTlseek)
                  00006840    00000160                 : fclose.obj (.text:__closefile)
                  000069a0    00000140                 : trgdrv.obj (.text:_HOSTread)
                  00006ae0    00000140                 : frcmpyd_div.obj (.text:__frcmpyd_div)
                  00006c20    00000140                 : atoi.obj (.text:_atoi)
                  00006d60    00000140     dsk6713bsl.lib : dsk6713_aic23_registers.obj (.text)
                  00006ea0    00000120     rts6700.lib : trgdrv.obj (.text:_HOSTopen)
                  00006fc0    00000120                 : trgdrv.obj (.text:_HOSTwrite)
                  000070e0    00000120                 : _io_perm.obj (.text:__wrt_ok)
                  00007200    00000120                 : lowlev.obj (.text:_close)
                  00007320    00000120                 : ltoa.obj (.text:_ltoa)
                  00007440    00000120                 : memset.obj (.text:_memset)
                  00007560    00000100                 : trgdrv.obj (.text:_HOSTclose)
                  00007660    00000100                 : trgdrv.obj (.text:_HOSTunlink)
                  00007760    00000100     csl6713.lib : csl_mcbsp.obj (.text:_MCBSP_open)
                  00007860    00000100                 : csl_mcbsp.obj (.text:_MCBSP_start)
                  00007960    00000100     rts6700.lib : autoinit.obj (.text:__auto_init)
                  00007a60    00000100                 : _printfi.obj (.text:__div)
                  00007b60    00000100                 : imath40.obj (.text:__divli)
                  00007c60    00000100                 : _printfi.obj (.text:__pconv_f)
                  00007d60    00000100                 : lowlev.obj (.text:_lseek)
                  00007e60    00000100                 : printf.obj (.text:_printf)
                  00007f60    000000e0                 : fopen.obj (.text:__cleanup)
                  00008040    000000e0                 : fflush.obj (.text:__doflush)
                  00008120    000000e0                 : _printfi.obj (.text:__ecpy)
                  00008200    000000e0                 : _printfi.obj (.text:__fcpy)
                  000082e0    000000e0                 : strasg.obj (.text:__strasg)
                  000083c0    000000e0                 : exit.obj (.text:_exit)
                  000084a0    000000e0                 : memory.obj (.text:_minsert)
                  00008580    000000e0                 : memory.obj (.text:_mremove)
                  00008660    000000c0                 : divu.obj (.text:__divu)
                  00008720    000000c0                 : cpy_tbl.obj (.text:_copy_in)
                  000087e0    000000c0                 : lowlev.obj (.text:_finddevice)
                  000088a0    000000c0     dsk6713bsl.lib : dsk6713_aic23_setfreq.obj (.text)
                  00008960    000000a0     rts6700.lib : fixdli.obj (.text:__fixdli)
                  00008a00    000000a0                 : mpyll.obj (.text:__mpyll)
                  00008aa0    000000a0                 : imath40.obj (.text:__remli)
                  00008b40    000000a0                 : trgmsg.obj (.text:_readmsg)
                  00008be0    000000a0                 : lowlev.obj (.text:_unlink)
                  00008c80    000000a0                 : trgmsg.obj (.text:_writemsg)
                  00008d20    00000080                 : cpp_init.obj (.text:___TI_cpp_init)
                  00008da0    00000080                 : fltlid.obj (.text:__fltlid)
                  00008e20    00000080                 : llshift.obj (.text:__llshl)
                  00008ea0    00000080                 : boot.obj (.text:_c_int00)
                  00008f20    00000080                 : memccpy.obj (.text:_memccpy)
                  00008fa0    00000080     dsk6713bsl.lib : dsk6713_aic23_write.obj (.text)
                  00009020    00000060     rts6700.lib : isinf.obj (.text:___isinf)
                  00009080    00000060                 : llshift.obj (.text:__llshru)
                  000090e0    00000060                 : imath64.obj (.text:__subcull)
                  00009140    00000060     dsk6713bsl.lib : dsk6713_aic23_read.obj (.text)
                  000091a0    00000040     rts6700.lib : _printfi.obj (.text:___isnan)
                  000091e0    00000040                 : args_main.obj (.text:__args_main)
                  00009220    00000040     switches.obj (.text)
                  00009260    00000020     rts6700.lib : negll.obj (.text:__negll)
                  00009280    00000020                 : _lock.obj (.text:__nop)
                  000092a0    00000020                 : printf.obj (.text:__outc)
                  000092c0    00000020                 : printf.obj (.text:__outs)
                  000092e0    00000020                 : exit.obj (.text:_abort)
                  00009300    00000020                 : remove.obj (.text:_remove)
                  00009320    00000020     csl6713.lib : csl_irq.obj (.text)

.data      0    00000220    00000000     UNINITIALIZED

.stack     0    00009340    00000800     UNINITIALIZED
                  00009340    00000008     rts6700.lib : boot.obj (.stack)
                  00009348    000007f8     --HOLE--

.sysmem    0    00009b40    00000800     UNINITIALIZED
                  00009b40    00000008     rts6700.lib : memory.obj (.sysmem)
                  00009b48    000007f8     --HOLE--

.cinit     0    0000a340    00000364     
                  0000a340    0000012c     csl6713.lib : csl_irq.obj (.cinit)
                  0000a46c    00000004     --HOLE-- [fill = 0]
                  0000a470    0000005c     rts6700.lib : defs.obj (.cinit)
                  0000a4cc    00000004     --HOLE-- [fill = 0]
                  0000a4d0    0000005c                 : lowlev.obj (.cinit)
                  0000a52c    00000004     --HOLE-- [fill = 0]
                  0000a530    00000054     csl6713.lib : csl_mcbsp.obj (.cinit)
                  0000a584    00000004     --HOLE-- [fill = 0]
                  0000a588    00000030     DelaysandEcho.obj (.cinit)
                  0000a5b8    00000030     dsk6713bsl.lib : dsk6713_aic23_registers.obj (.cinit)
                  0000a5e8    0000002c     rts6700.lib : exit.obj (.cinit)
                  0000a614    00000004     --HOLE-- [fill = 0]
                  0000a618    0000002c                 : memory.obj (.cinit)
                  0000a644    00000004     --HOLE-- [fill = 0]
                  0000a648    00000028     dsk6713bsl.lib : dsk6713_aic23_setfreq.obj (.cinit)
                  0000a670    0000001c     rts6700.lib : _lock.obj (.cinit)
                  0000a68c    00000004     --HOLE-- [fill = 0]
                  0000a690    0000000c                 : fopen.obj (.cinit)
                  0000a69c    00000004     --HOLE-- [fill = 0]
                  0000a6a0    00000004     (.pad.cinit) [fill = 0]

.const     0    0000a6a4    000001e0     
                  0000a6a4    00000101     rts6700.lib : ctype.obj (.const:.string:__ctypes_)
                  0000a7a5    00000002                 : fputs.obj (.const:.string)
                  0000a7a7    00000001     --HOLE-- [fill = 0]
                  0000a7a8    00000058     DelaysandEcho.obj (.const:.string)
                  0000a800    00000040     dsk6713bsl.lib : dsk6713_aic23_opencodec.obj (.const)
                  0000a840    00000023     rts6700.lib : _printfi.obj (.const:.string)
                  0000a863    00000001     --HOLE-- [fill = 0]
                  0000a864    00000020     dsk6713bsl.lib : dsk6713.obj (.const)

.cio       0    0000a884    00000120     UNINITIALIZED
                  0000a884    00000120     rts6700.lib : trgmsg.obj (.cio)

.bss       0    0000a9a4    00000008     UNINITIALIZED
                  0000a9a4    00000008     DelaysandEcho.obj (.bss)

.far       0    80000000    0005e20e     UNINITIALIZED
                  80000000    0005dc28     DelaysandEcho.obj (.far)
                  8005dc28    00000324     rts6700.lib : defs.obj (.far)
                  8005df4c    0000011c                 : lowlev.obj (.far)
                  8005e068    000000f4     csl6713.lib : csl_irq.obj (.far)
                  8005e15c    00000038                 : csl_mcbsp.obj (.far)
                  8005e194    00000028     dsk6713bsl.lib : dsk6713_aic23_registers.obj (.far)
                  8005e1bc    00000020                    : dsk6713_aic23_setfreq.obj (.far)
                  8005e1dc    0000000c     rts6700.lib : exit.obj (.far)
                  8005e1e8    00000008     dsk6713bsl.lib : dsk6713_aic23_opencodec.obj (.far)
                  8005e1f0    00000008     rts6700.lib : _lock.obj (.far)
                  8005e1f8    00000008                 : memory.obj (.far)
                  8005e200    00000008                 : trgdrv.obj (.far)
                  8005e208    00000004                 : fopen.obj (.far)
                  8005e20c    00000002     dsk6713bsl.lib : dsk6713.obj (.far)


GLOBAL SYMBOLS: SORTED ALPHABETICALLY BY Name 

address    name
--------   ----
0000a9a4   $bss
0000a9a4   .bss
00000220   .data
00000220   .text
000092e0   C$$EXIT
00008cf8   C$$IO$$
8005e1e8   _DSK6713_AIC23_codeccontrolhandle
8005e1ec   _DSK6713_AIC23_codecdatahandle
00006e20   _DSK6713_AIC23_config
00004560   _DSK6713_AIC23_openCodec
00009140   _DSK6713_AIC23_read
00006dfc   _DSK6713_AIC23_rget
00006d60   _DSK6713_AIC23_rset
000088a0   _DSK6713_AIC23_setFreq
00008fa0   _DSK6713_AIC23_write
000027f8   _DSK6713_getVersion
00002450   _DSK6713_init
00002750   _DSK6713_rget
00002764   _DSK6713_rset
8005e20c   _DSK6713_version
00002778   _DSK6713_wait
000027cc   _DSK6713_waitusec
00007560   _HOSTclose
000066e0   _HOSTlseek
00006ea0   _HOSTopen
000069a0   _HOSTread
00005c40   _HOSTrename
00007660   _HOSTunlink
00006fc0   _HOSTwrite
00007760   _MCBSP_open
00006200   _MCBSP_reset
00007860   _MCBSP_start
0000a884   __CIOBUF_
8005e154   __IRQ_dispatchTable
8005e090   __IRQ_eventTable
00009320   __IRQ_hookFetchPacket
8005e114   __IRQ_intTable
8005e18c   __MCBSP_hDev0
8005e190   __MCBSP_hDev1
00009b40   __STACK_END
00000800   __STACK_SIZE
00000800   __SYSMEM_SIZE
00000001   __TI_args_main
00008d20   ___TI_cpp_init
8005e1e4   ___TI_enable_exit_profile_output
ffffffff   ___TI_pprof_out_hndl
ffffffff   ___TI_prof_data_size
ffffffff   ___TI_prof_data_start
ffffffff   ___binit__
0000a9a4   ___bss__
ffffffff   ___c_args__
0000a340   ___cinit__
00000220   ___data__
00000220   ___edata__
0000a9ac   ___end__
00009340   ___etext__
00009020   ___isinf
ffffffff   ___pinit__
00000220   ___text__
000091e0   __args_main
00007960   __auto_init
00008660   __c6xabi_divu
00007f60   __cleanup
8005e1dc   __cleanup_ptr
00006840   __closefile
0000a6a4   __ctypes_
00000220   __divd
00007b60   __divli
00008660   __divu
00005320   __divul
000034a0   __divull
00008040   __doflush
8005e1e0   __dtors_ptr
00008960   __fixdli
00008da0   __fltlid
00006ae0   __frcmpyd_div
8005df48   __ft_end
8005dc28   __ftable
00008e20   __llshl
00009080   __llshru
8005e1f0   __lock
00008a00   __mpyll
00009260   __negll
00009280   __nop
000015a0   __printfi
00008aa0   __remli
00009340   __stack
000082e0   __strasg
000090e0   __subcull
00009b40   __sys_memory
8005de08   __tmpnams
8005e1f4   __unlock
000070e0   __wrt_ok
000092e0   _abort
00006c20   _atoi
00008ea0   _c_int00
00007200   _close
80000000   _config
00008720   _copy_in
80000028   _delay_array
00002134   _delay_array_clear
0000201c   _delayed_input
000083c0   _exit
00004de0   _fputc
00001b00   _fputs
00003820   _free
00006040   _fseek
00001fc0   _get_delay_time
00007d60   _lseek
00007320   _ltoa
00002270   _main
000057c0   _malloc
00008f20   _memccpy
00005a00   _memcpy
00007440   _memset
00007e60   _printf
00004de0   _putc
0000a9a8   _read
00008b40   _readmsg
00009300   _remove
00005080   _setvbuf
00002194   _switch_status_display
00008be0   _unlink
00009220   _user_switches_read
0000a9a4   _write
00008c80   _writemsg
ffffffff   binit
0000a340   cinit
00000220   edata
0000a9ac   end
00009340   etext
ffffffff   pinit


GLOBAL SYMBOLS: SORTED BY Symbol Address 

address    name
--------   ----
00000001   __TI_args_main
00000220   .data
00000220   .text
00000220   ___data__
00000220   ___edata__
00000220   ___text__
00000220   __divd
00000220   edata
00000800   __STACK_SIZE
00000800   __SYSMEM_SIZE
000015a0   __printfi
00001b00   _fputs
00001fc0   _get_delay_time
0000201c   _delayed_input
00002134   _delay_array_clear
00002194   _switch_status_display
00002270   _main
00002450   _DSK6713_init
00002750   _DSK6713_rget
00002764   _DSK6713_rset
00002778   _DSK6713_wait
000027cc   _DSK6713_waitusec
000027f8   _DSK6713_getVersion
000034a0   __divull
00003820   _free
00004560   _DSK6713_AIC23_openCodec
00004de0   _fputc
00004de0   _putc
00005080   _setvbuf
00005320   __divul
000057c0   _malloc
00005a00   _memcpy
00005c40   _HOSTrename
00006040   _fseek
00006200   _MCBSP_reset
000066e0   _HOSTlseek
00006840   __closefile
000069a0   _HOSTread
00006ae0   __frcmpyd_div
00006c20   _atoi
00006d60   _DSK6713_AIC23_rset
00006dfc   _DSK6713_AIC23_rget
00006e20   _DSK6713_AIC23_config
00006ea0   _HOSTopen
00006fc0   _HOSTwrite
000070e0   __wrt_ok
00007200   _close
00007320   _ltoa
00007440   _memset
00007560   _HOSTclose
00007660   _HOSTunlink
00007760   _MCBSP_open
00007860   _MCBSP_start
00007960   __auto_init
00007b60   __divli
00007d60   _lseek
00007e60   _printf
00007f60   __cleanup
00008040   __doflush
000082e0   __strasg
000083c0   _exit
00008660   __c6xabi_divu
00008660   __divu
00008720   _copy_in
000088a0   _DSK6713_AIC23_setFreq
00008960   __fixdli
00008a00   __mpyll
00008aa0   __remli
00008b40   _readmsg
00008be0   _unlink
00008c80   _writemsg
00008cf8   C$$IO$$
00008d20   ___TI_cpp_init
00008da0   __fltlid
00008e20   __llshl
00008ea0   _c_int00
00008f20   _memccpy
00008fa0   _DSK6713_AIC23_write
00009020   ___isinf
00009080   __llshru
000090e0   __subcull
00009140   _DSK6713_AIC23_read
000091e0   __args_main
00009220   _user_switches_read
00009260   __negll
00009280   __nop
000092e0   C$$EXIT
000092e0   _abort
00009300   _remove
00009320   __IRQ_hookFetchPacket
00009340   ___etext__
00009340   __stack
00009340   etext
00009b40   __STACK_END
00009b40   __sys_memory
0000a340   ___cinit__
0000a340   cinit
0000a6a4   __ctypes_
0000a884   __CIOBUF_
0000a9a4   $bss
0000a9a4   .bss
0000a9a4   ___bss__
0000a9a4   _write
0000a9a8   _read
0000a9ac   ___end__
0000a9ac   end
80000000   _config
80000028   _delay_array
8005dc28   __ftable
8005de08   __tmpnams
8005df48   __ft_end
8005e090   __IRQ_eventTable
8005e114   __IRQ_intTable
8005e154   __IRQ_dispatchTable
8005e18c   __MCBSP_hDev0
8005e190   __MCBSP_hDev1
8005e1dc   __cleanup_ptr
8005e1e0   __dtors_ptr
8005e1e4   ___TI_enable_exit_profile_output
8005e1e8   _DSK6713_AIC23_codeccontrolhandle
8005e1ec   _DSK6713_AIC23_codecdatahandle
8005e1f0   __lock
8005e1f4   __unlock
8005e20c   _DSK6713_version
ffffffff   ___TI_pprof_out_hndl
ffffffff   ___TI_prof_data_size
ffffffff   ___TI_prof_data_start
ffffffff   ___binit__
ffffffff   ___c_args__
ffffffff   ___pinit__
ffffffff   binit
ffffffff   pinit

[132 symbols]
