******************************************************************************
               TMS320C6x Linker PC v7.4.4                      
******************************************************************************
>> Linked Fri Apr 28 14:08:18 2017

OUTPUT FILE NAME:   <dsp2lab3.out>
ENTRY POINT SYMBOL: "_c_int00"  address: 00009100


MEMORY CONFIGURATION

         name            origin    length      used     unused   attr    fill
----------------------  --------  ---------  --------  --------  ----  --------
  vecs                  00000000   00000220  00000200  00000020  RWIX
  IRAM                  00000220   0000ffe0  0000a9c2  0000561e  RWIX
  CE0                   80000000   01000000  00000c6c  00fff394  RWIX


SECTION ALLOCATION MAP

 output                                  attributes/
section   page    origin      length       input sections
--------  ----  ----------  ----------   ----------------
vectors    0    00000000    00000200     
                  00000000    00000200     vectors11.obj (vectors)

.text      0    00000220    000093a0     
                  00000220    00000c40     main.obj (.text)
                  00000e60    000007e0     rts6700.lib : divd.obj (.text:__divd)
                  00001640    000006c0                 : _printfi.obj (.text:__getarg_diouxp)
                  00001d00    000005c0                 : _printfi.obj (.text:__setfield)
                  000022c0    00000580                 : _printfi.obj (.text:__printfi)
                  00002840    00000420                 : _printfi.obj (.text:_fcvt)
                  00002c60    00000400                 : _printfi.obj (.text:_ecvt)
                  00003060    000003e0                 : _printfi.obj (.text:__pproc_fge)
                  00003440    000003c0                 : fputs.obj (.text:_fputs)
                  00003800    00000380                 : imath64.obj (.text:__divull)
                  00003b80    00000380                 : _printfi.obj (.text:__pproc_fwp)
                  00003f00    00000380                 : memory.obj (.text:_free)
                  00004280    00000360                 : _printfi.obj (.text:__pconv_e)
                  000045e0    00000340                 : frcmpyd_div.obj (.text:__frcmpyd_div)
                  00004920    00000320                 : sin.obj (.text:_sin)
                  00004c40    00000300                 : _printfi.obj (.text:__pproc_diouxp)
                  00004f40    000002c0                 : _printfi.obj (.text:__pproc_str)
                  00005200    000002a0                 : _printfi.obj (.text:__pconv_g)
                  000054a0    00000260                 : imath40.obj (.text:__divul)
                  00005700    00000240                 : _printfi.obj (.text:__mcpy)
                  00005940    00000240                 : memory.obj (.text:_malloc)
                  00005b80    00000240                 : memcpy62.obj (.text:_memcpy)
                  00005dc0    00000220                 : trgdrv.obj (.text:_HOSTrename)
                  00005fe0    00000200                 : setvbuf.obj (.text:_setvbuf)
                  000061e0    000001e0                 : lowlev.obj (.text:_getdevice)
                  000063c0    000001c0     csl6713.lib : csl_irq.obj (.text:_IRQ_map)
                  00006580    000001c0     rts6700.lib : _printfi.obj (.text:__ltostr)
                  00006740    000001a0                 : _printfi.obj (.text:__pproc_fflags)
                  000068e0    000001a0                 : fputc.obj (.text:_fputc)
                  00006a80    00000160                 : trgdrv.obj (.text:_HOSTlseek)
                  00006be0    00000160                 : autoinit.obj (.text:__auto_init)
                  00006d40    00000160                 : fclose.obj (.text:_fclose)
                  00006ea0    00000140                 : trgdrv.obj (.text:_HOSTread)
                  00006fe0    00000140                 : _io_perm.obj (.text:__wrt_ok)
                  00007120    00000140                 : atoi.obj (.text:_atoi)
                  00007260    00000140                 : lowlev.obj (.text:_lseek)
                  000073a0    00000140                 : lowlev.obj (.text:_write)
                  000074e0    00000120                 : trgdrv.obj (.text:_HOSTopen)
                  00007600    00000120                 : trgdrv.obj (.text:_HOSTwrite)
                  00007720    00000120                 : fopen.obj (.text:__cleanup)
                  00007840    00000120                 : lowlev.obj (.text:_close)
                  00007960    00000120                 : exit.obj (.text:_exit)
                  00007a80    00000120                 : ltoa.obj (.text:_ltoa)
                  00007ba0    00000120                 : memset.obj (.text:_memset)
                  00007cc0    00000100                 : trgdrv.obj (.text:_HOSTclose)
                  00007dc0    00000100                 : trgdrv.obj (.text:_HOSTunlink)
                  00007ec0    00000100                 : _printfi.obj (.text:__div)
                  00007fc0    00000100                 : imath40.obj (.text:__divli)
                  000080c0    00000100                 : _printfi.obj (.text:__pconv_f)
                  000081c0    00000100                 : fseek.obj (.text:_fseek)
                  000082c0    000000e0                 : fflush.obj (.text:__doflush)
                  000083a0    000000e0                 : _printfi.obj (.text:__ecpy)
                  00008480    000000e0                 : _printfi.obj (.text:__fcpy)
                  00008560    000000e0                 : memory.obj (.text:_minsert)
                  00008640    000000e0                 : memory.obj (.text:_mremove)
                  00008720    000000c0                 : divu.obj (.text:__divu)
                  000087e0    000000c0                 : round.obj (.text:__nround)
                  000088a0    000000c0                 : cpy_tbl.obj (.text:_copy_in)
                  00008960    000000c0                 : lowlev.obj (.text:_finddevice)
                  00008a20    000000c0                 : modf.obj (.text:_modf)
                  00008ae0    000000c0                 : printf.obj (.text:_printf)
                  00008ba0    000000a0                 : fixdli.obj (.text:__fixdli)
                  00008c40    000000a0                 : mpyll.obj (.text:__mpyll)
                  00008ce0    000000a0                 : imath40.obj (.text:__remli)
                  00008d80    000000a0                 : trgmsg.obj (.text:_readmsg)
                  00008e20    000000a0     csl6713.lib : csl_irq.obj (.text:_setMux)
                  00008ec0    000000a0     rts6700.lib : lowlev.obj (.text:_unlink)
                  00008f60    000000a0                 : trgmsg.obj (.text:_writemsg)
                  00009000    00000080                 : fltlid.obj (.text:__fltlid)
                  00009080    00000080                 : llshift.obj (.text:__llshl)
                  00009100    00000080                 : boot.obj (.text:_c_int00)
                  00009180    00000080                 : memccpy.obj (.text:_memccpy)
                  00009200    00000060                 : isinf.obj (.text:___isinf)
                  00009260    00000060                 : llshift.obj (.text:__llshru)
                  000092c0    00000060                 : imath64.obj (.text:__subcull)
                  00009320    00000040     csl6713.lib : csl_irq.obj (.text:_IRQ_enable)
                  00009360    00000040     rts6700.lib : _printfi.obj (.text:___isnan)
                  000093a0    00000040                 : divd.obj (.text:___isnan)
                  000093e0    00000040                 : args_main.obj (.text:__args_main)
                  00009420    00000040                 : trunc.obj (.text:__trunc)
                  00009460    00000020     csl6713.lib : csl_irq.obj (.text:_IRQ_globalDisable)
                  00009480    00000020                 : csl_irq.obj (.text:_IRQ_globalEnable)
                  000094a0    00000020                 : csl_irq.obj (.text:_IRQ_nmiEnable)
                  000094c0    00000020     rts6700.lib : negll.obj (.text:__negll)
                  000094e0    00000020                 : _lock.obj (.text:__nop)
                  00009500    00000020                 : printf.obj (.text:__outc)
                  00009520    00000020                 : printf.obj (.text:__outs)
                  00009540    00000020                 : exit.obj (.text:_abort)
                  00009560    00000020                 : remove.obj (.text:_remove)
                  00009580    00000020     csl6713.lib : csl_irq.obj (.text)
                  000095a0    00000020     main.obj (.text:retain)

.bss       0    00000220    00000000     UNINITIALIZED

.data      0    00000220    00000000     UNINITIALIZED

.stack     0    000095c0    00000800     UNINITIALIZED
                  000095c0    00000008     rts6700.lib : boot.obj (.stack)
                  000095c8    000007f8     --HOLE--

.sysmem    0    00009dc0    00000800     UNINITIALIZED
                  00009dc0    00000008     rts6700.lib : memory.obj (.sysmem)
                  00009dc8    000007f8     --HOLE--

.cinit     0    0000a5c0    000003b4     
                  0000a5c0    0000012c     csl6713.lib : csl_irq.obj (.cinit)
                  0000a6ec    00000004     --HOLE-- [fill = 0]
                  0000a6f0    000000c2     main.obj (.cinit)
                  0000a7b2    00000006     --HOLE-- [fill = 0]
                  0000a7b8    0000005c     rts6700.lib : defs.obj (.cinit)
                  0000a814    00000004     --HOLE-- [fill = 0]
                  0000a818    0000005c                 : lowlev.obj (.cinit)
                  0000a874    00000004     --HOLE-- [fill = 0]
                  0000a878    00000048                 : sin.obj (.cinit)
                  0000a8c0    0000002c                 : exit.obj (.cinit)
                  0000a8ec    00000004     --HOLE-- [fill = 0]
                  0000a8f0    0000002c                 : memory.obj (.cinit)
                  0000a91c    00000004     --HOLE-- [fill = 0]
                  0000a920    0000001c                 : _lock.obj (.cinit)
                  0000a93c    00000004     --HOLE-- [fill = 0]
                  0000a940    00000019     c6xdskinit_pcm.obj (.cinit)
                  0000a959    00000007     --HOLE-- [fill = 0]
                  0000a960    0000000c     rts6700.lib : fopen.obj (.cinit)
                  0000a96c    00000004     --HOLE-- [fill = 0]
                  0000a970    00000004     (.pad.cinit) [fill = 0]

.const     0    0000a974    0000014e     
                  0000a974    00000101     rts6700.lib : ctype.obj (.const:.string:__ctypes_)
                  0000aa75    00000023                 : _printfi.obj (.const:.string)
                  0000aa98    00000020     main.obj (.const:.string)
                  0000aab8    00000008     rts6700.lib : divd.obj (.const:.string:_initial_approx$1)
                  0000aac0    00000002                 : fputs.obj (.const:.string)

.cio       0    0000aac4    00000120     UNINITIALIZED
                  0000aac4    00000120     rts6700.lib : trgmsg.obj (.cio)

.far       0    80000000    00000c6c     UNINITIALIZED
                  80000000    000007da     main.obj (.far)
                  800007da    00000002     --HOLE--
                  800007dc    00000194     rts6700.lib : defs.obj (.far)
                  80000970    000000f4     csl6713.lib : csl_irq.obj (.far)
                  80000a64    000000d0     rts6700.lib : trgdrv.obj (.far)
                  80000b34    000000cc                 : lowlev.obj (.far)
                  80000c00    00000040                 : sin.obj (.far)
                  80000c40    0000000c     c6xdskinit_pcm.obj (.far)
                  80000c4c    0000000c     rts6700.lib : exit.obj (.far)
                  80000c58    00000008                 : _lock.obj (.far)
                  80000c60    00000008                 : memory.obj (.far)
                  80000c68    00000004                 : fopen.obj (.far)


GLOBAL SYMBOLS: SORTED ALPHABETICALLY BY Name 

address    name
--------   ----
00000220   $bss
00000220   .bss
00000220   .data
00000220   .text
00009540   C$$EXIT
00008fd8   C$$IO$$
80000c40   _Act_Fs
00007cc0   _HOSTclose
00006a80   _HOSTlseek
000074e0   _HOSTopen
00006ea0   _HOSTread
00005dc0   _HOSTrename
00007dc0   _HOSTunlink
00007600   _HOSTwrite
00009320   _IRQ_enable
00009460   _IRQ_globalDisable
00009480   _IRQ_globalEnable
000063c0   _IRQ_map
000094a0   _IRQ_nmiEnable
80000758   _Q
0000aac4   __CIOBUF_
80000a5c   __IRQ_dispatchTable
80000998   __IRQ_eventTable
00009580   __IRQ_hookFetchPacket
80000a1c   __IRQ_intTable
00009dc0   __STACK_END
00000800   __STACK_SIZE
00000800   __SYSMEM_SIZE
00000001   __TI_args_main
80000c54   ___TI_enable_exit_profile_output
ffffffff   ___TI_pprof_out_hndl
ffffffff   ___TI_prof_data_size
ffffffff   ___TI_prof_data_start
ffffffff   ___binit__
00000220   ___bss__
ffffffff   ___c_args__
0000a5c0   ___cinit__
00000220   ___data__
00000220   ___edata__
00000220   ___end__
000095c0   ___etext__
00009200   ___isinf
ffffffff   ___pinit__
00000220   ___text__
000093e0   __args_main
00006be0   __auto_init
00008720   __c6xabi_divu
00007720   __cleanup
80000c4c   __cleanup_ptr
0000a974   __ctypes_
00000e60   __divd
00007fc0   __divli
00008720   __divu
000054a0   __divul
00003800   __divull
000082c0   __doflush
80000c50   __dtors_ptr
00008ba0   __fixdli
00009000   __fltlid
000045e0   __frcmpyd_div
8000096c   __ft_end
800007dc   __ftable
00009080   __llshl
00009260   __llshru
80000c58   __lock
00008c40   __mpyll
000094c0   __negll
000094e0   __nop
000087e0   __nround
000022c0   __printfi
00008ce0   __remli
000095c0   __stack
000092c0   __subcull
00009dc0   __sys_memory
800008cc   __tmpnams
00009420   __trunc
80000c5c   __unlock
00006fe0   __wrt_ok
00009540   _abort
00007120   _atoi
00009100   _c_int00
00007840   _close
80000000   _coeff
000088a0   _copy_in
00007960   _exit
80000798   _f_high
80000788   _f_low
00006d40   _fclose
000068e0   _fputc
00003440   _fputs
00003f00   _free
000081c0   _fseek
800005b2   _g1
800005b4   _g2
800007a8   _i
800007b8   _index1
800007bc   _index2
00000dc4   _init_hw_interrupts
800007ac   _j
800007b4   _k
800007c0   _l
00007260   _lseek
00007a80   _ltoa
00000220   _main
00005940   _malloc
800005b6   _max1
800005b8   _max2
80000c48   _mcbspData
00009180   _memccpy
00005b80   _memcpy
00007ba0   _memset
00008a20   _modf
800001ac   _outs
80000c44   _polling
00008ae0   _printf
000068e0   _putc
800007b0   _r
00008d80   _readmsg
00009560   _remove
000095a0   _serial_port_rcv_isr
00005fe0   _setvbuf
00004920   _sin
80000010   _sine_in
800005ac   _t
800005b0   _temp
00008ec0   _unlink
000073a0   _write
00008f60   _writemsg
800005bc   _x
800007c4   _y
800007d4   _y1
800007d6   _y2
800007d8   _y3
ffffffff   binit
0000a5c0   cinit
00000220   edata
00000220   end
000095c0   etext
ffffffff   pinit


GLOBAL SYMBOLS: SORTED BY Symbol Address 

address    name
--------   ----
00000001   __TI_args_main
00000220   $bss
00000220   .bss
00000220   .data
00000220   .text
00000220   ___bss__
00000220   ___data__
00000220   ___edata__
00000220   ___end__
00000220   ___text__
00000220   _main
00000220   edata
00000220   end
00000800   __STACK_SIZE
00000800   __SYSMEM_SIZE
00000dc4   _init_hw_interrupts
00000e60   __divd
000022c0   __printfi
00003440   _fputs
00003800   __divull
00003f00   _free
000045e0   __frcmpyd_div
00004920   _sin
000054a0   __divul
00005940   _malloc
00005b80   _memcpy
00005dc0   _HOSTrename
00005fe0   _setvbuf
000063c0   _IRQ_map
000068e0   _fputc
000068e0   _putc
00006a80   _HOSTlseek
00006be0   __auto_init
00006d40   _fclose
00006ea0   _HOSTread
00006fe0   __wrt_ok
00007120   _atoi
00007260   _lseek
000073a0   _write
000074e0   _HOSTopen
00007600   _HOSTwrite
00007720   __cleanup
00007840   _close
00007960   _exit
00007a80   _ltoa
00007ba0   _memset
00007cc0   _HOSTclose
00007dc0   _HOSTunlink
00007fc0   __divli
000081c0   _fseek
000082c0   __doflush
00008720   __c6xabi_divu
00008720   __divu
000087e0   __nround
000088a0   _copy_in
00008a20   _modf
00008ae0   _printf
00008ba0   __fixdli
00008c40   __mpyll
00008ce0   __remli
00008d80   _readmsg
00008ec0   _unlink
00008f60   _writemsg
00008fd8   C$$IO$$
00009000   __fltlid
00009080   __llshl
00009100   _c_int00
00009180   _memccpy
00009200   ___isinf
00009260   __llshru
000092c0   __subcull
00009320   _IRQ_enable
000093e0   __args_main
00009420   __trunc
00009460   _IRQ_globalDisable
00009480   _IRQ_globalEnable
000094a0   _IRQ_nmiEnable
000094c0   __negll
000094e0   __nop
00009540   C$$EXIT
00009540   _abort
00009560   _remove
00009580   __IRQ_hookFetchPacket
000095a0   _serial_port_rcv_isr
000095c0   ___etext__
000095c0   __stack
000095c0   etext
00009dc0   __STACK_END
00009dc0   __sys_memory
0000a5c0   ___cinit__
0000a5c0   cinit
0000a974   __ctypes_
0000aac4   __CIOBUF_
80000000   _coeff
80000010   _sine_in
800001ac   _outs
800005ac   _t
800005b0   _temp
800005b2   _g1
800005b4   _g2
800005b6   _max1
800005b8   _max2
800005bc   _x
80000758   _Q
80000788   _f_low
80000798   _f_high
800007a8   _i
800007ac   _j
800007b0   _r
800007b4   _k
800007b8   _index1
800007bc   _index2
800007c0   _l
800007c4   _y
800007d4   _y1
800007d6   _y2
800007d8   _y3
800007dc   __ftable
800008cc   __tmpnams
8000096c   __ft_end
80000998   __IRQ_eventTable
80000a1c   __IRQ_intTable
80000a5c   __IRQ_dispatchTable
80000c40   _Act_Fs
80000c44   _polling
80000c48   _mcbspData
80000c4c   __cleanup_ptr
80000c50   __dtors_ptr
80000c54   ___TI_enable_exit_profile_output
80000c58   __lock
80000c5c   __unlock
ffffffff   ___TI_pprof_out_hndl
ffffffff   ___TI_prof_data_size
ffffffff   ___TI_prof_data_start
ffffffff   ___binit__
ffffffff   ___c_args__
ffffffff   ___pinit__
ffffffff   binit
ffffffff   pinit

[139 symbols]
