<?xml version="1.0"?>
<link_info>
   <banner>TMS320C6x Linker PC v7.4.4</banner>
   <copyright>Copyright (c) 1996-2013 Texas Instruments Incorporated</copyright>
   <link_time>0x590322a2</link_time>
   <output_file>dsp2lab3.out</output_file>
   <entry_point>
      <name>_c_int00</name>
      <address>0x9100</address>
   </entry_point>
   <input_file_list>
      <input_file id="fl-2">
         <path>.\</path>
         <kind>object</kind>
         <file>vectors11.obj</file>
         <name>vectors11.obj</name>
      </input_file>
      <input_file id="fl-3">
         <path>.\</path>
         <kind>object</kind>
         <file>main.obj</file>
         <name>main.obj</name>
      </input_file>
      <input_file id="fl-4">
         <path>.\</path>
         <kind>object</kind>
         <file>c6xdskinit_pcm.obj</file>
         <name>c6xdskinit_pcm.obj</name>
      </input_file>
      <input_file id="fl-a">
         <path>C:\Program Files\C6xCSL\lib_3x\</path>
         <kind>archive</kind>
         <file>csl6713.lib</file>
         <name>csl_irq.obj</name>
      </input_file>
      <input_file id="fl-b">
         <path>C:\</path>
         <kind>archive</kind>
         <file>rts6700.lib</file>
         <name>boot.obj</name>
      </input_file>
      <input_file id="fl-c">
         <path>C:\</path>
         <kind>archive</kind>
         <file>rts6700.lib</file>
         <name>exit.obj</name>
      </input_file>
      <input_file id="fl-d">
         <path>C:\</path>
         <kind>archive</kind>
         <file>rts6700.lib</file>
         <name>divd.obj</name>
      </input_file>
      <input_file id="fl-e">
         <path>C:\</path>
         <kind>archive</kind>
         <file>rts6700.lib</file>
         <name>frcmpyd_div.obj</name>
      </input_file>
      <input_file id="fl-f">
         <path>C:\</path>
         <kind>archive</kind>
         <file>rts6700.lib</file>
         <name>sin.obj</name>
      </input_file>
      <input_file id="fl-10">
         <path>C:\</path>
         <kind>archive</kind>
         <file>rts6700.lib</file>
         <name>trunc.obj</name>
      </input_file>
      <input_file id="fl-11">
         <path>C:\</path>
         <kind>archive</kind>
         <file>rts6700.lib</file>
         <name>_lock.obj</name>
      </input_file>
      <input_file id="fl-12">
         <path>C:\</path>
         <kind>archive</kind>
         <file>rts6700.lib</file>
         <name>args_main.obj</name>
      </input_file>
      <input_file id="fl-13">
         <path>C:\</path>
         <kind>archive</kind>
         <file>rts6700.lib</file>
         <name>printf.obj</name>
      </input_file>
      <input_file id="fl-14">
         <path>C:\</path>
         <kind>archive</kind>
         <file>rts6700.lib</file>
         <name>autoinit.obj</name>
      </input_file>
      <input_file id="fl-15">
         <path>C:\</path>
         <kind>archive</kind>
         <file>rts6700.lib</file>
         <name>cpy_tbl.obj</name>
      </input_file>
      <input_file id="fl-16">
         <path>C:\</path>
         <kind>archive</kind>
         <file>rts6700.lib</file>
         <name>memcpy62.obj</name>
      </input_file>
      <input_file id="fl-17">
         <path>C:\</path>
         <kind>archive</kind>
         <file>rts6700.lib</file>
         <name>mpyll.obj</name>
      </input_file>
      <input_file id="fl-18">
         <path>C:\</path>
         <kind>archive</kind>
         <file>rts6700.lib</file>
         <name>modf.obj</name>
      </input_file>
      <input_file id="fl-19">
         <path>C:\</path>
         <kind>archive</kind>
         <file>rts6700.lib</file>
         <name>round.obj</name>
      </input_file>
      <input_file id="fl-1a">
         <path>C:\</path>
         <kind>archive</kind>
         <file>rts6700.lib</file>
         <name>_printfi.obj</name>
      </input_file>
      <input_file id="fl-1b">
         <path>C:\</path>
         <kind>archive</kind>
         <file>rts6700.lib</file>
         <name>atoi.obj</name>
      </input_file>
      <input_file id="fl-1c">
         <path>C:\</path>
         <kind>archive</kind>
         <file>rts6700.lib</file>
         <name>ctype.obj</name>
      </input_file>
      <input_file id="fl-1d">
         <path>C:\</path>
         <kind>archive</kind>
         <file>rts6700.lib</file>
         <name>defs.obj</name>
      </input_file>
      <input_file id="fl-1e">
         <path>C:\</path>
         <kind>archive</kind>
         <file>rts6700.lib</file>
         <name>fputc.obj</name>
      </input_file>
      <input_file id="fl-1f">
         <path>C:\</path>
         <kind>archive</kind>
         <file>rts6700.lib</file>
         <name>fputs.obj</name>
      </input_file>
      <input_file id="fl-20">
         <path>C:\</path>
         <kind>archive</kind>
         <file>rts6700.lib</file>
         <name>lowlev.obj</name>
      </input_file>
      <input_file id="fl-21">
         <path>C:\</path>
         <kind>archive</kind>
         <file>rts6700.lib</file>
         <name>ltoa.obj</name>
      </input_file>
      <input_file id="fl-22">
         <path>C:\</path>
         <kind>archive</kind>
         <file>rts6700.lib</file>
         <name>memccpy.obj</name>
      </input_file>
      <input_file id="fl-23">
         <path>C:\</path>
         <kind>archive</kind>
         <file>rts6700.lib</file>
         <name>trgdrv.obj</name>
      </input_file>
      <input_file id="fl-24">
         <path>C:\</path>
         <kind>archive</kind>
         <file>rts6700.lib</file>
         <name>divu.obj</name>
      </input_file>
      <input_file id="fl-25">
         <path>C:\</path>
         <kind>archive</kind>
         <file>rts6700.lib</file>
         <name>imath40.obj</name>
      </input_file>
      <input_file id="fl-26">
         <path>C:\</path>
         <kind>archive</kind>
         <file>rts6700.lib</file>
         <name>imath64.obj</name>
      </input_file>
      <input_file id="fl-27">
         <path>C:\</path>
         <kind>archive</kind>
         <file>rts6700.lib</file>
         <name>llshift.obj</name>
      </input_file>
      <input_file id="fl-28">
         <path>C:\</path>
         <kind>archive</kind>
         <file>rts6700.lib</file>
         <name>memset.obj</name>
      </input_file>
      <input_file id="fl-29">
         <path>C:\</path>
         <kind>archive</kind>
         <file>rts6700.lib</file>
         <name>negll.obj</name>
      </input_file>
      <input_file id="fl-2a">
         <path>C:\</path>
         <kind>archive</kind>
         <file>rts6700.lib</file>
         <name>trgmsg.obj</name>
      </input_file>
      <input_file id="fl-2b">
         <path>C:\</path>
         <kind>archive</kind>
         <file>rts6700.lib</file>
         <name>fixdli.obj</name>
      </input_file>
      <input_file id="fl-2c">
         <path>C:\</path>
         <kind>archive</kind>
         <file>rts6700.lib</file>
         <name>fltlid.obj</name>
      </input_file>
      <input_file id="fl-2d">
         <path>C:\</path>
         <kind>archive</kind>
         <file>rts6700.lib</file>
         <name>isinf.obj</name>
      </input_file>
      <input_file id="fl-2e">
         <path>C:\</path>
         <kind>archive</kind>
         <file>rts6700.lib</file>
         <name>_io_perm.obj</name>
      </input_file>
      <input_file id="fl-2f">
         <path>C:\</path>
         <kind>archive</kind>
         <file>rts6700.lib</file>
         <name>abs.obj</name>
      </input_file>
      <input_file id="fl-30">
         <path>C:\</path>
         <kind>archive</kind>
         <file>rts6700.lib</file>
         <name>fflush.obj</name>
      </input_file>
      <input_file id="fl-31">
         <path>C:\</path>
         <kind>archive</kind>
         <file>rts6700.lib</file>
         <name>fseek.obj</name>
      </input_file>
      <input_file id="fl-32">
         <path>C:\</path>
         <kind>archive</kind>
         <file>rts6700.lib</file>
         <name>setvbuf.obj</name>
      </input_file>
      <input_file id="fl-33">
         <path>C:\</path>
         <kind>archive</kind>
         <file>rts6700.lib</file>
         <name>memory.obj</name>
      </input_file>
      <input_file id="fl-34">
         <path>C:\</path>
         <kind>archive</kind>
         <file>rts6700.lib</file>
         <name>fopen.obj</name>
      </input_file>
      <input_file id="fl-35">
         <path>C:\</path>
         <kind>archive</kind>
         <file>rts6700.lib</file>
         <name>fclose.obj</name>
      </input_file>
      <input_file id="fl-36">
         <path>C:\</path>
         <kind>archive</kind>
         <file>rts6700.lib</file>
         <name>remove.obj</name>
      </input_file>
   </input_file_list>
   <object_component_list>
      <object_component id="oc-f">
         <name>vectors</name>
         <load_address>0x0</load_address>
         <run_address>0x0</run_address>
         <size>0x200</size>
         <input_file_ref idref="fl-2"/>
      </object_component>
      <object_component id="oc-22">
         <name>.cinit</name>
         <load_address>0xa5c0</load_address>
         <run_address>0xa5c0</run_address>
         <size>0x12c</size>
         <input_file_ref idref="fl-a"/>
      </object_component>
      <object_component id="oc-14">
         <name>.cinit</name>
         <load_address>0xa6f0</load_address>
         <run_address>0xa6f0</run_address>
         <size>0xc2</size>
         <input_file_ref idref="fl-3"/>
      </object_component>
      <object_component id="oc-65">
         <name>.cinit</name>
         <load_address>0xa7b8</load_address>
         <run_address>0xa7b8</run_address>
         <size>0x5c</size>
         <input_file_ref idref="fl-1d"/>
      </object_component>
      <object_component id="oc-70">
         <name>.cinit</name>
         <load_address>0xa818</load_address>
         <run_address>0xa818</run_address>
         <size>0x5c</size>
         <input_file_ref idref="fl-20"/>
      </object_component>
      <object_component id="oc-37">
         <name>.cinit</name>
         <load_address>0xa878</load_address>
         <run_address>0xa878</run_address>
         <size>0x48</size>
         <input_file_ref idref="fl-f"/>
      </object_component>
      <object_component id="oc-2c">
         <name>.cinit</name>
         <load_address>0xa8c0</load_address>
         <run_address>0xa8c0</run_address>
         <size>0x2c</size>
         <input_file_ref idref="fl-c"/>
      </object_component>
      <object_component id="oc-ad">
         <name>.cinit</name>
         <load_address>0xa8f0</load_address>
         <run_address>0xa8f0</run_address>
         <size>0x2c</size>
         <input_file_ref idref="fl-33"/>
      </object_component>
      <object_component id="oc-3f">
         <name>.cinit</name>
         <load_address>0xa920</load_address>
         <run_address>0xa920</run_address>
         <size>0x1c</size>
         <input_file_ref idref="fl-11"/>
      </object_component>
      <object_component id="oc-1c">
         <name>.cinit</name>
         <load_address>0xa940</load_address>
         <run_address>0xa940</run_address>
         <size>0x19</size>
         <input_file_ref idref="fl-4"/>
      </object_component>
      <object_component id="oc-b3">
         <name>.cinit</name>
         <load_address>0xa960</load_address>
         <run_address>0xa960</run_address>
         <size>0xc</size>
         <input_file_ref idref="fl-34"/>
      </object_component>
      <object_component id="oc-ca">
         <name>.text</name>
         <load_address>0x220</load_address>
         <run_address>0x220</run_address>
         <size>0xc40</size>
         <input_file_ref idref="fl-3"/>
      </object_component>
      <object_component id="oc-ce">
         <name>.text:__divd</name>
         <load_address>0xe60</load_address>
         <run_address>0xe60</run_address>
         <size>0x7e0</size>
         <input_file_ref idref="fl-d"/>
      </object_component>
      <object_component id="oc-f7">
         <name>.text:__getarg_diouxp</name>
         <load_address>0x1640</load_address>
         <run_address>0x1640</run_address>
         <size>0x6c0</size>
         <input_file_ref idref="fl-1a"/>
      </object_component>
      <object_component id="oc-e5">
         <name>.text:__setfield</name>
         <load_address>0x1d00</load_address>
         <run_address>0x1d00</run_address>
         <size>0x5c0</size>
         <input_file_ref idref="fl-1a"/>
      </object_component>
      <object_component id="oc-de">
         <name>.text:__printfi</name>
         <load_address>0x22c0</load_address>
         <run_address>0x22c0</run_address>
         <size>0x580</size>
         <input_file_ref idref="fl-1a"/>
      </object_component>
      <object_component id="oc-101">
         <name>.text:_fcvt</name>
         <load_address>0x2840</load_address>
         <run_address>0x2840</run_address>
         <size>0x420</size>
         <input_file_ref idref="fl-1a"/>
      </object_component>
      <object_component id="oc-fe">
         <name>.text:_ecvt</name>
         <load_address>0x2c60</load_address>
         <run_address>0x2c60</run_address>
         <size>0x400</size>
         <input_file_ref idref="fl-1a"/>
      </object_component>
      <object_component id="oc-ec">
         <name>.text:__pproc_fge</name>
         <load_address>0x3060</load_address>
         <run_address>0x3060</run_address>
         <size>0x3e0</size>
         <input_file_ref idref="fl-1a"/>
      </object_component>
      <object_component id="oc-e1">
         <name>.text:_fputs</name>
         <load_address>0x3440</load_address>
         <run_address>0x3440</run_address>
         <size>0x3c0</size>
         <input_file_ref idref="fl-1f"/>
      </object_component>
      <object_component id="oc-10c">
         <name>.text:__divull</name>
         <load_address>0x3800</load_address>
         <run_address>0x3800</run_address>
         <size>0x380</size>
         <input_file_ref idref="fl-26"/>
      </object_component>
      <object_component id="oc-e4">
         <name>.text:__pproc_fwp</name>
         <load_address>0x3b80</load_address>
         <run_address>0x3b80</run_address>
         <size>0x380</size>
         <input_file_ref idref="fl-1a"/>
      </object_component>
      <object_component id="oc-fb">
         <name>.text:_free</name>
         <load_address>0x3f00</load_address>
         <run_address>0x3f00</run_address>
         <size>0x380</size>
         <input_file_ref idref="fl-33"/>
      </object_component>
      <object_component id="oc-f6">
         <name>.text:__pconv_e</name>
         <load_address>0x4280</load_address>
         <run_address>0x4280</run_address>
         <size>0x360</size>
         <input_file_ref idref="fl-1a"/>
      </object_component>
      <object_component id="oc-d8">
         <name>.text:__frcmpyd_div</name>
         <load_address>0x45e0</load_address>
         <run_address>0x45e0</run_address>
         <size>0x340</size>
         <input_file_ref idref="fl-e"/>
      </object_component>
      <object_component id="oc-cf">
         <name>.text:_sin</name>
         <load_address>0x4920</load_address>
         <run_address>0x4920</run_address>
         <size>0x320</size>
         <input_file_ref idref="fl-f"/>
      </object_component>
      <object_component id="oc-ed">
         <name>.text:__pproc_diouxp</name>
         <load_address>0x4c40</load_address>
         <run_address>0x4c40</run_address>
         <size>0x300</size>
         <input_file_ref idref="fl-1a"/>
      </object_component>
      <object_component id="oc-e6">
         <name>.text:__pproc_str</name>
         <load_address>0x4f40</load_address>
         <run_address>0x4f40</run_address>
         <size>0x2c0</size>
         <input_file_ref idref="fl-1a"/>
      </object_component>
      <object_component id="oc-f4">
         <name>.text:__pconv_g</name>
         <load_address>0x5200</load_address>
         <run_address>0x5200</run_address>
         <size>0x2a0</size>
         <input_file_ref idref="fl-1a"/>
      </object_component>
      <object_component id="oc-10b">
         <name>.text:__divul</name>
         <load_address>0x54a0</load_address>
         <run_address>0x54a0</run_address>
         <size>0x260</size>
         <input_file_ref idref="fl-25"/>
      </object_component>
      <object_component id="oc-100">
         <name>.text:__mcpy</name>
         <load_address>0x5700</load_address>
         <run_address>0x5700</run_address>
         <size>0x240</size>
         <input_file_ref idref="fl-1a"/>
      </object_component>
      <object_component id="oc-fc">
         <name>.text:_malloc</name>
         <load_address>0x5940</load_address>
         <run_address>0x5940</run_address>
         <size>0x240</size>
         <input_file_ref idref="fl-33"/>
      </object_component>
      <object_component id="oc-c9">
         <name>.text:_memcpy</name>
         <load_address>0x5b80</load_address>
         <run_address>0x5b80</run_address>
         <size>0x240</size>
         <input_file_ref idref="fl-16"/>
      </object_component>
      <object_component id="oc-c7">
         <name>.text:_HOSTrename</name>
         <load_address>0x5dc0</load_address>
         <run_address>0x5dc0</run_address>
         <size>0x220</size>
         <input_file_ref idref="fl-23"/>
      </object_component>
      <object_component id="oc-f0">
         <name>.text:_setvbuf</name>
         <load_address>0x5fe0</load_address>
         <run_address>0x5fe0</run_address>
         <size>0x200</size>
         <input_file_ref idref="fl-32"/>
      </object_component>
      <object_component id="oc-115">
         <name>.text:_getdevice</name>
         <load_address>0x61e0</load_address>
         <run_address>0x61e0</run_address>
         <size>0x1e0</size>
         <input_file_ref idref="fl-20"/>
      </object_component>
      <object_component id="oc-d3">
         <name>.text:_IRQ_map</name>
         <load_address>0x63c0</load_address>
         <run_address>0x63c0</run_address>
         <size>0x1c0</size>
         <input_file_ref idref="fl-a"/>
      </object_component>
      <object_component id="oc-f9">
         <name>.text:__ltostr</name>
         <load_address>0x6580</load_address>
         <run_address>0x6580</run_address>
         <size>0x1c0</size>
         <input_file_ref idref="fl-1a"/>
      </object_component>
      <object_component id="oc-e3">
         <name>.text:__pproc_fflags</name>
         <load_address>0x6740</load_address>
         <run_address>0x6740</run_address>
         <size>0x1a0</size>
         <input_file_ref idref="fl-1a"/>
      </object_component>
      <object_component id="oc-e2">
         <name>.text:_fputc</name>
         <load_address>0x68e0</load_address>
         <run_address>0x68e0</run_address>
         <size>0x1a0</size>
         <input_file_ref idref="fl-1e"/>
      </object_component>
      <object_component id="oc-c5">
         <name>.text:_HOSTlseek</name>
         <load_address>0x6a80</load_address>
         <run_address>0x6a80</run_address>
         <size>0x160</size>
         <input_file_ref idref="fl-23"/>
      </object_component>
      <object_component id="oc-bd">
         <name>.text:__auto_init</name>
         <load_address>0x6be0</load_address>
         <run_address>0x6be0</run_address>
         <size>0x160</size>
         <input_file_ref idref="fl-14"/>
      </object_component>
      <object_component id="oc-106">
         <name>.text:_fclose</name>
         <load_address>0x6d40</load_address>
         <run_address>0x6d40</run_address>
         <size>0x160</size>
         <input_file_ref idref="fl-35"/>
      </object_component>
      <object_component id="oc-c3">
         <name>.text:_HOSTread</name>
         <load_address>0x6ea0</load_address>
         <run_address>0x6ea0</run_address>
         <size>0x140</size>
         <input_file_ref idref="fl-23"/>
      </object_component>
      <object_component id="oc-e7">
         <name>.text:__wrt_ok</name>
         <load_address>0x6fe0</load_address>
         <run_address>0x6fe0</run_address>
         <size>0x140</size>
         <input_file_ref idref="fl-2e"/>
      </object_component>
      <object_component id="oc-eb">
         <name>.text:_atoi</name>
         <load_address>0x7120</load_address>
         <run_address>0x7120</run_address>
         <size>0x140</size>
         <input_file_ref idref="fl-1b"/>
      </object_component>
      <object_component id="oc-fa">
         <name>.text:_lseek</name>
         <load_address>0x7260</load_address>
         <run_address>0x7260</run_address>
         <size>0x140</size>
         <input_file_ref idref="fl-20"/>
      </object_component>
      <object_component id="oc-e9">
         <name>.text:_write</name>
         <load_address>0x73a0</load_address>
         <run_address>0x73a0</run_address>
         <size>0x140</size>
         <input_file_ref idref="fl-20"/>
      </object_component>
      <object_component id="oc-c1">
         <name>.text:_HOSTopen</name>
         <load_address>0x74e0</load_address>
         <run_address>0x74e0</run_address>
         <size>0x120</size>
         <input_file_ref idref="fl-23"/>
      </object_component>
      <object_component id="oc-c4">
         <name>.text:_HOSTwrite</name>
         <load_address>0x7600</load_address>
         <run_address>0x7600</run_address>
         <size>0x120</size>
         <input_file_ref idref="fl-23"/>
      </object_component>
      <object_component id="oc-fd">
         <name>.text:__cleanup</name>
         <load_address>0x7720</load_address>
         <run_address>0x7720</run_address>
         <size>0x120</size>
         <input_file_ref idref="fl-34"/>
      </object_component>
      <object_component id="oc-10d">
         <name>.text:_close</name>
         <load_address>0x7840</load_address>
         <run_address>0x7840</run_address>
         <size>0x120</size>
         <input_file_ref idref="fl-20"/>
      </object_component>
      <object_component id="oc-bf">
         <name>.text:_exit</name>
         <load_address>0x7960</load_address>
         <run_address>0x7960</run_address>
         <size>0x120</size>
         <input_file_ref idref="fl-c"/>
      </object_component>
      <object_component id="oc-108">
         <name>.text:_ltoa</name>
         <load_address>0x7a80</load_address>
         <run_address>0x7a80</run_address>
         <size>0x120</size>
         <input_file_ref idref="fl-21"/>
      </object_component>
      <object_component id="oc-ea">
         <name>.text:_memset</name>
         <load_address>0x7ba0</load_address>
         <run_address>0x7ba0</run_address>
         <size>0x120</size>
         <input_file_ref idref="fl-28"/>
      </object_component>
      <object_component id="oc-c2">
         <name>.text:_HOSTclose</name>
         <load_address>0x7cc0</load_address>
         <run_address>0x7cc0</run_address>
         <size>0x100</size>
         <input_file_ref idref="fl-23"/>
      </object_component>
      <object_component id="oc-c6">
         <name>.text:_HOSTunlink</name>
         <load_address>0x7dc0</load_address>
         <run_address>0x7dc0</run_address>
         <size>0x100</size>
         <input_file_ref idref="fl-23"/>
      </object_component>
      <object_component id="oc-103">
         <name>.text:__div</name>
         <load_address>0x7ec0</load_address>
         <run_address>0x7ec0</run_address>
         <size>0x100</size>
         <input_file_ref idref="fl-1a"/>
      </object_component>
      <object_component id="oc-110">
         <name>.text:__divli</name>
         <load_address>0x7fc0</load_address>
         <run_address>0x7fc0</run_address>
         <size>0x100</size>
         <input_file_ref idref="fl-25"/>
      </object_component>
      <object_component id="oc-f5">
         <name>.text:__pconv_f</name>
         <load_address>0x80c0</load_address>
         <run_address>0x80c0</run_address>
         <size>0x100</size>
         <input_file_ref idref="fl-1a"/>
      </object_component>
      <object_component id="oc-ef">
         <name>.text:_fseek</name>
         <load_address>0x81c0</load_address>
         <run_address>0x81c0</run_address>
         <size>0x100</size>
         <input_file_ref idref="fl-31"/>
      </object_component>
      <object_component id="oc-e8">
         <name>.text:__doflush</name>
         <load_address>0x82c0</load_address>
         <run_address>0x82c0</run_address>
         <size>0xe0</size>
         <input_file_ref idref="fl-30"/>
      </object_component>
      <object_component id="oc-ff">
         <name>.text:__ecpy</name>
         <load_address>0x83a0</load_address>
         <run_address>0x83a0</run_address>
         <size>0xe0</size>
         <input_file_ref idref="fl-1a"/>
      </object_component>
      <object_component id="oc-102">
         <name>.text:__fcpy</name>
         <load_address>0x8480</load_address>
         <run_address>0x8480</run_address>
         <size>0xe0</size>
         <input_file_ref idref="fl-1a"/>
      </object_component>
      <object_component id="oc-105">
         <name>.text:_minsert</name>
         <load_address>0x8560</load_address>
         <run_address>0x8560</run_address>
         <size>0xe0</size>
         <input_file_ref idref="fl-33"/>
      </object_component>
      <object_component id="oc-104">
         <name>.text:_mremove</name>
         <load_address>0x8640</load_address>
         <run_address>0x8640</run_address>
         <size>0xe0</size>
         <input_file_ref idref="fl-33"/>
      </object_component>
      <object_component id="oc-10a">
         <name>.text:__divu</name>
         <load_address>0x8720</load_address>
         <run_address>0x8720</run_address>
         <size>0xc0</size>
         <input_file_ref idref="fl-24"/>
      </object_component>
      <object_component id="oc-da">
         <name>.text:__nround</name>
         <load_address>0x87e0</load_address>
         <run_address>0x87e0</run_address>
         <size>0xc0</size>
         <input_file_ref idref="fl-19"/>
      </object_component>
      <object_component id="oc-c8">
         <name>.text:_copy_in</name>
         <load_address>0x88a0</load_address>
         <run_address>0x88a0</run_address>
         <size>0xc0</size>
         <input_file_ref idref="fl-15"/>
      </object_component>
      <object_component id="oc-116">
         <name>.text:_finddevice</name>
         <load_address>0x8960</load_address>
         <run_address>0x8960</run_address>
         <size>0xc0</size>
         <input_file_ref idref="fl-20"/>
      </object_component>
      <object_component id="oc-db">
         <name>.text:_modf</name>
         <load_address>0x8a20</load_address>
         <run_address>0x8a20</run_address>
         <size>0xc0</size>
         <input_file_ref idref="fl-18"/>
      </object_component>
      <object_component id="oc-d0">
         <name>.text:_printf</name>
         <load_address>0x8ae0</load_address>
         <run_address>0x8ae0</run_address>
         <size>0xc0</size>
         <input_file_ref idref="fl-13"/>
      </object_component>
      <object_component id="oc-107">
         <name>.text:__fixdli</name>
         <load_address>0x8ba0</load_address>
         <run_address>0x8ba0</run_address>
         <size>0xa0</size>
         <input_file_ref idref="fl-2b"/>
      </object_component>
      <object_component id="oc-e0">
         <name>.text:__mpyll</name>
         <load_address>0x8c40</load_address>
         <run_address>0x8c40</run_address>
         <size>0xa0</size>
         <input_file_ref idref="fl-17"/>
      </object_component>
      <object_component id="oc-10f">
         <name>.text:__remli</name>
         <load_address>0x8ce0</load_address>
         <run_address>0x8ce0</run_address>
         <size>0xa0</size>
         <input_file_ref idref="fl-25"/>
      </object_component>
      <object_component id="oc-cd">
         <name>.text:_readmsg</name>
         <load_address>0x8d80</load_address>
         <run_address>0x8d80</run_address>
         <size>0xa0</size>
         <input_file_ref idref="fl-2a"/>
      </object_component>
      <object_component id="oc-df">
         <name>.text:_setMux</name>
         <load_address>0x8e20</load_address>
         <run_address>0x8e20</run_address>
         <size>0xa0</size>
         <input_file_ref idref="fl-a"/>
      </object_component>
      <object_component id="oc-114">
         <name>.text:_unlink</name>
         <load_address>0x8ec0</load_address>
         <run_address>0x8ec0</run_address>
         <size>0xa0</size>
         <input_file_ref idref="fl-20"/>
      </object_component>
      <object_component id="oc-cc">
         <name>.text:_writemsg</name>
         <load_address>0x8f60</load_address>
         <run_address>0x8f60</run_address>
         <size>0xa0</size>
         <input_file_ref idref="fl-2a"/>
      </object_component>
      <object_component id="oc-109">
         <name>.text:__fltlid</name>
         <load_address>0x9000</load_address>
         <run_address>0x9000</run_address>
         <size>0x80</size>
         <input_file_ref idref="fl-2c"/>
      </object_component>
      <object_component id="oc-111">
         <name>.text:__llshl</name>
         <load_address>0x9080</load_address>
         <run_address>0x9080</run_address>
         <size>0x80</size>
         <input_file_ref idref="fl-27"/>
      </object_component>
      <object_component id="oc-e">
         <name>.text:_c_int00</name>
         <load_address>0x9100</load_address>
         <run_address>0x9100</run_address>
         <size>0x80</size>
         <input_file_ref idref="fl-b"/>
      </object_component>
      <object_component id="oc-ee">
         <name>.text:_memccpy</name>
         <load_address>0x9180</load_address>
         <run_address>0x9180</run_address>
         <size>0x80</size>
         <input_file_ref idref="fl-22"/>
      </object_component>
      <object_component id="oc-f3">
         <name>.text:___isinf</name>
         <load_address>0x9200</load_address>
         <run_address>0x9200</run_address>
         <size>0x60</size>
         <input_file_ref idref="fl-2d"/>
      </object_component>
      <object_component id="oc-113">
         <name>.text:__llshru</name>
         <load_address>0x9260</load_address>
         <run_address>0x9260</run_address>
         <size>0x60</size>
         <input_file_ref idref="fl-27"/>
      </object_component>
      <object_component id="oc-112">
         <name>.text:__subcull</name>
         <load_address>0x92c0</load_address>
         <run_address>0x92c0</run_address>
         <size>0x60</size>
         <input_file_ref idref="fl-26"/>
      </object_component>
      <object_component id="oc-d4">
         <name>.text:_IRQ_enable</name>
         <load_address>0x9320</load_address>
         <run_address>0x9320</run_address>
         <size>0x40</size>
         <input_file_ref idref="fl-a"/>
      </object_component>
      <object_component id="oc-f2">
         <name>.text:___isnan</name>
         <load_address>0x9360</load_address>
         <run_address>0x9360</run_address>
         <size>0x40</size>
         <input_file_ref idref="fl-1a"/>
      </object_component>
      <object_component id="oc-d6">
         <name>.text:___isnan</name>
         <load_address>0x93a0</load_address>
         <run_address>0x93a0</run_address>
         <size>0x40</size>
         <input_file_ref idref="fl-d"/>
      </object_component>
      <object_component id="oc-be">
         <name>.text:__args_main</name>
         <load_address>0x93e0</load_address>
         <run_address>0x93e0</run_address>
         <size>0x40</size>
         <input_file_ref idref="fl-12"/>
      </object_component>
      <object_component id="oc-d9">
         <name>.text:__trunc</name>
         <load_address>0x9420</load_address>
         <run_address>0x9420</run_address>
         <size>0x40</size>
         <input_file_ref idref="fl-10"/>
      </object_component>
      <object_component id="oc-d1">
         <name>.text:_IRQ_globalDisable</name>
         <load_address>0x9460</load_address>
         <run_address>0x9460</run_address>
         <size>0x20</size>
         <input_file_ref idref="fl-a"/>
      </object_component>
      <object_component id="oc-d5">
         <name>.text:_IRQ_globalEnable</name>
         <load_address>0x9480</load_address>
         <run_address>0x9480</run_address>
         <size>0x20</size>
         <input_file_ref idref="fl-a"/>
      </object_component>
      <object_component id="oc-d2">
         <name>.text:_IRQ_nmiEnable</name>
         <load_address>0x94a0</load_address>
         <run_address>0x94a0</run_address>
         <size>0x20</size>
         <input_file_ref idref="fl-a"/>
      </object_component>
      <object_component id="oc-f8">
         <name>.text:__negll</name>
         <load_address>0x94c0</load_address>
         <run_address>0x94c0</run_address>
         <size>0x20</size>
         <input_file_ref idref="fl-29"/>
      </object_component>
      <object_component id="oc-c0">
         <name>.text:__nop</name>
         <load_address>0x94e0</load_address>
         <run_address>0x94e0</run_address>
         <size>0x20</size>
         <input_file_ref idref="fl-11"/>
      </object_component>
      <object_component id="oc-dd">
         <name>.text:__outc</name>
         <load_address>0x9500</load_address>
         <run_address>0x9500</run_address>
         <size>0x20</size>
         <input_file_ref idref="fl-13"/>
      </object_component>
      <object_component id="oc-dc">
         <name>.text:__outs</name>
         <load_address>0x9520</load_address>
         <run_address>0x9520</run_address>
         <size>0x20</size>
         <input_file_ref idref="fl-13"/>
      </object_component>
      <object_component id="oc-cb">
         <name>.text:_abort</name>
         <load_address>0x9540</load_address>
         <run_address>0x9540</run_address>
         <size>0x20</size>
         <input_file_ref idref="fl-c"/>
      </object_component>
      <object_component id="oc-10e">
         <name>.text:_remove</name>
         <load_address>0x9560</load_address>
         <run_address>0x9560</run_address>
         <size>0x20</size>
         <input_file_ref idref="fl-36"/>
      </object_component>
      <object_component id="oc-21">
         <name>.text</name>
         <load_address>0x9580</load_address>
         <run_address>0x9580</run_address>
         <size>0x20</size>
         <input_file_ref idref="fl-a"/>
      </object_component>
      <object_component id="oc-16">
         <name>.text:retain</name>
         <load_address>0x95a0</load_address>
         <run_address>0x95a0</run_address>
         <size>0x20</size>
         <input_file_ref idref="fl-3"/>
      </object_component>
      <object_component id="oc-28">
         <name>.stack</name>
         <uninitialized>true</uninitialized>
         <run_address>0x95c0</run_address>
         <size>0x8</size>
         <input_file_ref idref="fl-b"/>
      </object_component>
      <object_component id="oc-12c">
         <name>.stack</name>
         <uninitialized>true</uninitialized>
         <run_address>0x95c0</run_address>
         <size>0x0</size>
      </object_component>
      <object_component id="oc-f1">
         <name>.const:.string:__ctypes_</name>
         <load_address>0xa974</load_address>
         <run_address>0xa974</run_address>
         <size>0x101</size>
         <input_file_ref idref="fl-1c"/>
      </object_component>
      <object_component id="oc-5c">
         <name>.const:.string</name>
         <load_address>0xaa75</load_address>
         <run_address>0xaa75</run_address>
         <size>0x23</size>
         <input_file_ref idref="fl-1a"/>
      </object_component>
      <object_component id="oc-17">
         <name>.const:.string</name>
         <load_address>0xaa98</load_address>
         <run_address>0xaa98</run_address>
         <size>0x20</size>
         <input_file_ref idref="fl-3"/>
      </object_component>
      <object_component id="oc-d7">
         <name>.const:.string:_initial_approx$1</name>
         <load_address>0xaab8</load_address>
         <run_address>0xaab8</run_address>
         <size>0x8</size>
         <input_file_ref idref="fl-d"/>
      </object_component>
      <object_component id="oc-6c">
         <name>.const:.string</name>
         <load_address>0xaac0</load_address>
         <run_address>0xaac0</run_address>
         <size>0x2</size>
         <input_file_ref idref="fl-1f"/>
      </object_component>
      <object_component id="oc-15">
         <name>.far</name>
         <uninitialized>true</uninitialized>
         <run_address>0x80000000</run_address>
         <size>0x7da</size>
         <input_file_ref idref="fl-3"/>
      </object_component>
      <object_component id="oc-1d">
         <name>.far</name>
         <uninitialized>true</uninitialized>
         <run_address>0x80000c40</run_address>
         <size>0xc</size>
         <input_file_ref idref="fl-4"/>
      </object_component>
      <object_component id="oc-23">
         <name>.far</name>
         <uninitialized>true</uninitialized>
         <run_address>0x80000970</run_address>
         <size>0xf4</size>
         <input_file_ref idref="fl-a"/>
      </object_component>
      <object_component id="oc-2d">
         <name>.far</name>
         <uninitialized>true</uninitialized>
         <run_address>0x80000c4c</run_address>
         <size>0xc</size>
         <input_file_ref idref="fl-c"/>
      </object_component>
      <object_component id="oc-38">
         <name>.far</name>
         <uninitialized>true</uninitialized>
         <run_address>0x80000c00</run_address>
         <size>0x40</size>
         <input_file_ref idref="fl-f"/>
      </object_component>
      <object_component id="oc-40">
         <name>.far</name>
         <uninitialized>true</uninitialized>
         <run_address>0x80000c58</run_address>
         <size>0x8</size>
         <input_file_ref idref="fl-11"/>
      </object_component>
      <object_component id="oc-66">
         <name>.far</name>
         <uninitialized>true</uninitialized>
         <run_address>0x800007dc</run_address>
         <size>0x194</size>
         <input_file_ref idref="fl-1d"/>
      </object_component>
      <object_component id="oc-71">
         <name>.far</name>
         <uninitialized>true</uninitialized>
         <run_address>0x80000b34</run_address>
         <size>0xcc</size>
         <input_file_ref idref="fl-20"/>
      </object_component>
      <object_component id="oc-7b">
         <name>.far</name>
         <uninitialized>true</uninitialized>
         <run_address>0x80000a64</run_address>
         <size>0xd0</size>
         <input_file_ref idref="fl-23"/>
      </object_component>
      <object_component id="oc-ae">
         <name>.far</name>
         <uninitialized>true</uninitialized>
         <run_address>0x80000c60</run_address>
         <size>0x8</size>
         <input_file_ref idref="fl-33"/>
      </object_component>
      <object_component id="oc-b4">
         <name>.far</name>
         <uninitialized>true</uninitialized>
         <run_address>0x80000c68</run_address>
         <size>0x4</size>
         <input_file_ref idref="fl-34"/>
      </object_component>
      <object_component id="oc-af">
         <name>.sysmem</name>
         <uninitialized>true</uninitialized>
         <run_address>0x9dc0</run_address>
         <size>0x8</size>
         <input_file_ref idref="fl-33"/>
      </object_component>
      <object_component id="oc-12d">
         <name>.sysmem</name>
         <uninitialized>true</uninitialized>
         <run_address>0x9dc0</run_address>
         <size>0x0</size>
      </object_component>
      <object_component id="oc-91">
         <name>.cio</name>
         <uninitialized>true</uninitialized>
         <run_address>0xaac4</run_address>
         <size>0x120</size>
         <input_file_ref idref="fl-2a"/>
      </object_component>
      <object_component id="oc-10">
         <name>.debug_info</name>
         <load_address>0x0</load_address>
         <run_address>0x0</run_address>
         <size>0xdf</size>
         <input_file_ref idref="fl-2"/>
      </object_component>
      <object_component id="oc-13">
         <name>.debug_info</name>
         <load_address>0xdf</load_address>
         <run_address>0xdf</run_address>
         <size>0xd3d</size>
         <input_file_ref idref="fl-3"/>
      </object_component>
      <object_component id="oc-1b">
         <name>.debug_info</name>
         <load_address>0xe1c</load_address>
         <run_address>0xe1c</run_address>
         <size>0x9b5</size>
         <input_file_ref idref="fl-4"/>
      </object_component>
      <object_component id="oc-25">
         <name>.debug_info</name>
         <load_address>0x17d1</load_address>
         <run_address>0x17d1</run_address>
         <size>0xc2b</size>
         <input_file_ref idref="fl-a"/>
      </object_component>
      <object_component id="oc-27">
         <name>.debug_info</name>
         <load_address>0x23fc</load_address>
         <run_address>0x23fc</run_address>
         <size>0x719</size>
         <input_file_ref idref="fl-b"/>
      </object_component>
      <object_component id="oc-2b">
         <name>.debug_info</name>
         <load_address>0x2b15</load_address>
         <run_address>0x2b15</run_address>
         <size>0x899</size>
         <input_file_ref idref="fl-c"/>
      </object_component>
      <object_component id="oc-30">
         <name>.debug_info</name>
         <load_address>0x33ae</load_address>
         <run_address>0x33ae</run_address>
         <size>0xafe</size>
         <input_file_ref idref="fl-d"/>
      </object_component>
      <object_component id="oc-33">
         <name>.debug_info</name>
         <load_address>0x3eac</load_address>
         <run_address>0x3eac</run_address>
         <size>0x6f4</size>
         <input_file_ref idref="fl-e"/>
      </object_component>
      <object_component id="oc-36">
         <name>.debug_info</name>
         <load_address>0x45a0</load_address>
         <run_address>0x45a0</run_address>
         <size>0x7ac</size>
         <input_file_ref idref="fl-f"/>
      </object_component>
      <object_component id="oc-3b">
         <name>.debug_info</name>
         <load_address>0x4d4c</load_address>
         <run_address>0x4d4c</run_address>
         <size>0x6a0</size>
         <input_file_ref idref="fl-10"/>
      </object_component>
      <object_component id="oc-3e">
         <name>.debug_info</name>
         <load_address>0x53ec</load_address>
         <run_address>0x53ec</run_address>
         <size>0x689</size>
         <input_file_ref idref="fl-11"/>
      </object_component>
      <object_component id="oc-43">
         <name>.debug_info</name>
         <load_address>0x5a75</load_address>
         <run_address>0x5a75</run_address>
         <size>0x71e</size>
         <input_file_ref idref="fl-12"/>
      </object_component>
      <object_component id="oc-46">
         <name>.debug_info</name>
         <load_address>0x6193</load_address>
         <run_address>0x6193</run_address>
         <size>0x911</size>
         <input_file_ref idref="fl-13"/>
      </object_component>
      <object_component id="oc-49">
         <name>.debug_info</name>
         <load_address>0x6aa4</load_address>
         <run_address>0x6aa4</run_address>
         <size>0x9a0</size>
         <input_file_ref idref="fl-14"/>
      </object_component>
      <object_component id="oc-4c">
         <name>.debug_info</name>
         <load_address>0x7444</load_address>
         <run_address>0x7444</run_address>
         <size>0x848</size>
         <input_file_ref idref="fl-15"/>
      </object_component>
      <object_component id="oc-4f">
         <name>.debug_info</name>
         <load_address>0x7c8c</load_address>
         <run_address>0x7c8c</run_address>
         <size>0x836</size>
         <input_file_ref idref="fl-16"/>
      </object_component>
      <object_component id="oc-52">
         <name>.debug_info</name>
         <load_address>0x84c2</load_address>
         <run_address>0x84c2</run_address>
         <size>0x6e5</size>
         <input_file_ref idref="fl-17"/>
      </object_component>
      <object_component id="oc-55">
         <name>.debug_info</name>
         <load_address>0x8ba7</load_address>
         <run_address>0x8ba7</run_address>
         <size>0x6cf</size>
         <input_file_ref idref="fl-18"/>
      </object_component>
      <object_component id="oc-58">
         <name>.debug_info</name>
         <load_address>0x9276</load_address>
         <run_address>0x9276</run_address>
         <size>0x6a2</size>
         <input_file_ref idref="fl-19"/>
      </object_component>
      <object_component id="oc-5b">
         <name>.debug_info</name>
         <load_address>0x9918</load_address>
         <run_address>0x9918</run_address>
         <size>0x335d</size>
         <input_file_ref idref="fl-1a"/>
      </object_component>
      <object_component id="oc-5f">
         <name>.debug_info</name>
         <load_address>0xcc75</load_address>
         <run_address>0xcc75</run_address>
         <size>0x7df</size>
         <input_file_ref idref="fl-1b"/>
      </object_component>
      <object_component id="oc-62">
         <name>.debug_info</name>
         <load_address>0xd454</load_address>
         <run_address>0xd454</run_address>
         <size>0x629</size>
         <input_file_ref idref="fl-1c"/>
      </object_component>
      <object_component id="oc-64">
         <name>.debug_info</name>
         <load_address>0xda7d</load_address>
         <run_address>0xda7d</run_address>
         <size>0x714</size>
         <input_file_ref idref="fl-1d"/>
      </object_component>
      <object_component id="oc-68">
         <name>.debug_info</name>
         <load_address>0xe191</load_address>
         <run_address>0xe191</run_address>
         <size>0x7e9</size>
         <input_file_ref idref="fl-1e"/>
      </object_component>
      <object_component id="oc-6b">
         <name>.debug_info</name>
         <load_address>0xe97a</load_address>
         <run_address>0xe97a</run_address>
         <size>0xc08</size>
         <input_file_ref idref="fl-1f"/>
      </object_component>
      <object_component id="oc-6f">
         <name>.debug_info</name>
         <load_address>0xf582</load_address>
         <run_address>0xf582</run_address>
         <size>0x108a</size>
         <input_file_ref idref="fl-20"/>
      </object_component>
      <object_component id="oc-74">
         <name>.debug_info</name>
         <load_address>0x1060c</load_address>
         <run_address>0x1060c</run_address>
         <size>0x7c5</size>
         <input_file_ref idref="fl-21"/>
      </object_component>
      <object_component id="oc-77">
         <name>.debug_info</name>
         <load_address>0x10dd1</load_address>
         <run_address>0x10dd1</run_address>
         <size>0x769</size>
         <input_file_ref idref="fl-22"/>
      </object_component>
      <object_component id="oc-7a">
         <name>.debug_info</name>
         <load_address>0x1153a</load_address>
         <run_address>0x1153a</run_address>
         <size>0xff8</size>
         <input_file_ref idref="fl-23"/>
      </object_component>
      <object_component id="oc-7e">
         <name>.debug_info</name>
         <load_address>0x12532</load_address>
         <run_address>0x12532</run_address>
         <size>0xfc</size>
         <input_file_ref idref="fl-24"/>
      </object_component>
      <object_component id="oc-81">
         <name>.debug_info</name>
         <load_address>0x1262e</load_address>
         <run_address>0x1262e</run_address>
         <size>0x82e</size>
         <input_file_ref idref="fl-25"/>
      </object_component>
      <object_component id="oc-84">
         <name>.debug_info</name>
         <load_address>0x12e5c</load_address>
         <run_address>0x12e5c</run_address>
         <size>0x825</size>
         <input_file_ref idref="fl-26"/>
      </object_component>
      <object_component id="oc-87">
         <name>.debug_info</name>
         <load_address>0x13681</load_address>
         <run_address>0x13681</run_address>
         <size>0x733</size>
         <input_file_ref idref="fl-27"/>
      </object_component>
      <object_component id="oc-8a">
         <name>.debug_info</name>
         <load_address>0x13db4</load_address>
         <run_address>0x13db4</run_address>
         <size>0x799</size>
         <input_file_ref idref="fl-28"/>
      </object_component>
      <object_component id="oc-8d">
         <name>.debug_info</name>
         <load_address>0x1454d</load_address>
         <run_address>0x1454d</run_address>
         <size>0x646</size>
         <input_file_ref idref="fl-29"/>
      </object_component>
      <object_component id="oc-90">
         <name>.debug_info</name>
         <load_address>0x14b93</load_address>
         <run_address>0x14b93</run_address>
         <size>0x9ef</size>
         <input_file_ref idref="fl-2a"/>
      </object_component>
      <object_component id="oc-94">
         <name>.debug_info</name>
         <load_address>0x15582</load_address>
         <run_address>0x15582</run_address>
         <size>0x6e0</size>
         <input_file_ref idref="fl-2b"/>
      </object_component>
      <object_component id="oc-97">
         <name>.debug_info</name>
         <load_address>0x15c62</load_address>
         <run_address>0x15c62</run_address>
         <size>0x6f9</size>
         <input_file_ref idref="fl-2c"/>
      </object_component>
      <object_component id="oc-9a">
         <name>.debug_info</name>
         <load_address>0x1635b</load_address>
         <run_address>0x1635b</run_address>
         <size>0x865</size>
         <input_file_ref idref="fl-2d"/>
      </object_component>
      <object_component id="oc-9d">
         <name>.debug_info</name>
         <load_address>0x16bc0</load_address>
         <run_address>0x16bc0</run_address>
         <size>0x797</size>
         <input_file_ref idref="fl-2e"/>
      </object_component>
      <object_component id="oc-a0">
         <name>.debug_info</name>
         <load_address>0x17357</load_address>
         <run_address>0x17357</run_address>
         <size>0x5fb</size>
         <input_file_ref idref="fl-2f"/>
      </object_component>
      <object_component id="oc-a3">
         <name>.debug_info</name>
         <load_address>0x17952</load_address>
         <run_address>0x17952</run_address>
         <size>0x7bd</size>
         <input_file_ref idref="fl-30"/>
      </object_component>
      <object_component id="oc-a6">
         <name>.debug_info</name>
         <load_address>0x1810f</load_address>
         <run_address>0x1810f</run_address>
         <size>0x7a0</size>
         <input_file_ref idref="fl-31"/>
      </object_component>
      <object_component id="oc-a9">
         <name>.debug_info</name>
         <load_address>0x188af</load_address>
         <run_address>0x188af</run_address>
         <size>0x7ed</size>
         <input_file_ref idref="fl-32"/>
      </object_component>
      <object_component id="oc-ac">
         <name>.debug_info</name>
         <load_address>0x1909c</load_address>
         <run_address>0x1909c</run_address>
         <size>0xc65</size>
         <input_file_ref idref="fl-33"/>
      </object_component>
      <object_component id="oc-b2">
         <name>.debug_info</name>
         <load_address>0x19d01</load_address>
         <run_address>0x19d01</run_address>
         <size>0x8fe</size>
         <input_file_ref idref="fl-34"/>
      </object_component>
      <object_component id="oc-b7">
         <name>.debug_info</name>
         <load_address>0x1a5ff</load_address>
         <run_address>0x1a5ff</run_address>
         <size>0x806</size>
         <input_file_ref idref="fl-35"/>
      </object_component>
      <object_component id="oc-ba">
         <name>.debug_info</name>
         <load_address>0x1ae05</load_address>
         <run_address>0x1ae05</run_address>
         <size>0x6a1</size>
         <input_file_ref idref="fl-36"/>
      </object_component>
      <object_component id="oc-12e">
         <name>.debug_info</name>
         <load_address>0x1b4a6</load_address>
         <run_address>0x1b4a6</run_address>
         <size>0x6d</size>
      </object_component>
      <object_component id="oc-11">
         <name>.debug_line</name>
         <load_address>0x0</load_address>
         <run_address>0x0</run_address>
         <size>0xbb</size>
         <input_file_ref idref="fl-2"/>
      </object_component>
      <object_component id="oc-19">
         <name>.debug_line</name>
         <load_address>0xbb</load_address>
         <run_address>0xbb</run_address>
         <size>0x13a</size>
         <input_file_ref idref="fl-3"/>
      </object_component>
      <object_component id="oc-1f">
         <name>.debug_line</name>
         <load_address>0x1f5</load_address>
         <run_address>0x1f5</run_address>
         <size>0x47</size>
         <input_file_ref idref="fl-4"/>
      </object_component>
      <object_component id="oc-26">
         <name>.debug_line</name>
         <load_address>0x23c</load_address>
         <run_address>0x23c</run_address>
         <size>0xf4</size>
         <input_file_ref idref="fl-a"/>
      </object_component>
      <object_component id="oc-29">
         <name>.debug_line</name>
         <load_address>0x330</load_address>
         <run_address>0x330</run_address>
         <size>0x3f</size>
         <input_file_ref idref="fl-b"/>
      </object_component>
      <object_component id="oc-2e">
         <name>.debug_line</name>
         <load_address>0x36f</load_address>
         <run_address>0x36f</run_address>
         <size>0x51</size>
         <input_file_ref idref="fl-c"/>
      </object_component>
      <object_component id="oc-31">
         <name>.debug_line</name>
         <load_address>0x3c0</load_address>
         <run_address>0x3c0</run_address>
         <size>0x9f</size>
         <input_file_ref idref="fl-d"/>
      </object_component>
      <object_component id="oc-34">
         <name>.debug_line</name>
         <load_address>0x45f</load_address>
         <run_address>0x45f</run_address>
         <size>0x50</size>
         <input_file_ref idref="fl-e"/>
      </object_component>
      <object_component id="oc-39">
         <name>.debug_line</name>
         <load_address>0x4af</load_address>
         <run_address>0x4af</run_address>
         <size>0x6e</size>
         <input_file_ref idref="fl-f"/>
      </object_component>
      <object_component id="oc-3c">
         <name>.debug_line</name>
         <load_address>0x51d</load_address>
         <run_address>0x51d</run_address>
         <size>0x45</size>
         <input_file_ref idref="fl-10"/>
      </object_component>
      <object_component id="oc-41">
         <name>.debug_line</name>
         <load_address>0x562</load_address>
         <run_address>0x562</run_address>
         <size>0x3d</size>
         <input_file_ref idref="fl-11"/>
      </object_component>
      <object_component id="oc-44">
         <name>.debug_line</name>
         <load_address>0x59f</load_address>
         <run_address>0x59f</run_address>
         <size>0x48</size>
         <input_file_ref idref="fl-12"/>
      </object_component>
      <object_component id="oc-47">
         <name>.debug_line</name>
         <load_address>0x5e7</load_address>
         <run_address>0x5e7</run_address>
         <size>0x70</size>
         <input_file_ref idref="fl-13"/>
      </object_component>
      <object_component id="oc-4a">
         <name>.debug_line</name>
         <load_address>0x657</load_address>
         <run_address>0x657</run_address>
         <size>0x4b</size>
         <input_file_ref idref="fl-14"/>
      </object_component>
      <object_component id="oc-4d">
         <name>.debug_line</name>
         <load_address>0x6a2</load_address>
         <run_address>0x6a2</run_address>
         <size>0x46</size>
         <input_file_ref idref="fl-15"/>
      </object_component>
      <object_component id="oc-50">
         <name>.debug_line</name>
         <load_address>0x6e8</load_address>
         <run_address>0x6e8</run_address>
         <size>0x4e</size>
         <input_file_ref idref="fl-16"/>
      </object_component>
      <object_component id="oc-53">
         <name>.debug_line</name>
         <load_address>0x736</load_address>
         <run_address>0x736</run_address>
         <size>0x3f</size>
         <input_file_ref idref="fl-17"/>
      </object_component>
      <object_component id="oc-56">
         <name>.debug_line</name>
         <load_address>0x775</load_address>
         <run_address>0x775</run_address>
         <size>0x44</size>
         <input_file_ref idref="fl-18"/>
      </object_component>
      <object_component id="oc-59">
         <name>.debug_line</name>
         <load_address>0x7b9</load_address>
         <run_address>0x7b9</run_address>
         <size>0x45</size>
         <input_file_ref idref="fl-19"/>
      </object_component>
      <object_component id="oc-5d">
         <name>.debug_line</name>
         <load_address>0x7fe</load_address>
         <run_address>0x7fe</run_address>
         <size>0x301</size>
         <input_file_ref idref="fl-1a"/>
      </object_component>
      <object_component id="oc-60">
         <name>.debug_line</name>
         <load_address>0xaff</load_address>
         <run_address>0xaff</run_address>
         <size>0x48</size>
         <input_file_ref idref="fl-1b"/>
      </object_component>
      <object_component id="oc-69">
         <name>.debug_line</name>
         <load_address>0xb47</load_address>
         <run_address>0xb47</run_address>
         <size>0x44</size>
         <input_file_ref idref="fl-1e"/>
      </object_component>
      <object_component id="oc-6d">
         <name>.debug_line</name>
         <load_address>0xb8b</load_address>
         <run_address>0xb8b</run_address>
         <size>0x85</size>
         <input_file_ref idref="fl-1f"/>
      </object_component>
      <object_component id="oc-72">
         <name>.debug_line</name>
         <load_address>0xc10</load_address>
         <run_address>0xc10</run_address>
         <size>0xee</size>
         <input_file_ref idref="fl-20"/>
      </object_component>
      <object_component id="oc-75">
         <name>.debug_line</name>
         <load_address>0xcfe</load_address>
         <run_address>0xcfe</run_address>
         <size>0x47</size>
         <input_file_ref idref="fl-21"/>
      </object_component>
      <object_component id="oc-78">
         <name>.debug_line</name>
         <load_address>0xd45</load_address>
         <run_address>0xd45</run_address>
         <size>0x46</size>
         <input_file_ref idref="fl-22"/>
      </object_component>
      <object_component id="oc-7c">
         <name>.debug_line</name>
         <load_address>0xd8b</load_address>
         <run_address>0xd8b</run_address>
         <size>0x10a</size>
         <input_file_ref idref="fl-23"/>
      </object_component>
      <object_component id="oc-7f">
         <name>.debug_line</name>
         <load_address>0xe95</load_address>
         <run_address>0xe95</run_address>
         <size>0x46</size>
         <input_file_ref idref="fl-24"/>
      </object_component>
      <object_component id="oc-82">
         <name>.debug_line</name>
         <load_address>0xedb</load_address>
         <run_address>0xedb</run_address>
         <size>0x75</size>
         <input_file_ref idref="fl-25"/>
      </object_component>
      <object_component id="oc-85">
         <name>.debug_line</name>
         <load_address>0xf50</load_address>
         <run_address>0xf50</run_address>
         <size>0x61</size>
         <input_file_ref idref="fl-26"/>
      </object_component>
      <object_component id="oc-88">
         <name>.debug_line</name>
         <load_address>0xfb1</load_address>
         <run_address>0xfb1</run_address>
         <size>0x58</size>
         <input_file_ref idref="fl-27"/>
      </object_component>
      <object_component id="oc-8b">
         <name>.debug_line</name>
         <load_address>0x1009</load_address>
         <run_address>0x1009</run_address>
         <size>0x49</size>
         <input_file_ref idref="fl-28"/>
      </object_component>
      <object_component id="oc-8e">
         <name>.debug_line</name>
         <load_address>0x1052</load_address>
         <run_address>0x1052</run_address>
         <size>0x39</size>
         <input_file_ref idref="fl-29"/>
      </object_component>
      <object_component id="oc-92">
         <name>.debug_line</name>
         <load_address>0x108b</load_address>
         <run_address>0x108b</run_address>
         <size>0x64</size>
         <input_file_ref idref="fl-2a"/>
      </object_component>
      <object_component id="oc-95">
         <name>.debug_line</name>
         <load_address>0x10ef</load_address>
         <run_address>0x10ef</run_address>
         <size>0x4a</size>
         <input_file_ref idref="fl-2b"/>
      </object_component>
      <object_component id="oc-98">
         <name>.debug_line</name>
         <load_address>0x1139</load_address>
         <run_address>0x1139</run_address>
         <size>0x4a</size>
         <input_file_ref idref="fl-2c"/>
      </object_component>
      <object_component id="oc-9b">
         <name>.debug_line</name>
         <load_address>0x1183</load_address>
         <run_address>0x1183</run_address>
         <size>0x45</size>
         <input_file_ref idref="fl-2d"/>
      </object_component>
      <object_component id="oc-9e">
         <name>.debug_line</name>
         <load_address>0x11c8</load_address>
         <run_address>0x11c8</run_address>
         <size>0x47</size>
         <input_file_ref idref="fl-2e"/>
      </object_component>
      <object_component id="oc-a1">
         <name>.debug_line</name>
         <load_address>0x120f</load_address>
         <run_address>0x120f</run_address>
         <size>0x2a</size>
         <input_file_ref idref="fl-2f"/>
      </object_component>
      <object_component id="oc-a4">
         <name>.debug_line</name>
         <load_address>0x1239</load_address>
         <run_address>0x1239</run_address>
         <size>0x45</size>
         <input_file_ref idref="fl-30"/>
      </object_component>
      <object_component id="oc-a7">
         <name>.debug_line</name>
         <load_address>0x127e</load_address>
         <run_address>0x127e</run_address>
         <size>0x43</size>
         <input_file_ref idref="fl-31"/>
      </object_component>
      <object_component id="oc-aa">
         <name>.debug_line</name>
         <load_address>0x12c1</load_address>
         <run_address>0x12c1</run_address>
         <size>0x46</size>
         <input_file_ref idref="fl-32"/>
      </object_component>
      <object_component id="oc-b0">
         <name>.debug_line</name>
         <load_address>0x1307</load_address>
         <run_address>0x1307</run_address>
         <size>0xaa</size>
         <input_file_ref idref="fl-33"/>
      </object_component>
      <object_component id="oc-b5">
         <name>.debug_line</name>
         <load_address>0x13b1</load_address>
         <run_address>0x13b1</run_address>
         <size>0x49</size>
         <input_file_ref idref="fl-34"/>
      </object_component>
      <object_component id="oc-b8">
         <name>.debug_line</name>
         <load_address>0x13fa</load_address>
         <run_address>0x13fa</run_address>
         <size>0x44</size>
         <input_file_ref idref="fl-35"/>
      </object_component>
      <object_component id="oc-bb">
         <name>.debug_line</name>
         <load_address>0x143e</load_address>
         <run_address>0x143e</run_address>
         <size>0x40</size>
         <input_file_ref idref="fl-36"/>
      </object_component>
      <object_component id="oc-12">
         <name>.debug_abbrev</name>
         <load_address>0x0</load_address>
         <run_address>0x0</run_address>
         <size>0x20</size>
         <input_file_ref idref="fl-2"/>
      </object_component>
      <object_component id="oc-1a">
         <name>.debug_abbrev</name>
         <load_address>0x20</load_address>
         <run_address>0x20</run_address>
         <size>0x153</size>
         <input_file_ref idref="fl-3"/>
      </object_component>
      <object_component id="oc-20">
         <name>.debug_abbrev</name>
         <load_address>0x173</load_address>
         <run_address>0x173</run_address>
         <size>0x15d</size>
         <input_file_ref idref="fl-4"/>
      </object_component>
      <object_component id="oc-24">
         <name>.debug_abbrev</name>
         <load_address>0x2d0</load_address>
         <run_address>0x2d0</run_address>
         <size>0x1b7</size>
         <input_file_ref idref="fl-a"/>
      </object_component>
      <object_component id="oc-2a">
         <name>.debug_abbrev</name>
         <load_address>0x487</load_address>
         <run_address>0x487</run_address>
         <size>0xe7</size>
         <input_file_ref idref="fl-b"/>
      </object_component>
      <object_component id="oc-2f">
         <name>.debug_abbrev</name>
         <load_address>0x56e</load_address>
         <run_address>0x56e</run_address>
         <size>0x119</size>
         <input_file_ref idref="fl-c"/>
      </object_component>
      <object_component id="oc-32">
         <name>.debug_abbrev</name>
         <load_address>0x687</load_address>
         <run_address>0x687</run_address>
         <size>0x146</size>
         <input_file_ref idref="fl-d"/>
      </object_component>
      <object_component id="oc-35">
         <name>.debug_abbrev</name>
         <load_address>0x7cd</load_address>
         <run_address>0x7cd</run_address>
         <size>0x9a</size>
         <input_file_ref idref="fl-e"/>
      </object_component>
      <object_component id="oc-3a">
         <name>.debug_abbrev</name>
         <load_address>0x867</load_address>
         <run_address>0x867</run_address>
         <size>0xcc</size>
         <input_file_ref idref="fl-f"/>
      </object_component>
      <object_component id="oc-3d">
         <name>.debug_abbrev</name>
         <load_address>0x933</load_address>
         <run_address>0x933</run_address>
         <size>0xaf</size>
         <input_file_ref idref="fl-10"/>
      </object_component>
      <object_component id="oc-42">
         <name>.debug_abbrev</name>
         <load_address>0x9e2</load_address>
         <run_address>0x9e2</run_address>
         <size>0x9f</size>
         <input_file_ref idref="fl-11"/>
      </object_component>
      <object_component id="oc-45">
         <name>.debug_abbrev</name>
         <load_address>0xa81</load_address>
         <run_address>0xa81</run_address>
         <size>0xe1</size>
         <input_file_ref idref="fl-12"/>
      </object_component>
      <object_component id="oc-48">
         <name>.debug_abbrev</name>
         <load_address>0xb62</load_address>
         <run_address>0xb62</run_address>
         <size>0x14b</size>
         <input_file_ref idref="fl-13"/>
      </object_component>
      <object_component id="oc-4b">
         <name>.debug_abbrev</name>
         <load_address>0xcad</load_address>
         <run_address>0xcad</run_address>
         <size>0x155</size>
         <input_file_ref idref="fl-14"/>
      </object_component>
      <object_component id="oc-4e">
         <name>.debug_abbrev</name>
         <load_address>0xe02</load_address>
         <run_address>0xe02</run_address>
         <size>0x10c</size>
         <input_file_ref idref="fl-15"/>
      </object_component>
      <object_component id="oc-51">
         <name>.debug_abbrev</name>
         <load_address>0xf0e</load_address>
         <run_address>0xf0e</run_address>
         <size>0xd5</size>
         <input_file_ref idref="fl-16"/>
      </object_component>
      <object_component id="oc-54">
         <name>.debug_abbrev</name>
         <load_address>0xfe3</load_address>
         <run_address>0xfe3</run_address>
         <size>0xa3</size>
         <input_file_ref idref="fl-17"/>
      </object_component>
      <object_component id="oc-57">
         <name>.debug_abbrev</name>
         <load_address>0x1086</load_address>
         <run_address>0x1086</run_address>
         <size>0xa1</size>
         <input_file_ref idref="fl-18"/>
      </object_component>
      <object_component id="oc-5a">
         <name>.debug_abbrev</name>
         <load_address>0x1127</load_address>
         <run_address>0x1127</run_address>
         <size>0xaf</size>
         <input_file_ref idref="fl-19"/>
      </object_component>
      <object_component id="oc-5e">
         <name>.debug_abbrev</name>
         <load_address>0x11d6</load_address>
         <run_address>0x11d6</run_address>
         <size>0x1d1</size>
         <input_file_ref idref="fl-1a"/>
      </object_component>
      <object_component id="oc-61">
         <name>.debug_abbrev</name>
         <load_address>0x13a7</load_address>
         <run_address>0x13a7</run_address>
         <size>0xcc</size>
         <input_file_ref idref="fl-1b"/>
      </object_component>
      <object_component id="oc-63">
         <name>.debug_abbrev</name>
         <load_address>0x1473</load_address>
         <run_address>0x1473</run_address>
         <size>0x5f</size>
         <input_file_ref idref="fl-1c"/>
      </object_component>
      <object_component id="oc-67">
         <name>.debug_abbrev</name>
         <load_address>0x14d2</load_address>
         <run_address>0x14d2</run_address>
         <size>0x83</size>
         <input_file_ref idref="fl-1d"/>
      </object_component>
      <object_component id="oc-6a">
         <name>.debug_abbrev</name>
         <load_address>0x1555</load_address>
         <run_address>0x1555</run_address>
         <size>0x109</size>
         <input_file_ref idref="fl-1e"/>
      </object_component>
      <object_component id="oc-6e">
         <name>.debug_abbrev</name>
         <load_address>0x165e</load_address>
         <run_address>0x165e</run_address>
         <size>0x135</size>
         <input_file_ref idref="fl-1f"/>
      </object_component>
      <object_component id="oc-73">
         <name>.debug_abbrev</name>
         <load_address>0x1793</load_address>
         <run_address>0x1793</run_address>
         <size>0x22b</size>
         <input_file_ref idref="fl-20"/>
      </object_component>
      <object_component id="oc-76">
         <name>.debug_abbrev</name>
         <load_address>0x19be</load_address>
         <run_address>0x19be</run_address>
         <size>0xe3</size>
         <input_file_ref idref="fl-21"/>
      </object_component>
      <object_component id="oc-79">
         <name>.debug_abbrev</name>
         <load_address>0x1aa1</load_address>
         <run_address>0x1aa1</run_address>
         <size>0xae</size>
         <input_file_ref idref="fl-22"/>
      </object_component>
      <object_component id="oc-7d">
         <name>.debug_abbrev</name>
         <load_address>0x1b4f</load_address>
         <run_address>0x1b4f</run_address>
         <size>0x151</size>
         <input_file_ref idref="fl-23"/>
      </object_component>
      <object_component id="oc-80">
         <name>.debug_abbrev</name>
         <load_address>0x1ca0</load_address>
         <run_address>0x1ca0</run_address>
         <size>0x3a</size>
         <input_file_ref idref="fl-24"/>
      </object_component>
      <object_component id="oc-83">
         <name>.debug_abbrev</name>
         <load_address>0x1cda</load_address>
         <run_address>0x1cda</run_address>
         <size>0xc3</size>
         <input_file_ref idref="fl-25"/>
      </object_component>
      <object_component id="oc-86">
         <name>.debug_abbrev</name>
         <load_address>0x1d9d</load_address>
         <run_address>0x1d9d</run_address>
         <size>0xc3</size>
         <input_file_ref idref="fl-26"/>
      </object_component>
      <object_component id="oc-89">
         <name>.debug_abbrev</name>
         <load_address>0x1e60</load_address>
         <run_address>0x1e60</run_address>
         <size>0xa3</size>
         <input_file_ref idref="fl-27"/>
      </object_component>
      <object_component id="oc-8c">
         <name>.debug_abbrev</name>
         <load_address>0x1f03</load_address>
         <run_address>0x1f03</run_address>
         <size>0xd0</size>
         <input_file_ref idref="fl-28"/>
      </object_component>
      <object_component id="oc-8f">
         <name>.debug_abbrev</name>
         <load_address>0x1fd3</load_address>
         <run_address>0x1fd3</run_address>
         <size>0x71</size>
         <input_file_ref idref="fl-29"/>
      </object_component>
      <object_component id="oc-93">
         <name>.debug_abbrev</name>
         <load_address>0x2044</load_address>
         <run_address>0x2044</run_address>
         <size>0xd5</size>
         <input_file_ref idref="fl-2a"/>
      </object_component>
      <object_component id="oc-96">
         <name>.debug_abbrev</name>
         <load_address>0x2119</load_address>
         <run_address>0x2119</run_address>
         <size>0xac</size>
         <input_file_ref idref="fl-2b"/>
      </object_component>
      <object_component id="oc-99">
         <name>.debug_abbrev</name>
         <load_address>0x21c5</load_address>
         <run_address>0x21c5</run_address>
         <size>0xc3</size>
         <input_file_ref idref="fl-2c"/>
      </object_component>
      <object_component id="oc-9c">
         <name>.debug_abbrev</name>
         <load_address>0x2288</load_address>
         <run_address>0x2288</run_address>
         <size>0xd0</size>
         <input_file_ref idref="fl-2d"/>
      </object_component>
      <object_component id="oc-9f">
         <name>.debug_abbrev</name>
         <load_address>0x2358</load_address>
         <run_address>0x2358</run_address>
         <size>0xd1</size>
         <input_file_ref idref="fl-2e"/>
      </object_component>
      <object_component id="oc-a2">
         <name>.debug_abbrev</name>
         <load_address>0x2429</load_address>
         <run_address>0x2429</run_address>
         <size>0x90</size>
         <input_file_ref idref="fl-2f"/>
      </object_component>
      <object_component id="oc-a5">
         <name>.debug_abbrev</name>
         <load_address>0x24b9</load_address>
         <run_address>0x24b9</run_address>
         <size>0x12d</size>
         <input_file_ref idref="fl-30"/>
      </object_component>
      <object_component id="oc-a8">
         <name>.debug_abbrev</name>
         <load_address>0x25e6</load_address>
         <run_address>0x25e6</run_address>
         <size>0xd1</size>
         <input_file_ref idref="fl-31"/>
      </object_component>
      <object_component id="oc-ab">
         <name>.debug_abbrev</name>
         <load_address>0x26b7</load_address>
         <run_address>0x26b7</run_address>
         <size>0x10b</size>
         <input_file_ref idref="fl-32"/>
      </object_component>
      <object_component id="oc-b1">
         <name>.debug_abbrev</name>
         <load_address>0x27c2</load_address>
         <run_address>0x27c2</run_address>
         <size>0x227</size>
         <input_file_ref idref="fl-33"/>
      </object_component>
      <object_component id="oc-b6">
         <name>.debug_abbrev</name>
         <load_address>0x29e9</load_address>
         <run_address>0x29e9</run_address>
         <size>0x1a0</size>
         <input_file_ref idref="fl-34"/>
      </object_component>
      <object_component id="oc-b9">
         <name>.debug_abbrev</name>
         <load_address>0x2b89</load_address>
         <run_address>0x2b89</run_address>
         <size>0x10f</size>
         <input_file_ref idref="fl-35"/>
      </object_component>
      <object_component id="oc-bc">
         <name>.debug_abbrev</name>
         <load_address>0x2c98</load_address>
         <run_address>0x2c98</run_address>
         <size>0xab</size>
         <input_file_ref idref="fl-36"/>
      </object_component>
      <object_component id="oc-12f">
         <name>.debug_abbrev</name>
         <load_address>0x2d43</load_address>
         <run_address>0x2d43</run_address>
         <size>0xd</size>
      </object_component>
      <object_component id="oc-18">
         <name>.debug_frame</name>
         <load_address>0x0</load_address>
         <run_address>0x0</run_address>
         <size>0x29b</size>
         <input_file_ref idref="fl-3"/>
      </object_component>
      <object_component id="oc-1e">
         <name>.debug_frame</name>
         <load_address>0x29b</load_address>
         <run_address>0x29b</run_address>
         <size>0x23f</size>
         <input_file_ref idref="fl-4"/>
      </object_component>
   </object_component_list>
   <logical_group_list>
      <logical_group id="lg-2">
         <name>vectors</name>
         <load_address>0x0</load_address>
         <run_address>0x0</run_address>
         <size>0x200</size>
         <contents>
            <object_component_ref idref="oc-f"/>
         </contents>
      </logical_group>
      <logical_group id="lg-3">
         <name>.cinit</name>
         <load_address>0xa5c0</load_address>
         <run_address>0xa5c0</run_address>
         <size>0x3b4</size>
         <contents>
            <object_component_ref idref="oc-22"/>
            <object_component_ref idref="oc-14"/>
            <object_component_ref idref="oc-65"/>
            <object_component_ref idref="oc-70"/>
            <object_component_ref idref="oc-37"/>
            <object_component_ref idref="oc-2c"/>
            <object_component_ref idref="oc-ad"/>
            <object_component_ref idref="oc-3f"/>
            <object_component_ref idref="oc-1c"/>
            <object_component_ref idref="oc-b3"/>
         </contents>
      </logical_group>
      <logical_group id="lg-4">
         <name>.text</name>
[...]
         <value>0x800</value>
      </symbol>
      <symbol id="sm-7">
         <name>__STACK_END</name>
         <value>0x9dc0</value>
      </symbol>
      <symbol id="sm-8">
         <name>__SYSMEM_SIZE</name>
         <value>0x800</value>
      </symbol>
      <symbol id="sm-9">
         <name>___c_args__</name>
         <value>0xffffffff</value>
      </symbol>
      <symbol id="sm-a">
         <name>.text</name>
         <value>0x220</value>
      </symbol>
      <symbol id="sm-b">
         <name>___text__</name>
         <value>0x220</value>
      </symbol>
      <symbol id="sm-c">
         <name>etext</name>
         <value>0x95c0</value>
      </symbol>
      <symbol id="sm-d">
         <name>___etext__</name>
         <value>0x95c0</value>
      </symbol>
      <symbol id="sm-e">
         <name>.data</name>
         <value>0x220</value>
      </symbol>
      <symbol id="sm-f">
         <name>___data__</name>
         <value>0x220</value>
      </symbol>
      <symbol id="sm-10">
         <name>edata</name>
         <value>0x220</value>
      </symbol>
      <symbol id="sm-11">
         <name>___edata__</name>
         <value>0x220</value>
      </symbol>
      <symbol id="sm-12">
         <name>.bss</name>
         <value>0x220</value>
      </symbol>
      <symbol id="sm-13">
         <name>___bss__</name>
         <value>0x220</value>
      </symbol>
      <symbol id="sm-14">
         <name>end</name>
         <value>0x220</value>
      </symbol>
      <symbol id="sm-15">
         <name>___end__</name>
         <value>0x220</value>
      </symbol>
      <symbol id="sm-16">
         <name>___TI_pprof_out_hndl</name>
         <value>0xffffffff</value>
      </symbol>
      <symbol id="sm-17">
         <name>___TI_prof_data_start</name>
         <value>0xffffffff</value>
      </symbol>
      <symbol id="sm-18">
         <name>___TI_prof_data_size</name>
         <value>0xffffffff</value>
      </symbol>
      <symbol id="sm-19">
         <name>$bss</name>
         <value>0x220</value>
      </symbol>
      <symbol id="sm-a3">
         <name>_main</name>
         <value>0x220</value>
         <object_component_ref idref="oc-ca"/>
      </symbol>
      <symbol id="sm-a4">
         <name>_y3</name>
         <value>0x800007d8</value>
         <object_component_ref idref="oc-15"/>
      </symbol>
      <symbol id="sm-a5">
         <name>_y2</name>
         <value>0x800007d6</value>
         <object_component_ref idref="oc-15"/>
      </symbol>
      <symbol id="sm-a6">
         <name>_y1</name>
         <value>0x800007d4</value>
         <object_component_ref idref="oc-15"/>
      </symbol>
      <symbol id="sm-a7">
         <name>_index1</name>
         <value>0x800007b8</value>
         <object_component_ref idref="oc-15"/>
      </symbol>
      <symbol id="sm-a8">
         <name>_index2</name>
         <value>0x800007bc</value>
         <object_component_ref idref="oc-15"/>
      </symbol>
      <symbol id="sm-a9">
         <name>_coeff</name>
         <value>0x80000000</value>
         <object_component_ref idref="oc-15"/>
      </symbol>
      <symbol id="sm-aa">
         <name>_temp</name>
         <value>0x800005b0</value>
         <object_component_ref idref="oc-15"/>
      </symbol>
      <symbol id="sm-ab">
         <name>_f_low</name>
         <value>0x80000788</value>
         <object_component_ref idref="oc-15"/>
      </symbol>
      <symbol id="sm-ac">
         <name>_g2</name>
         <value>0x800005b4</value>
         <object_component_ref idref="oc-15"/>
      </symbol>
      <symbol id="sm-ad">
         <name>_g1</name>
         <value>0x800005b2</value>
         <object_component_ref idref="oc-15"/>
      </symbol>
      <symbol id="sm-ae">
         <name>_max2</name>
         <value>0x800005b8</value>
         <object_component_ref idref="oc-15"/>
      </symbol>
      <symbol id="sm-af">
         <name>_max1</name>
         <value>0x800005b6</value>
         <object_component_ref idref="oc-15"/>
      </symbol>
      <symbol id="sm-b0">
         <name>_serial_port_rcv_isr</name>
         <value>0x95a0</value>
         <object_component_ref idref="oc-16"/>
      </symbol>
      <symbol id="sm-b1">
         <name>_sine_in</name>
         <value>0x80000010</value>
         <object_component_ref idref="oc-15"/>
      </symbol>
      <symbol id="sm-b2">
         <name>_outs</name>
         <value>0x800001ac</value>
         <object_component_ref idref="oc-15"/>
      </symbol>
      <symbol id="sm-b3">
         <name>_y</name>
         <value>0x800007c4</value>
         <object_component_ref idref="oc-15"/>
      </symbol>
      <symbol id="sm-b4">
         <name>_x</name>
         <value>0x800005bc</value>
         <object_component_ref idref="oc-15"/>
      </symbol>
      <symbol id="sm-b5">
         <name>_t</name>
         <value>0x800005ac</value>
         <object_component_ref idref="oc-15"/>
      </symbol>
      <symbol id="sm-b6">
         <name>_r</name>
         <value>0x800007b0</value>
         <object_component_ref idref="oc-15"/>
      </symbol>
      <symbol id="sm-b7">
         <name>_l</name>
         <value>0x800007c0</value>
         <object_component_ref idref="oc-15"/>
      </symbol>
      <symbol id="sm-b8">
         <name>_k</name>
         <value>0x800007b4</value>
         <object_component_ref idref="oc-15"/>
      </symbol>
      <symbol id="sm-b9">
         <name>_j</name>
         <value>0x800007ac</value>
         <object_component_ref idref="oc-15"/>
      </symbol>
      <symbol id="sm-ba">
         <name>_i</name>
         <value>0x800007a8</value>
         <object_component_ref idref="oc-15"/>
      </symbol>
      <symbol id="sm-bb">
         <name>_Q</name>
         <value>0x80000758</value>
         <object_component_ref idref="oc-15"/>
      </symbol>
      <symbol id="sm-bc">
         <name>_f_high</name>
         <value>0x80000798</value>
         <object_component_ref idref="oc-15"/>
      </symbol>
      <symbol id="sm-bd">
         <name>_init_hw_interrupts</name>
         <value>0xdc4</value>
         <object_component_ref idref="oc-ca"/>
      </symbol>
      <symbol id="sm-c9">
         <name>_polling</name>
         <value>0x80000c44</value>
         <object_component_ref idref="oc-1d"/>
      </symbol>
      <symbol id="sm-ca">
         <name>_Act_Fs</name>
         <value>0x80000c40</value>
         <object_component_ref idref="oc-1d"/>
      </symbol>
      <symbol id="sm-cb">
         <name>_mcbspData</name>
         <value>0x80000c48</value>
         <object_component_ref idref="oc-1d"/>
      </symbol>
      <symbol id="sm-e5">
         <name>__IRQ_eventTable</name>
         <value>0x80000998</value>
         <object_component_ref idref="oc-23"/>
      </symbol>
      <symbol id="sm-e6">
         <name>_IRQ_nmiEnable</name>
         <value>0x94a0</value>
         <object_component_ref idref="oc-d2"/>
      </symbol>
      <symbol id="sm-e7">
         <name>__IRQ_intTable</name>
         <value>0x80000a1c</value>
         <object_component_ref idref="oc-23"/>
      </symbol>
      <symbol id="sm-e8">
         <name>_IRQ_globalEnable</name>
         <value>0x9480</value>
         <object_component_ref idref="oc-d5"/>
      </symbol>
      <symbol id="sm-e9">
         <name>_IRQ_globalDisable</name>
         <value>0x9460</value>
         <object_component_ref idref="oc-d1"/>
      </symbol>
      <symbol id="sm-ea">
         <name>_IRQ_map</name>
         <value>0x63c0</value>
         <object_component_ref idref="oc-d3"/>
      </symbol>
      <symbol id="sm-eb">
         <name>_IRQ_enable</name>
         <value>0x9320</value>
         <object_component_ref idref="oc-d4"/>
      </symbol>
      <symbol id="sm-ec">
         <name>__IRQ_dispatchTable</name>
         <value>0x80000a5c</value>
         <object_component_ref idref="oc-23"/>
      </symbol>
      <symbol id="sm-ed">
         <name>__IRQ_hookFetchPacket</name>
         <value>0x9580</value>
         <object_component_ref idref="oc-21"/>
      </symbol>
      <symbol id="sm-f9">
         <name>_c_int00</name>
         <value>0x9100</value>
         <object_component_ref idref="oc-e"/>
      </symbol>
      <symbol id="sm-fa">
         <name>__stack</name>
         <value>0x95c0</value>
         <object_component_ref idref="oc-28"/>
      </symbol>
      <symbol id="sm-10a">
         <name>C$$EXIT</name>
         <value>0x9540</value>
         <object_component_ref idref="oc-cb"/>
      </symbol>
      <symbol id="sm-10b">
         <name>_exit</name>
         <value>0x7960</value>
         <object_component_ref idref="oc-bf"/>
      </symbol>
      <symbol id="sm-10c">
         <name>___TI_enable_exit_profile_output</name>
         <value>0x80000c54</value>
         <object_component_ref idref="oc-2d"/>
      </symbol>
      <symbol id="sm-10d">
         <name>_abort</name>
         <value>0x9540</value>
         <object_component_ref idref="oc-cb"/>
      </symbol>
      <symbol id="sm-10e">
         <name>__cleanup_ptr</name>
         <value>0x80000c4c</value>
         <object_component_ref idref="oc-2d"/>
      </symbol>
      <symbol id="sm-10f">
         <name>__dtors_ptr</name>
         <value>0x80000c50</value>
         <object_component_ref idref="oc-2d"/>
      </symbol>
      <symbol id="sm-11d">
         <name>__divd</name>
         <value>0xe60</value>
         <object_component_ref idref="oc-ce"/>
      </symbol>
      <symbol id="sm-127">
         <name>__frcmpyd_div</name>
         <value>0x45e0</value>
         <object_component_ref idref="oc-d8"/>
      </symbol>
      <symbol id="sm-135">
         <name>_sin</name>
         <value>0x4920</value>
         <object_component_ref idref="oc-cf"/>
      </symbol>
      <symbol id="sm-13f">
         <name>__trunc</name>
         <value>0x9420</value>
         <object_component_ref idref="oc-d9"/>
      </symbol>
      <symbol id="sm-14d">
         <name>__unlock</name>
         <value>0x80000c5c</value>
         <object_component_ref idref="oc-40"/>
      </symbol>
      <symbol id="sm-14e">
         <name>__lock</name>
         <value>0x80000c58</value>
         <object_component_ref idref="oc-40"/>
      </symbol>
      <symbol id="sm-14f">
         <name>__nop</name>
         <value>0x94e0</value>
         <object_component_ref idref="oc-c0"/>
      </symbol>
      <symbol id="sm-159">
         <name>__args_main</name>
         <value>0x93e0</value>
         <object_component_ref idref="oc-be"/>
      </symbol>
      <symbol id="sm-15a">
         <name>__TI_args_main</name>
         <value>0x1</value>
      </symbol>
      <symbol id="sm-168">
         <name>_printf</name>
         <value>0x8ae0</value>
         <object_component_ref idref="oc-d0"/>
      </symbol>
      <symbol id="sm-172">
         <name>__auto_init</name>
         <value>0x6be0</value>
         <object_component_ref idref="oc-bd"/>
      </symbol>
      <symbol id="sm-17c">
         <name>_copy_in</name>
         <value>0x88a0</value>
         <object_component_ref idref="oc-c8"/>
      </symbol>
      <symbol id="sm-186">
         <name>_memcpy</name>
         <value>0x5b80</value>
         <object_component_ref idref="oc-c9"/>
      </symbol>
      <symbol id="sm-190">
         <name>__mpyll</name>
         <value>0x8c40</value>
         <object_component_ref idref="oc-e0"/>
      </symbol>
      <symbol id="sm-19a">
         <name>_modf</name>
         <value>0x8a20</value>
         <object_component_ref idref="oc-db"/>
      </symbol>
      <symbol id="sm-1a4">
         <name>__nround</name>
         <value>0x87e0</value>
         <object_component_ref idref="oc-da"/>
      </symbol>
      <symbol id="sm-1d4">
         <name>__printfi</name>
         <value>0x22c0</value>
         <object_component_ref idref="oc-de"/>
      </symbol>
      <symbol id="sm-1de">
         <name>_atoi</name>
         <value>0x7120</value>
         <object_component_ref idref="oc-eb"/>
      </symbol>
      <symbol id="sm-1e6">
         <name>__ctypes_</name>
         <value>0xa974</value>
         <object_component_ref idref="oc-f1"/>
      </symbol>
      <symbol id="sm-1f0">
         <name>__tmpnams</name>
         <value>0x800008cc</value>
         <object_component_ref idref="oc-66"/>
      </symbol>
      <symbol id="sm-1f1">
         <name>__ft_end</name>
         <value>0x8000096c</value>
         <object_component_ref idref="oc-66"/>
      </symbol>
      <symbol id="sm-1f2">
         <name>__ftable</name>
         <value>0x800007dc</value>
         <object_component_ref idref="oc-66"/>
      </symbol>
      <symbol id="sm-1fc">
         <name>_putc</name>
         <value>0x68e0</value>
         <object_component_ref idref="oc-e2"/>
      </symbol>
      <symbol id="sm-1fd">
         <name>_fputc</name>
         <value>0x68e0</value>
         <object_component_ref idref="oc-e2"/>
      </symbol>
      <symbol id="sm-209">
         <name>_fputs</name>
         <value>0x3440</value>
         <object_component_ref idref="oc-e1"/>
      </symbol>
      <symbol id="sm-221">
         <name>_unlink</name>
         <value>0x8ec0</value>
         <object_component_ref idref="oc-114"/>
      </symbol>
      <symbol id="sm-222">
         <name>_lseek</name>
         <value>0x7260</value>
         <object_component_ref idref="oc-fa"/>
      </symbol>
      <symbol id="sm-223">
         <name>_close</name>
         <value>0x7840</value>
         <object_component_ref idref="oc-10d"/>
      </symbol>
      <symbol id="sm-224">
         <name>_write</name>
         <value>0x73a0</value>
         <object_component_ref idref="oc-e9"/>
      </symbol>
      <symbol id="sm-22e">
         <name>_ltoa</name>
         <value>0x7a80</value>
         <object_component_ref idref="oc-108"/>
      </symbol>
      <symbol id="sm-238">
         <name>_memccpy</name>
         <value>0x9180</value>
         <object_component_ref idref="oc-ee"/>
      </symbol>
      <symbol id="sm-250">
         <name>_HOSTopen</name>
         <value>0x74e0</value>
         <object_component_ref idref="oc-c1"/>
      </symbol>
      <symbol id="sm-251">
         <name>_HOSTread</name>
         <value>0x6ea0</value>
         <object_component_ref idref="oc-c3"/>
      </symbol>
      <symbol id="sm-252">
         <name>_HOSTrename</name>
         <value>0x5dc0</value>
         <object_component_ref idref="oc-c7"/>
      </symbol>
      <symbol id="sm-253">
         <name>_HOSTwrite</name>
         <value>0x7600</value>
         <object_component_ref idref="oc-c4"/>
      </symbol>
      <symbol id="sm-254">
         <name>_HOSTlseek</name>
         <value>0x6a80</value>
         <object_component_ref idref="oc-c5"/>
      </symbol>
      <symbol id="sm-255">
         <name>_HOSTunlink</name>
         <value>0x7dc0</value>
         <object_component_ref idref="oc-c6"/>
      </symbol>
      <symbol id="sm-256">
         <name>_HOSTclose</name>
         <value>0x7cc0</value>
         <object_component_ref idref="oc-c2"/>
      </symbol>
      <symbol id="sm-25e">
         <name>__c6xabi_divu</name>
         <value>0x8720</value>
         <object_component_ref idref="oc-10a"/>
      </symbol>
      <symbol id="sm-25f">
         <name>__divu</name>
         <value>0x8720</value>
         <object_component_ref idref="oc-10a"/>
      </symbol>
      <symbol id="sm-26d">
         <name>__divul</name>
         <value>0x54a0</value>
         <object_component_ref idref="oc-10b"/>
      </symbol>
      <symbol id="sm-26e">
         <name>__remli</name>
         <value>0x8ce0</value>
         <object_component_ref idref="oc-10f"/>
      </symbol>
      <symbol id="sm-26f">
         <name>__divli</name>
         <value>0x7fc0</value>
         <object_component_ref idref="oc-110"/>
      </symbol>
      <symbol id="sm-27b">
         <name>__subcull</name>
         <value>0x92c0</value>
         <object_component_ref idref="oc-112"/>
      </symbol>
      <symbol id="sm-27c">
         <name>__divull</name>
         <value>0x3800</value>
         <object_component_ref idref="oc-10c"/>
      </symbol>
      <symbol id="sm-288">
         <name>__llshl</name>
         <value>0x9080</value>
         <object_component_ref idref="oc-111"/>
      </symbol>
      <symbol id="sm-289">
         <name>__llshru</name>
         <value>0x9260</value>
         <object_component_ref idref="oc-113"/>
      </symbol>
      <symbol id="sm-293">
         <name>_memset</name>
         <value>0x7ba0</value>
         <object_component_ref idref="oc-ea"/>
      </symbol>
      <symbol id="sm-29d">
         <name>__negll</name>
         <value>0x94c0</value>
         <object_component_ref idref="oc-f8"/>
      </symbol>
      <symbol id="sm-2ab">
         <name>C$$IO$$</name>
         <value>0x8fd8</value>
         <object_component_ref idref="oc-cc"/>
      </symbol>
      <symbol id="sm-2ac">
         <name>__CIOBUF_</name>
         <value>0xaac4</value>
         <object_component_ref idref="oc-91"/>
      </symbol>
      <symbol id="sm-2ad">
         <name>_readmsg</name>
         <value>0x8d80</value>
         <object_component_ref idref="oc-cd"/>
      </symbol>
      <symbol id="sm-2ae">
         <name>_writemsg</name>
         <value>0x8f60</value>
         <object_component_ref idref="oc-cc"/>
      </symbol>
      <symbol id="sm-2b8">
         <name>__fixdli</name>
         <value>0x8ba0</value>
         <object_component_ref idref="oc-107"/>
      </symbol>
      <symbol id="sm-2c2">
         <name>__fltlid</name>
         <value>0x9000</value>
         <object_component_ref idref="oc-109"/>
      </symbol>
      <symbol id="sm-2cc">
         <name>___isinf</name>
         <value>0x9200</value>
         <object_component_ref idref="oc-f3"/>
      </symbol>
      <symbol id="sm-2d6">
         <name>__wrt_ok</name>
         <value>0x6fe0</value>
         <object_component_ref idref="oc-e7"/>
      </symbol>
      <symbol id="sm-2e7">
         <name>__doflush</name>
         <value>0x82c0</value>
         <object_component_ref idref="oc-e8"/>
      </symbol>
      <symbol id="sm-2f1">
         <name>_fseek</name>
         <value>0x81c0</value>
         <object_component_ref idref="oc-ef"/>
      </symbol>
      <symbol id="sm-2fb">
         <name>_setvbuf</name>
         <value>0x5fe0</value>
         <object_component_ref idref="oc-f0"/>
      </symbol>
      <symbol id="sm-311">
         <name>__sys_memory</name>
         <value>0x9dc0</value>
         <object_component_ref idref="oc-af"/>
      </symbol>
      <symbol id="sm-312">
         <name>_free</name>
         <value>0x3f00</value>
         <object_component_ref idref="oc-fb"/>
      </symbol>
      <symbol id="sm-313">
         <name>_malloc</name>
         <value>0x5940</value>
         <object_component_ref idref="oc-fc"/>
      </symbol>
      <symbol id="sm-321">
         <name>__cleanup</name>
         <value>0x7720</value>
         <object_component_ref idref="oc-fd"/>
      </symbol>
      <symbol id="sm-32b">
         <name>_fclose</name>
         <value>0x6d40</value>
         <object_component_ref idref="oc-106"/>
      </symbol>
      <symbol id="sm-335">
         <name>_remove</name>
         <value>0x9560</value>
         <object_component_ref idref="oc-10e"/>
      </symbol>
   </symbol_table>
</link_info>
