******************************************************************************
               TMS320C6x Linker PC v7.4.4                      
******************************************************************************
>> Linked Mon Apr 24 13:01:08 2017

OUTPUT FILE NAME:   <dsp2lab3.out>
ENTRY POINT SYMBOL: "_c_int00"  address: 00008f00


MEMORY CONFIGURATION

         name            origin    length      used     unused   attr    fill
----------------------  --------  ---------  --------  --------  ----  --------
  vecs                  00000000   00000220  00000200  00000020  RWIX
  IRAM                  00000220   0000ffe0  0000a7b6  0000582a  RWIX
  CE0                   80000000   01000000  00000c5c  00fff3a4  RWIX


SECTION ALLOCATION MAP

 output                                  attributes/
section   page    origin      length       input sections
--------  ----  ----------  ----------   ----------------
vectors    0    00000000    00000200     
                  00000000    00000200     vectors11.obj (vectors)

.text      0    00000220    000091a0     
                  00000220    00000a40     main.obj (.text)
                  00000c60    000007e0     rts6700.lib : divd.obj (.text:__divd)
                  00001440    000006c0                 : _printfi.obj (.text:__getarg_diouxp)
                  00001b00    000005c0                 : _printfi.obj (.text:__setfield)
                  000020c0    00000580                 : _printfi.obj (.text:__printfi)
                  00002640    00000420                 : _printfi.obj (.text:_fcvt)
                  00002a60    00000400                 : _printfi.obj (.text:_ecvt)
                  00002e60    000003e0                 : _printfi.obj (.text:__pproc_fge)
                  00003240    000003c0                 : fputs.obj (.text:_fputs)
                  00003600    00000380                 : imath64.obj (.text:__divull)
                  00003980    00000380                 : _printfi.obj (.text:__pproc_fwp)
                  00003d00    00000380                 : memory.obj (.text:_free)
                  00004080    00000360                 : _printfi.obj (.text:__pconv_e)
                  000043e0    00000340                 : frcmpyd_div.obj (.text:__frcmpyd_div)
                  00004720    00000320                 : sin.obj (.text:_sin)
                  00004a40    00000300                 : _printfi.obj (.text:__pproc_diouxp)
                  00004d40    000002c0                 : _printfi.obj (.text:__pproc_str)
                  00005000    000002a0                 : _printfi.obj (.text:__pconv_g)
                  000052a0    00000260                 : imath40.obj (.text:__divul)
                  00005500    00000240                 : _printfi.obj (.text:__mcpy)
                  00005740    00000240                 : memory.obj (.text:_malloc)
                  00005980    00000240                 : memcpy62.obj (.text:_memcpy)
                  00005bc0    00000220                 : trgdrv.obj (.text:_HOSTrename)
                  00005de0    00000200                 : setvbuf.obj (.text:_setvbuf)
                  00005fe0    000001e0                 : lowlev.obj (.text:_getdevice)
                  000061c0    000001c0     csl6713.lib : csl_irq.obj (.text:_IRQ_map)
                  00006380    000001c0     rts6700.lib : _printfi.obj (.text:__ltostr)
                  00006540    000001a0                 : _printfi.obj (.text:__pproc_fflags)
                  000066e0    000001a0                 : fputc.obj (.text:_fputc)
                  00006880    00000160                 : trgdrv.obj (.text:_HOSTlseek)
                  000069e0    00000160                 : autoinit.obj (.text:__auto_init)
                  00006b40    00000160                 : fclose.obj (.text:_fclose)
                  00006ca0    00000140                 : trgdrv.obj (.text:_HOSTread)
                  00006de0    00000140                 : _io_perm.obj (.text:__wrt_ok)
                  00006f20    00000140                 : atoi.obj (.text:_atoi)
                  00007060    00000140                 : lowlev.obj (.text:_lseek)
                  000071a0    00000140                 : lowlev.obj (.text:_write)
                  000072e0    00000120                 : trgdrv.obj (.text:_HOSTopen)
                  00007400    00000120                 : trgdrv.obj (.text:_HOSTwrite)
                  00007520    00000120                 : fopen.obj (.text:__cleanup)
                  00007640    00000120                 : lowlev.obj (.text:_close)
                  00007760    00000120                 : exit.obj (.text:_exit)
                  00007880    00000120                 : ltoa.obj (.text:_ltoa)
                  000079a0    00000120                 : memset.obj (.text:_memset)
                  00007ac0    00000100                 : trgdrv.obj (.text:_HOSTclose)
                  00007bc0    00000100                 : trgdrv.obj (.text:_HOSTunlink)
                  00007cc0    00000100                 : _printfi.obj (.text:__div)
                  00007dc0    00000100                 : imath40.obj (.text:__divli)
                  00007ec0    00000100                 : _printfi.obj (.text:__pconv_f)
                  00007fc0    00000100                 : fseek.obj (.text:_fseek)
                  000080c0    000000e0                 : fflush.obj (.text:__doflush)
                  000081a0    000000e0                 : _printfi.obj (.text:__ecpy)
                  00008280    000000e0                 : _printfi.obj (.text:__fcpy)
                  00008360    000000e0                 : memory.obj (.text:_minsert)
                  00008440    000000e0                 : memory.obj (.text:_mremove)
                  00008520    000000c0                 : divu.obj (.text:__divu)
                  000085e0    000000c0                 : round.obj (.text:__nround)
                  000086a0    000000c0                 : cpy_tbl.obj (.text:_copy_in)
                  00008760    000000c0                 : lowlev.obj (.text:_finddevice)
                  00008820    000000c0                 : modf.obj (.text:_modf)
                  000088e0    000000c0                 : printf.obj (.text:_printf)
                  000089a0    000000a0                 : fixdli.obj (.text:__fixdli)
                  00008a40    000000a0                 : mpyll.obj (.text:__mpyll)
                  00008ae0    000000a0                 : imath40.obj (.text:__remli)
                  00008b80    000000a0                 : trgmsg.obj (.text:_readmsg)
                  00008c20    000000a0     csl6713.lib : csl_irq.obj (.text:_setMux)
                  00008cc0    000000a0     rts6700.lib : lowlev.obj (.text:_unlink)
                  00008d60    000000a0                 : trgmsg.obj (.text:_writemsg)
                  00008e00    00000080                 : fltlid.obj (.text:__fltlid)
                  00008e80    00000080                 : llshift.obj (.text:__llshl)
                  00008f00    00000080                 : boot.obj (.text:_c_int00)
                  00008f80    00000080                 : memccpy.obj (.text:_memccpy)
                  00009000    00000060                 : isinf.obj (.text:___isinf)
                  00009060    00000060                 : llshift.obj (.text:__llshru)
                  000090c0    00000060                 : imath64.obj (.text:__subcull)
                  00009120    00000040     csl6713.lib : csl_irq.obj (.text:_IRQ_enable)
                  00009160    00000040     rts6700.lib : _printfi.obj (.text:___isnan)
                  000091a0    00000040                 : divd.obj (.text:___isnan)
                  000091e0    00000040                 : args_main.obj (.text:__args_main)
                  00009220    00000040                 : trunc.obj (.text:__trunc)
                  00009260    00000020     csl6713.lib : csl_irq.obj (.text:_IRQ_globalDisable)
                  00009280    00000020                 : csl_irq.obj (.text:_IRQ_globalEnable)
                  000092a0    00000020                 : csl_irq.obj (.text:_IRQ_nmiEnable)
                  000092c0    00000020     rts6700.lib : negll.obj (.text:__negll)
                  000092e0    00000020                 : _lock.obj (.text:__nop)
                  00009300    00000020                 : printf.obj (.text:__outc)
                  00009320    00000020                 : printf.obj (.text:__outs)
                  00009340    00000020                 : exit.obj (.text:_abort)
                  00009360    00000020                 : remove.obj (.text:_remove)
                  00009380    00000020     csl6713.lib : csl_irq.obj (.text)
                  000093a0    00000020     main.obj (.text:retain)

.bss       0    00000220    00000000     UNINITIALIZED

.data      0    00000220    00000000     UNINITIALIZED

.stack     0    000093c0    00000800     UNINITIALIZED
                  000093c0    00000008     rts6700.lib : boot.obj (.stack)
                  000093c8    000007f8     --HOLE--

.sysmem    0    00009bc0    00000800     UNINITIALIZED
                  00009bc0    00000008     rts6700.lib : memory.obj (.sysmem)
                  00009bc8    000007f8     --HOLE--

.cinit     0    0000a3c0    000003b4     
                  0000a3c0    0000012c     csl6713.lib : csl_irq.obj (.cinit)
                  0000a4ec    00000004     --HOLE-- [fill = 0]
                  0000a4f0    000000c2     main.obj (.cinit)
                  0000a5b2    00000006     --HOLE-- [fill = 0]
                  0000a5b8    0000005c     rts6700.lib : defs.obj (.cinit)
                  0000a614    00000004     --HOLE-- [fill = 0]
                  0000a618    0000005c                 : lowlev.obj (.cinit)
                  0000a674    00000004     --HOLE-- [fill = 0]
                  0000a678    00000048                 : sin.obj (.cinit)
                  0000a6c0    0000002c                 : exit.obj (.cinit)
                  0000a6ec    00000004     --HOLE-- [fill = 0]
                  0000a6f0    0000002c                 : memory.obj (.cinit)
                  0000a71c    00000004     --HOLE-- [fill = 0]
                  0000a720    0000001c                 : _lock.obj (.cinit)
                  0000a73c    00000004     --HOLE-- [fill = 0]
                  0000a740    00000019     c6xdskinit_pcm.obj (.cinit)
                  0000a759    00000007     --HOLE-- [fill = 0]
                  0000a760    0000000c     rts6700.lib : fopen.obj (.cinit)
                  0000a76c    00000004     --HOLE-- [fill = 0]
                  0000a770    00000004     (.pad.cinit) [fill = 0]

.const     0    0000a774    00000142     
                  0000a774    00000101     rts6700.lib : ctype.obj (.const:.string:__ctypes_)
                  0000a875    00000023                 : _printfi.obj (.const:.string)
                  0000a898    00000014     main.obj (.const:.string)
                  0000a8ac    00000008     rts6700.lib : divd.obj (.const:.string:_initial_approx$1)
                  0000a8b4    00000002                 : fputs.obj (.const:.string)

.cio       0    0000a8b8    00000120     UNINITIALIZED
                  0000a8b8    00000120     rts6700.lib : trgmsg.obj (.cio)

.far       0    80000000    00000c5c     UNINITIALIZED
                  80000000    000007ca     main.obj (.far)
                  800007ca    00000002     --HOLE--
                  800007cc    00000194     rts6700.lib : defs.obj (.far)
                  80000960    000000f4     csl6713.lib : csl_irq.obj (.far)
                  80000a54    000000d0     rts6700.lib : trgdrv.obj (.far)
                  80000b24    000000cc                 : lowlev.obj (.far)
                  80000bf0    00000040                 : sin.obj (.far)
                  80000c30    0000000c     c6xdskinit_pcm.obj (.far)
                  80000c3c    0000000c     rts6700.lib : exit.obj (.far)
                  80000c48    00000008                 : _lock.obj (.far)
                  80000c50    00000008                 : memory.obj (.far)
                  80000c58    00000004                 : fopen.obj (.far)


GLOBAL SYMBOLS: SORTED ALPHABETICALLY BY Name 

address    name
--------   ----
00000220   $bss
00000220   .bss
00000220   .data
00000220   .text
00009340   C$$EXIT
00008dd8   C$$IO$$
80000c30   _Act_Fs
00007ac0   _HOSTclose
00006880   _HOSTlseek
000072e0   _HOSTopen
00006ca0   _HOSTread
00005bc0   _HOSTrename
00007bc0   _HOSTunlink
00007400   _HOSTwrite
00009120   _IRQ_enable
00009260   _IRQ_globalDisable
00009280   _IRQ_globalEnable
000061c0   _IRQ_map
000092a0   _IRQ_nmiEnable
80000754   _Q
0000a8b8   __CIOBUF_
80000a4c   __IRQ_dispatchTable
80000988   __IRQ_eventTable
00009380   __IRQ_hookFetchPacket
80000a0c   __IRQ_intTable
00009bc0   __STACK_END
00000800   __STACK_SIZE
00000800   __SYSMEM_SIZE
00000001   __TI_args_main
80000c44   ___TI_enable_exit_profile_output
ffffffff   ___TI_pprof_out_hndl
ffffffff   ___TI_prof_data_size
ffffffff   ___TI_prof_data_start
ffffffff   ___binit__
00000220   ___bss__
ffffffff   ___c_args__
0000a3c0   ___cinit__
00000220   ___data__
00000220   ___edata__
00000220   ___end__
000093c0   ___etext__
00009000   ___isinf
ffffffff   ___pinit__
00000220   ___text__
000091e0   __args_main
000069e0   __auto_init
00008520   __c6xabi_divu
00007520   __cleanup
80000c3c   __cleanup_ptr
0000a774   __ctypes_
00000c60   __divd
00007dc0   __divli
00008520   __divu
000052a0   __divul
00003600   __divull
000080c0   __doflush
80000c40   __dtors_ptr
000089a0   __fixdli
00008e00   __fltlid
000043e0   __frcmpyd_div
8000095c   __ft_end
800007cc   __ftable
00008e80   __llshl
00009060   __llshru
80000c48   __lock
00008a40   __mpyll
000092c0   __negll
000092e0   __nop
000085e0   __nround
000020c0   __printfi
00008ae0   __remli
000093c0   __stack
000090c0   __subcull
00009bc0   __sys_memory
800008bc   __tmpnams
00009220   __trunc
80000c4c   __unlock
00006de0   __wrt_ok
00009340   _abort
00006f20   _atoi
00008f00   _c_int00
00007640   _close
80000000   _coeff
000086a0   _copy_in
00007760   _exit
80000794   _f_high
80000784   _f_low
00006b40   _fclose
000066e0   _fputc
00003240   _fputs
00003d00   _free
00007fc0   _fseek
800005b2   _g1
800005b4   _g2
800007a4   _i
00000bc4   _init_hw_interrupts
800007a8   _j
800007b0   _k
00007060   _lseek
00007880   _ltoa
00000220   _main
00005740   _malloc
80000c38   _mcbspData
00008f80   _memccpy
00005980   _memcpy
000079a0   _memset
00008820   _modf
800001ac   _outs
80000c34   _polling
000088e0   _printf
000066e0   _putc
800007ac   _r
00008b80   _readmsg
00009360   _remove
000093a0   _serial_port_rcv_isr
00005de0   _setvbuf
00004720   _sin
80000010   _sine_in
800005ac   _t
800005b0   _temp
00008cc0   _unlink
000071a0   _write
00008d60   _writemsg
800005b8   _x
800007b4   _y
800007c4   _y1
800007c6   _y2
800007c8   _y3
ffffffff   binit
0000a3c0   cinit
00000220   edata
00000220   end
000093c0   etext
ffffffff   pinit


GLOBAL SYMBOLS: SORTED BY Symbol Address 

address    name
--------   ----
00000001   __TI_args_main
00000220   $bss
00000220   .bss
00000220   .data
00000220   .text
00000220   ___bss__
00000220   ___data__
00000220   ___edata__
00000220   ___end__
00000220   ___text__
00000220   _main
00000220   edata
00000220   end
00000800   __STACK_SIZE
00000800   __SYSMEM_SIZE
00000bc4   _init_hw_interrupts
00000c60   __divd
000020c0   __printfi
00003240   _fputs
00003600   __divull
00003d00   _free
000043e0   __frcmpyd_div
00004720   _sin
000052a0   __divul
00005740   _malloc
00005980   _memcpy
00005bc0   _HOSTrename
00005de0   _setvbuf
000061c0   _IRQ_map
000066e0   _fputc
000066e0   _putc
00006880   _HOSTlseek
000069e0   __auto_init
00006b40   _fclose
00006ca0   _HOSTread
00006de0   __wrt_ok
00006f20   _atoi
00007060   _lseek
000071a0   _write
000072e0   _HOSTopen
00007400   _HOSTwrite
00007520   __cleanup
00007640   _close
00007760   _exit
00007880   _ltoa
000079a0   _memset
00007ac0   _HOSTclose
00007bc0   _HOSTunlink
00007dc0   __divli
00007fc0   _fseek
000080c0   __doflush
00008520   __c6xabi_divu
00008520   __divu
000085e0   __nround
000086a0   _copy_in
00008820   _modf
000088e0   _printf
000089a0   __fixdli
00008a40   __mpyll
00008ae0   __remli
00008b80   _readmsg
00008cc0   _unlink
00008d60   _writemsg
00008dd8   C$$IO$$
00008e00   __fltlid
00008e80   __llshl
00008f00   _c_int00
00008f80   _memccpy
00009000   ___isinf
00009060   __llshru
000090c0   __subcull
00009120   _IRQ_enable
000091e0   __args_main
00009220   __trunc
00009260   _IRQ_globalDisable
00009280   _IRQ_globalEnable
000092a0   _IRQ_nmiEnable
000092c0   __negll
000092e0   __nop
00009340   C$$EXIT
00009340   _abort
00009360   _remove
00009380   __IRQ_hookFetchPacket
000093a0   _serial_port_rcv_isr
000093c0   ___etext__
000093c0   __stack
000093c0   etext
00009bc0   __STACK_END
00009bc0   __sys_memory
0000a3c0   ___cinit__
0000a3c0   cinit
0000a774   __ctypes_
0000a8b8   __CIOBUF_
80000000   _coeff
80000010   _sine_in
800001ac   _outs
800005ac   _t
800005b0   _temp
800005b2   _g1
800005b4   _g2
800005b8   _x
80000754   _Q
80000784   _f_low
80000794   _f_high
800007a4   _i
800007a8   _j
800007ac   _r
800007b0   _k
800007b4   _y
800007c4   _y1
800007c6   _y2
800007c8   _y3
800007cc   __ftable
800008bc   __tmpnams
8000095c   __ft_end
80000988   __IRQ_eventTable
80000a0c   __IRQ_intTable
80000a4c   __IRQ_dispatchTable
80000c30   _Act_Fs
80000c34   _polling
80000c38   _mcbspData
80000c3c   __cleanup_ptr
80000c40   __dtors_ptr
80000c44   ___TI_enable_exit_profile_output
80000c48   __lock
80000c4c   __unlock
ffffffff   ___TI_pprof_out_hndl
ffffffff   ___TI_prof_data_size
ffffffff   ___TI_prof_data_start
ffffffff   ___binit__
ffffffff   ___c_args__
ffffffff   ___pinit__
ffffffff   binit
ffffffff   pinit

[134 symbols]
