******************************************************************************
               TMS320C6x Linker PC v7.4.4                      
******************************************************************************
>> Linked Mon May 22 19:26:37 2017

OUTPUT FILE NAME:   <dsp2lab4Forlab.out>
ENTRY POINT SYMBOL: "_c_int00"  address: 00003f40


MEMORY CONFIGURATION

         name            origin    length      used     unused   attr    fill
----------------------  --------  ---------  --------  --------  ----  --------
  vecs                  00000000   00000220  00000200  00000020  RWIX
  IRAM                  00000220   0000ffe0  00004b04  0000b4dc  RWIX
  CE0                   80000000   01000000  00001df8  00ffe208  RWIX


SECTION ALLOCATION MAP

 output                                  attributes/
section   page    origin      length       input sections
--------  ----  ----------  ----------   ----------------
vectors    0    00000000    00000200     
                  00000000    00000200     vectors11.obj (vectors)

$BRID      0    00000000    00000098     COPY SECTION
                  00000000    00000054     dsk6713bsl.lib : dsk6713.obj ($BRID)
                  00000054    00000024                    : dsk6713_aic23_opencodec.obj ($BRID)
                  00000078    00000014                    : dsk6713_aic23_registers.obj ($BRID)
                  0000008c    0000000c                    : dsk6713_aic23_setfreq.obj ($BRID)

.text      0    00000220    00003ee0     
                  00000220    00000b60     main.obj (.text)
                  00000d80    000007e0     rts6700.lib : divd.obj (.text:__divd)
                  00001560    00000600     c6xdskinit_pcm.obj (.text)
                  00001b60    00000460     dsk6713bsl.lib : dsk6713.obj (.text)
                  00001fc0    00000380     rts6700.lib : cos.obj (.text:_cos)
                  00002340    00000340                 : frcmpyd_div.obj (.text:__frcmpyd_div)
                  00002680    00000320                 : sin.obj (.text:_sin)
                  000029a0    00000300     dsk6713bsl.lib : dsk6713_aic23_opencodec.obj (.text)
                  00002ca0    00000240     rts6700.lib : memcpy62.obj (.text:_memcpy)
                  00002ee0    000001c0     csl6713.lib : csl_irq.obj (.text:_IRQ_map)
                  000030a0    000001a0                 : csl_mcbsp.obj (.text:_MCBSP_reset)
                  00003240    00000160     rts6700.lib : autoinit.obj (.text:__auto_init)
                  000033a0    00000140     dsk6713bsl.lib : dsk6713_aic23_registers.obj (.text)
                  000034e0    00000120     rts6700.lib : divi.obj (.text:__divi)
                  00003600    00000120                 : exit.obj (.text:_exit)
                  00003720    00000100     csl6713.lib : csl_mcbsp.obj (.text:_MCBSP_open)
                  00003820    00000100                 : csl_mcbsp.obj (.text:_MCBSP_start)
                  00003920    00000100     rts6700.lib : remi.obj (.text:__remi)
                  00003a20    000000e0                 : strasg.obj (.text:__strasg)
                  00003b00    000000c0                 : round.obj (.text:__nround)
                  00003bc0    000000c0                 : cpy_tbl.obj (.text:_copy_in)
                  00003c80    000000c0                 : modf.obj (.text:_modf)
                  00003d40    000000c0     dsk6713bsl.lib : dsk6713_aic23_setfreq.obj (.text)
                  00003e00    000000a0     rts6700.lib : mpyll.obj (.text:__mpyll)
                  00003ea0    000000a0     csl6713.lib : csl_irq.obj (.text:_setMux)
                  00003f40    00000080     rts6700.lib : boot.obj (.text:_c_int00)
                  00003fc0    00000040                 : divd.obj (.text:___isnan)
                  00004000    00000040                 : args_main.obj (.text:__args_main)
                  00004040    00000040                 : trunc.obj (.text:__trunc)
                  00004080    00000020                 : _lock.obj (.text:__nop)
                  000040a0    00000020                 : exit.obj (.text:_abort)
                  000040c0    00000020     csl6713.lib : csl_irq.obj (.text)
                  000040e0    00000020     main.obj (.text:retain)

.bss       0    00000220    00000000     UNINITIALIZED

.data      0    00000220    00000000     UNINITIALIZED

.stack     0    00004100    00000800     UNINITIALIZED
                  00004100    00000008     rts6700.lib : boot.obj (.stack)
                  00004108    000007f8     --HOLE--

.cinit     0    00004900    0000038c     
                  00004900    0000012c     csl6713.lib : csl_irq.obj (.cinit)
                  00004a2c    00000004     --HOLE-- [fill = 0]
                  00004a30    000000a8     main.obj (.cinit)
                  00004ad8    00000054     csl6713.lib : csl_mcbsp.obj (.cinit)
                  00004b2c    00000004     --HOLE-- [fill = 0]
                  00004b30    00000048     rts6700.lib : cos.obj (.cinit)
                  00004b78    00000048                 : sin.obj (.cinit)
                  00004bc0    00000030     dsk6713bsl.lib : dsk6713_aic23_registers.obj (.cinit)
                  00004bf0    0000002c     rts6700.lib : exit.obj (.cinit)
                  00004c1c    00000004     --HOLE-- [fill = 0]
                  00004c20    00000028     dsk6713bsl.lib : dsk6713_aic23_setfreq.obj (.cinit)
                  00004c48    0000001c     rts6700.lib : _lock.obj (.cinit)
                  00004c64    00000004     --HOLE-- [fill = 0]
                  00004c68    00000019     c6xdskinit_pcm.obj (.cinit)
                  00004c81    00000007     --HOLE-- [fill = 0]
                  00004c88    00000004     (.pad.cinit) [fill = 0]

.const     0    00004c8c    00000068     
                  00004c8c    00000040     dsk6713bsl.lib : dsk6713_aic23_opencodec.obj (.const)
                  00004ccc    00000020                    : dsk6713.obj (.const)
                  00004cec    00000008     rts6700.lib : divd.obj (.const:.string:_initial_approx$1)

.switch    0    00004cf4    00000030     
                  00004cf4    00000030     c6xdskinit_pcm.obj (.switch:_config_Interrupt_Selector)

.far       0    80000000    00001df8     UNINITIALIZED
                  80000000    00001bd8     main.obj (.far)
                  80001bd8    000000f4     csl6713.lib : csl_irq.obj (.far)
                  80001ccc    00000002     dsk6713bsl.lib : dsk6713.obj (.far)
                  80001cce    00000002     --HOLE--
                  80001cd0    00000040     rts6700.lib : cos.obj (.far)
                  80001d10    00000040                 : sin.obj (.far)
                  80001d50    00000038     csl6713.lib : csl_mcbsp.obj (.far)
                  80001d88    00000028     dsk6713bsl.lib : dsk6713_aic23_registers.obj (.far)
                  80001db0    00000020                    : dsk6713_aic23_setfreq.obj (.far)
                  80001dd0    0000000c     c6xdskinit_pcm.obj (.far)
                  80001ddc    0000000c     rts6700.lib : exit.obj (.far)
                  80001de8    00000008     dsk6713bsl.lib : dsk6713_aic23_opencodec.obj (.far)
                  80001df0    00000008     rts6700.lib : _lock.obj (.far)


GLOBAL SYMBOLS: SORTED ALPHABETICALLY BY Name 

address    name
--------   ----
00000220   $bss
00000220   .bss
00000220   .data
00000220   .text
000040a0   C$$EXIT
80001dd0   _Act_Fs
80001de8   _DSK6713_AIC23_codeccontrolhandle
80001dec   _DSK6713_AIC23_codecdatahandle
00003460   _DSK6713_AIC23_config
000029a0   _DSK6713_AIC23_openCodec
0000343c   _DSK6713_AIC23_rget
000033a0   _DSK6713_AIC23_rset
00003d40   _DSK6713_AIC23_setFreq
00001f38   _DSK6713_getVersion
00001b90   _DSK6713_init
00001e90   _DSK6713_rget
00001ea4   _DSK6713_rset
80001ccc   _DSK6713_version
00001eb8   _DSK6713_wait
00001f0c   _DSK6713_waitusec
00002ee0   _IRQ_map
00003720   _MCBSP_open
000030a0   _MCBSP_reset
00003820   _MCBSP_start
80001cc4   __IRQ_dispatchTable
80001c00   __IRQ_eventTable
000040c0   __IRQ_hookFetchPacket
80001c84   __IRQ_intTable
80001d80   __MCBSP_hDev0
80001d84   __MCBSP_hDev1
00004900   __STACK_END
00000800   __STACK_SIZE
00000001   __TI_args_main
80001de4   ___TI_enable_exit_profile_output
ffffffff   ___TI_pprof_out_hndl
ffffffff   ___TI_prof_data_size
ffffffff   ___TI_prof_data_start
ffffffff   ___binit__
00000220   ___bss__
ffffffff   ___c_args__
00004900   ___cinit__
00000220   ___data__
00000220   ___edata__
00000220   ___end__
00004100   ___etext__
ffffffff   ___pinit__
00000220   ___text__
00004000   __args_main
00003240   __auto_init
000034e0   __c6xabi_divi
00003920   __c6xabi_remi
80001ddc   __cleanup_ptr
00000d80   __divd
000034e0   __divi
80001de0   __dtors_ptr
00002340   __frcmpyd_div
80001df0   __lock
00003e00   __mpyll
00004080   __nop
00003b00   __nround
00003920   __remi
00004100   __stack
00003a20   __strasg
00004040   __trunc
80001df4   __unlock
000040a0   _abort
00000b28   _ask4_2
000008b0   _ask4_3
00000704   _ask4_4
000019c8   _c6x11_dsk_init
00003f40   _c_int00
00001a94   _comm_intr
00001a60   _comm_poll
00001878   _config_Interrupt_Selector
00003bc0   _copy_in
00001fc0   _cos
80001528   _d
80001b2c   _delay
80000100   _desired
00001860   _enableGlobalINT
00001848   _enableNMI
00001824   _enableSpecificINT
80000528   _err
800000fc   _error
00003600   _exit
80000000   _freq
8000010c   _i
00000584   _init_hw_interrupts
80000128   _input
000017e4   _input_left_sample
000017b0   _input_leftright_sample
0000177c   _input_right_sample
0000168c   _input_sample
80000110   _j
8000011c   _k
00000610   _main
0000175c   _mcbsp1_activate
00001700   _mcbsp1_init
0000168c   _mcbsp1_read
00001560   _mcbsp1_write
80001dd8   _mcbspData
00002ca0   _memcpy
00003c80   _modf
00000220   _nlms
80000124   _noise
80000928   _output
0000160c   _output_left_sample
00001560   _output_leftright_sample
000015d0   _output_right_sample
00001560   _output_sample
80001dd4   _polling
80000118   _re
000040e0   _serial_port_rcv_isr
00002680   _sin
80001b28   _sum
80000120   _timer
80001928   _voice
80000d28   _w1
80001128   _w2
8000000c   _weight
80000114   _wr
80000084   _x
80000104   _xn2
80000108   _y
ffffffff   binit
00004900   cinit
00000220   edata
00000220   end
00004100   etext
ffffffff   pinit


GLOBAL SYMBOLS: SORTED BY Symbol Address 

address    name
--------   ----
00000001   __TI_args_main
00000220   $bss
00000220   .bss
00000220   .data
00000220   .text
00000220   ___bss__
00000220   ___data__
00000220   ___edata__
00000220   ___end__
00000220   ___text__
00000220   _nlms
00000220   edata
00000220   end
00000584   _init_hw_interrupts
00000610   _main
00000704   _ask4_4
00000800   __STACK_SIZE
000008b0   _ask4_3
00000b28   _ask4_2
00000d80   __divd
00001560   _mcbsp1_write
00001560   _output_leftright_sample
00001560   _output_sample
000015d0   _output_right_sample
0000160c   _output_left_sample
0000168c   _input_sample
0000168c   _mcbsp1_read
00001700   _mcbsp1_init
0000175c   _mcbsp1_activate
0000177c   _input_right_sample
000017b0   _input_leftright_sample
000017e4   _input_left_sample
00001824   _enableSpecificINT
00001848   _enableNMI
00001860   _enableGlobalINT
00001878   _config_Interrupt_Selector
000019c8   _c6x11_dsk_init
00001a60   _comm_poll
00001a94   _comm_intr
00001b90   _DSK6713_init
00001e90   _DSK6713_rget
00001ea4   _DSK6713_rset
00001eb8   _DSK6713_wait
00001f0c   _DSK6713_waitusec
00001f38   _DSK6713_getVersion
00001fc0   _cos
00002340   __frcmpyd_div
00002680   _sin
000029a0   _DSK6713_AIC23_openCodec
00002ca0   _memcpy
00002ee0   _IRQ_map
000030a0   _MCBSP_reset
00003240   __auto_init
000033a0   _DSK6713_AIC23_rset
0000343c   _DSK6713_AIC23_rget
00003460   _DSK6713_AIC23_config
000034e0   __c6xabi_divi
000034e0   __divi
00003600   _exit
00003720   _MCBSP_open
00003820   _MCBSP_start
00003920   __c6xabi_remi
00003920   __remi
00003a20   __strasg
00003b00   __nround
00003bc0   _copy_in
00003c80   _modf
00003d40   _DSK6713_AIC23_setFreq
00003e00   __mpyll
00003f40   _c_int00
00004000   __args_main
00004040   __trunc
00004080   __nop
000040a0   C$$EXIT
000040a0   _abort
000040c0   __IRQ_hookFetchPacket
000040e0   _serial_port_rcv_isr
00004100   ___etext__
00004100   __stack
00004100   etext
00004900   __STACK_END
00004900   ___cinit__
00004900   cinit
80000000   _freq
8000000c   _weight
80000084   _x
800000fc   _error
80000100   _desired
80000104   _xn2
80000108   _y
8000010c   _i
80000110   _j
80000114   _wr
80000118   _re
8000011c   _k
80000120   _timer
80000124   _noise
80000128   _input
80000528   _err
80000928   _output
80000d28   _w1
80001128   _w2
80001528   _d
80001928   _voice
80001b28   _sum
80001b2c   _delay
80001c00   __IRQ_eventTable
80001c84   __IRQ_intTable
80001cc4   __IRQ_dispatchTable
80001ccc   _DSK6713_version
80001d80   __MCBSP_hDev0
80001d84   __MCBSP_hDev1
80001dd0   _Act_Fs
80001dd4   _polling
80001dd8   _mcbspData
80001ddc   __cleanup_ptr
80001de0   __dtors_ptr
80001de4   ___TI_enable_exit_profile_output
80001de8   _DSK6713_AIC23_codeccontrolhandle
80001dec   _DSK6713_AIC23_codecdatahandle
80001df0   __lock
80001df4   __unlock
ffffffff   ___TI_pprof_out_hndl
ffffffff   ___TI_prof_data_size
ffffffff   ___TI_prof_data_start
ffffffff   ___binit__
ffffffff   ___c_args__
ffffffff   ___pinit__
ffffffff   binit
ffffffff   pinit

[130 symbols]
