******************************************************************************
               TMS320C6x Linker PC v7.4.4                      
******************************************************************************
>> Linked Fri May 26 11:45:01 2017

OUTPUT FILE NAME:   <dsp2lab5.out>
ENTRY POINT SYMBOL: "_c_int00"  address: 00004300


MEMORY CONFIGURATION

         name            origin    length      used     unused   attr    fill
----------------------  --------  ---------  --------  --------  ----  --------
  vecs                  00000000   00000220  00000200  00000020  RWIX
  IRAM                  00000220   0000ffe0  00004f64  0000b07c  RWIX
  CE0                   80000000   01000000  00000b6a  00fff496  RWIX


SECTION ALLOCATION MAP

 output                                  attributes/
section   page    origin      length       input sections
--------  ----  ----------  ----------   ----------------
vectors    0    00000000    00000200     
                  00000000    00000200     vectors11.obj (vectors)

$BRID      0    00000000    00000098     COPY SECTION
                  00000000    00000054     dsk6713bsl.lib : dsk6713.obj ($BRID)
                  00000054    00000024                    : dsk6713_aic23_opencodec.obj ($BRID)
                  00000078    00000014                    : dsk6713_aic23_registers.obj ($BRID)
                  0000008c    0000000c                    : dsk6713_aic23_setfreq.obj ($BRID)

.text      0    00000220    00004320     
                  00000220    000007e0     rts6700.lib : divd.obj (.text:__divd)
                  00000a00    00000740     c6xdskinit_pcm.obj (.text)
                  00001140    000005c0     main.obj (.text)
                  00001700    00000460     dsk6713bsl.lib : dsk6713.obj (.text)
                  00001b60    00000380     rts6700.lib : cos.obj (.text:_cos)
                  00001ee0    00000340                 : frcmpyd_div.obj (.text:__frcmpyd_div)
                  00002220    00000320                 : sin.obj (.text:_sin)
                  00002540    00000320     dsp62x.lib : radix2.obj (.text)
                  00002860    00000300     dsk6713bsl.lib : dsk6713_aic23_opencodec.obj (.text)
                  00002b60    00000260     main.obj (.text:retain)
                  00002dc0    00000240     rts6700.lib : memcpy62.obj (.text:_memcpy)
                  00003000    00000240     bitrev_index.obj (.text)
                  00003240    000001c0     csl6713.lib : csl_irq.obj (.text:_IRQ_map)
                  00003400    000001a0                 : csl_mcbsp.obj (.text:_MCBSP_reset)
                  000035a0    00000160     rts6700.lib : autoinit.obj (.text:__auto_init)
                  00003700    00000160     dsp62x.lib : bitrev_cpl.obj (.text)
                  00003860    00000140     dsk6713bsl.lib : dsk6713_aic23_registers.obj (.text)
                  000039a0    00000120     rts6700.lib : divi.obj (.text:__divi)
                  00003ac0    00000120                 : exit.obj (.text:_exit)
                  00003be0    00000100     csl6713.lib : csl_mcbsp.obj (.text:_MCBSP_open)
                  00003ce0    00000100                 : csl_mcbsp.obj (.text:_MCBSP_start)
                  00003de0    000000e0     rts6700.lib : strasg.obj (.text:__strasg)
                  00003ec0    000000c0                 : round.obj (.text:__nround)
                  00003f80    000000c0                 : cpy_tbl.obj (.text:_copy_in)
                  00004040    000000c0                 : modf.obj (.text:_modf)
                  00004100    000000c0     dsk6713bsl.lib : dsk6713_aic23_setfreq.obj (.text)
                  000041c0    000000a0     rts6700.lib : mpyll.obj (.text:__mpyll)
                  00004260    000000a0     csl6713.lib : csl_irq.obj (.text:_setMux)
                  00004300    00000080     rts6700.lib : boot.obj (.text:_c_int00)
                  00004380    00000040     csl6713.lib : csl_irq.obj (.text:_IRQ_enable)
                  000043c0    00000040     rts6700.lib : divd.obj (.text:___isnan)
                  00004400    00000040                 : args_main.obj (.text:__args_main)
                  00004440    00000040                 : trunc.obj (.text:__trunc)
                  00004480    00000020     csl6713.lib : csl_irq.obj (.text:_IRQ_globalDisable)
                  000044a0    00000020                 : csl_irq.obj (.text:_IRQ_globalEnable)
                  000044c0    00000020                 : csl_irq.obj (.text:_IRQ_nmiEnable)
                  000044e0    00000020     rts6700.lib : _lock.obj (.text:__nop)
                  00004500    00000020                 : exit.obj (.text:_abort)
                  00004520    00000020     csl6713.lib : csl_irq.obj (.text)

.bss       0    00000220    00000000     UNINITIALIZED

.data      0    00000220    00000000     UNINITIALIZED

.stack     0    00004540    00000800     UNINITIALIZED
                  00004540    00000008     rts6700.lib : boot.obj (.stack)
                  00004548    000007f8     --HOLE--

.cinit     0    00004d40    000003ac     
                  00004d40    0000012c     csl6713.lib : csl_irq.obj (.cinit)
                  00004e6c    00000004     --HOLE-- [fill = 0]
                  00004e70    000000c8     main.obj (.cinit)
                  00004f38    00000054     csl6713.lib : csl_mcbsp.obj (.cinit)
                  00004f8c    00000004     --HOLE-- [fill = 0]
                  00004f90    00000048     rts6700.lib : cos.obj (.cinit)
                  00004fd8    00000048                 : sin.obj (.cinit)
                  00005020    00000030     dsk6713bsl.lib : dsk6713_aic23_registers.obj (.cinit)
                  00005050    0000002c     rts6700.lib : exit.obj (.cinit)
                  0000507c    00000004     --HOLE-- [fill = 0]
                  00005080    00000028     dsk6713bsl.lib : dsk6713_aic23_setfreq.obj (.cinit)
                  000050a8    0000001c     rts6700.lib : _lock.obj (.cinit)
                  000050c4    00000004     --HOLE-- [fill = 0]
                  000050c8    00000019     c6xdskinit_pcm.obj (.cinit)
                  000050e1    00000007     --HOLE-- [fill = 0]
                  000050e8    00000004     (.pad.cinit) [fill = 0]

.const     0    000050ec    00000068     
                  000050ec    00000040     dsk6713bsl.lib : dsk6713_aic23_opencodec.obj (.const)
                  0000512c    00000020                    : dsk6713.obj (.const)
                  0000514c    00000008     rts6700.lib : divd.obj (.const:.string:_initial_approx$1)

.switch    0    00005154    00000030     
                  00005154    00000030     c6xdskinit_pcm.obj (.switch:_config_Interrupt_Selector)

.far       0    80000000    00000b6a     UNINITIALIZED
                  80000000    0000094c     main.obj (.far)
                  8000094c    000000f4     csl6713.lib : csl_irq.obj (.far)
                  80000a40    00000040     rts6700.lib : cos.obj (.far)
                  80000a80    00000040                 : sin.obj (.far)
                  80000ac0    00000038     csl6713.lib : csl_mcbsp.obj (.far)
                  80000af8    00000028     dsk6713bsl.lib : dsk6713_aic23_registers.obj (.far)
                  80000b20    00000020                    : dsk6713_aic23_setfreq.obj (.far)
                  80000b40    0000000c     c6xdskinit_pcm.obj (.far)
                  80000b4c    0000000c     rts6700.lib : exit.obj (.far)
                  80000b58    00000008     dsk6713bsl.lib : dsk6713_aic23_opencodec.obj (.far)
                  80000b60    00000008     rts6700.lib : _lock.obj (.far)
                  80000b68    00000002     dsk6713bsl.lib : dsk6713.obj (.far)


GLOBAL SYMBOLS: SORTED ALPHABETICALLY BY Name 

address    name
--------   ----
00000220   $bss
00000220   .bss
00000220   .data
00000220   .text
00004500   C$$EXIT
80000b40   _Act_Fs
80000b58   _DSK6713_AIC23_codeccontrolhandle
80000b5c   _DSK6713_AIC23_codecdatahandle
00003920   _DSK6713_AIC23_config
00002860   _DSK6713_AIC23_openCodec
000038fc   _DSK6713_AIC23_rget
00003860   _DSK6713_AIC23_rset
00004100   _DSK6713_AIC23_setFreq
00001ad8   _DSK6713_getVersion
00001730   _DSK6713_init
00001a30   _DSK6713_rget
00001a44   _DSK6713_rset
80000b68   _DSK6713_version
00001a58   _DSK6713_wait
00001aac   _DSK6713_waitusec
00003700   _DSP_bitrev_cplx
00002540   _DSP_radix2
00004380   _IRQ_enable
00004480   _IRQ_globalDisable
000044a0   _IRQ_globalEnable
00003240   _IRQ_map
000044c0   _IRQ_nmiEnable
00003be0   _MCBSP_open
00003400   _MCBSP_reset
00003ce0   _MCBSP_start
80000a38   __IRQ_dispatchTable
80000974   __IRQ_eventTable
00004520   __IRQ_hookFetchPacket
800009f8   __IRQ_intTable
80000af0   __MCBSP_hDev0
80000af4   __MCBSP_hDev1
00004d40   __STACK_END
00000800   __STACK_SIZE
00000001   __TI_args_main
80000b54   ___TI_enable_exit_profile_output
ffffffff   ___TI_pprof_out_hndl
ffffffff   ___TI_prof_data_size
ffffffff   ___TI_prof_data_start
ffffffff   ___binit__
00000220   ___bss__
ffffffff   ___c_args__
00004d40   ___cinit__
00000220   ___data__
00000220   ___edata__
00000220   ___end__
00004540   ___etext__
ffffffff   ___pinit__
00000220   ___text__
00004400   __args_main
000035a0   __auto_init
000039a0   __c6xabi_divi
80000b4c   __cleanup_ptr
00000220   __divd
000039a0   __divi
80000b50   __dtors_ptr
00001ee0   __frcmpyd_div
80000b60   __lock
000041c0   __mpyll
000044e0   __nop
00003ec0   __nround
00004540   __stack
00003de0   __strasg
00004440   __trunc
80000b64   __unlock
00004500   _abort
00003000   _bitrev_index
00000e5c   _c6x11_dsk_init
00004300   _c_int00
00000eec   _comm_intr
00000eb8   _comm_poll
00000a6c   _config_Interrupt_Selector
00003f80   _copy_in
00001b60   _cos
8000008c   _counter
00000a00   _enableGlobalINT
00000a18   _enableNMI
00000a30   _enableSpecificINT
00003ac0   _exit
000016a8   _fft_buffers
00001550   _fft_calc
800005a0   _fft_in
80000720   _fft_out
80000080   _flag
80000000   _ham64
80000084   _i
800006a0   _in
80000090   _index
000014b8   _init_hw_interrupts
80000220   _input
800004a0   _input_buff
00000f68   _input_left_sample
00000fe8   _input_leftright_sample
00000fa8   _input_right_sample
00000f44   _input_sample
80000088   _j
00001140   _main
0000111c   _mcbsp1_activate
00000cd0   _mcbsp1_init
00000d58   _mcbsp1_read
00000de4   _mcbsp1_write
80000b48   _mcbspData
00002dc0   _memcpy
00004040   _modf
80000820   _out_buff
00001050   _output_left_sample
000010f4   _output_leftright_sample
000010a8   _output_right_sample
00001028   _output_sample
80000b44   _polling
00002b60   _serial_port_rcv_isr
00002220   _sin
800001a0   _w
800000a0   _x
800002a0   _x1
800003a0   _x_fft
ffffffff   binit
00004d40   cinit
00000220   edata
00000220   end
00004540   etext
ffffffff   pinit


GLOBAL SYMBOLS: SORTED BY Symbol Address 

address    name
--------   ----
00000001   __TI_args_main
00000220   $bss
00000220   .bss
00000220   .data
00000220   .text
00000220   ___bss__
00000220   ___data__
00000220   ___edata__
00000220   ___end__
00000220   ___text__
00000220   __divd
00000220   edata
00000220   end
00000800   __STACK_SIZE
00000a00   _enableGlobalINT
00000a18   _enableNMI
00000a30   _enableSpecificINT
00000a6c   _config_Interrupt_Selector
00000cd0   _mcbsp1_init
00000d58   _mcbsp1_read
00000de4   _mcbsp1_write
00000e5c   _c6x11_dsk_init
00000eb8   _comm_poll
00000eec   _comm_intr
00000f44   _input_sample
00000f68   _input_left_sample
00000fa8   _input_right_sample
00000fe8   _input_leftright_sample
00001028   _output_sample
00001050   _output_left_sample
000010a8   _output_right_sample
000010f4   _output_leftright_sample
0000111c   _mcbsp1_activate
00001140   _main
000014b8   _init_hw_interrupts
00001550   _fft_calc
000016a8   _fft_buffers
00001730   _DSK6713_init
00001a30   _DSK6713_rget
00001a44   _DSK6713_rset
00001a58   _DSK6713_wait
00001aac   _DSK6713_waitusec
00001ad8   _DSK6713_getVersion
00001b60   _cos
00001ee0   __frcmpyd_div
00002220   _sin
00002540   _DSP_radix2
00002860   _DSK6713_AIC23_openCodec
00002b60   _serial_port_rcv_isr
00002dc0   _memcpy
00003000   _bitrev_index
00003240   _IRQ_map
00003400   _MCBSP_reset
000035a0   __auto_init
00003700   _DSP_bitrev_cplx
00003860   _DSK6713_AIC23_rset
000038fc   _DSK6713_AIC23_rget
00003920   _DSK6713_AIC23_config
000039a0   __c6xabi_divi
000039a0   __divi
00003ac0   _exit
00003be0   _MCBSP_open
00003ce0   _MCBSP_start
00003de0   __strasg
00003ec0   __nround
00003f80   _copy_in
00004040   _modf
00004100   _DSK6713_AIC23_setFreq
000041c0   __mpyll
00004300   _c_int00
00004380   _IRQ_enable
00004400   __args_main
00004440   __trunc
00004480   _IRQ_globalDisable
000044a0   _IRQ_globalEnable
000044c0   _IRQ_nmiEnable
000044e0   __nop
00004500   C$$EXIT
00004500   _abort
00004520   __IRQ_hookFetchPacket
00004540   ___etext__
00004540   __stack
00004540   etext
00004d40   __STACK_END
00004d40   ___cinit__
00004d40   cinit
80000000   _ham64
80000080   _flag
80000084   _i
80000088   _j
8000008c   _counter
80000090   _index
800000a0   _x
800001a0   _w
80000220   _input
800002a0   _x1
800003a0   _x_fft
800004a0   _input_buff
800005a0   _fft_in
800006a0   _in
80000720   _fft_out
80000820   _out_buff
80000974   __IRQ_eventTable
800009f8   __IRQ_intTable
80000a38   __IRQ_dispatchTable
80000af0   __MCBSP_hDev0
80000af4   __MCBSP_hDev1
80000b40   _Act_Fs
80000b44   _polling
80000b48   _mcbspData
80000b4c   __cleanup_ptr
80000b50   __dtors_ptr
80000b54   ___TI_enable_exit_profile_output
80000b58   _DSK6713_AIC23_codeccontrolhandle
80000b5c   _DSK6713_AIC23_codecdatahandle
80000b60   __lock
80000b64   __unlock
80000b68   _DSK6713_version
ffffffff   ___TI_pprof_out_hndl
ffffffff   ___TI_prof_data_size
ffffffff   ___TI_prof_data_start
ffffffff   ___binit__
ffffffff   ___c_args__
ffffffff   ___pinit__
ffffffff   binit
ffffffff   pinit

[126 symbols]
