<?xml version="1.0"?>
<link_info>
   <banner>TMS320C6x Linker PC v7.4.4</banner>
   <copyright>Copyright (c) 1996-2013 Texas Instruments Incorporated</copyright>
   <link_time>0x59157910</link_time>
   <output_file>dsp2lab3.out</output_file>
   <entry_point>
      <name>_c_int00</name>
      <address>0x3920</address>
   </entry_point>
   <input_file_list>
      <input_file id="fl-2">
         <path>.\</path>
         <kind>object</kind>
         <file>vectors11.obj</file>
         <name>vectors11.obj</name>
      </input_file>
      <input_file id="fl-3">
         <path>.\</path>
         <kind>object</kind>
         <file>main.obj</file>
         <name>main.obj</name>
      </input_file>
      <input_file id="fl-4">
         <path>.\</path>
         <kind>object</kind>
         <file>c6xdskinit_pcm.obj</file>
         <name>c6xdskinit_pcm.obj</name>
      </input_file>
      <input_file id="fl-a">
         <path>C:\Program Files\C6xCSL\lib_3x\</path>
         <kind>archive</kind>
         <file>csl6713.lib</file>
         <name>csl_irq.obj</name>
      </input_file>
      <input_file id="fl-b">
         <path>C:\DSK6713\c6000\dsk6713\lib\</path>
         <kind>archive</kind>
         <file>dsk6713bsl.lib</file>
         <name>dsk6713.obj</name>
      </input_file>
      <input_file id="fl-c">
         <path>C:\DSK6713\c6000\dsk6713\lib\</path>
         <kind>archive</kind>
         <file>dsk6713bsl.lib</file>
         <name>dsk6713_aic23_opencodec.obj</name>
      </input_file>
      <input_file id="fl-d">
         <path>C:\DSK6713\c6000\dsk6713\lib\</path>
         <kind>archive</kind>
         <file>dsk6713bsl.lib</file>
         <name>dsk6713_aic23_registers.obj</name>
      </input_file>
      <input_file id="fl-e">
         <path>C:\DSK6713\c6000\dsk6713\lib\</path>
         <kind>archive</kind>
         <file>dsk6713bsl.lib</file>
         <name>dsk6713_aic23_setfreq.obj</name>
      </input_file>
      <input_file id="fl-f">
         <path>C:\Users\GROUP1TEAM11\Downloads\rts6700.lib\</path>
         <kind>archive</kind>
         <file>rts6700.lib</file>
         <name>boot.obj</name>
      </input_file>
      <input_file id="fl-10">
         <path>C:\Users\GROUP1TEAM11\Downloads\rts6700.lib\</path>
         <kind>archive</kind>
         <file>rts6700.lib</file>
         <name>exit.obj</name>
      </input_file>
      <input_file id="fl-11">
         <path>C:\Users\GROUP1TEAM11\Downloads\rts6700.lib\</path>
         <kind>archive</kind>
         <file>rts6700.lib</file>
         <name>remi.obj</name>
      </input_file>
      <input_file id="fl-12">
         <path>C:\Users\GROUP1TEAM11\Downloads\rts6700.lib\</path>
         <kind>archive</kind>
         <file>rts6700.lib</file>
         <name>strasg.obj</name>
      </input_file>
      <input_file id="fl-13">
         <path>C:\Users\GROUP1TEAM11\Downloads\rts6700.lib\</path>
         <kind>archive</kind>
         <file>rts6700.lib</file>
         <name>cos.obj</name>
      </input_file>
      <input_file id="fl-14">
         <path>C:\Users\GROUP1TEAM11\Downloads\rts6700.lib\</path>
         <kind>archive</kind>
         <file>rts6700.lib</file>
         <name>divd.obj</name>
      </input_file>
      <input_file id="fl-15">
         <path>C:\Users\GROUP1TEAM11\Downloads\rts6700.lib\</path>
         <kind>archive</kind>
         <file>rts6700.lib</file>
         <name>frcmpyd_div.obj</name>
      </input_file>
      <input_file id="fl-16">
         <path>C:\Users\GROUP1TEAM11\Downloads\rts6700.lib\</path>
         <kind>archive</kind>
         <file>rts6700.lib</file>
         <name>modf.obj</name>
      </input_file>
      <input_file id="fl-17">
         <path>C:\Users\GROUP1TEAM11\Downloads\rts6700.lib\</path>
         <kind>archive</kind>
         <file>rts6700.lib</file>
         <name>round.obj</name>
      </input_file>
      <input_file id="fl-18">
         <path>C:\Users\GROUP1TEAM11\Downloads\rts6700.lib\</path>
         <kind>archive</kind>
         <file>rts6700.lib</file>
         <name>trunc.obj</name>
      </input_file>
      <input_file id="fl-19">
         <path>C:\Users\GROUP1TEAM11\Downloads\rts6700.lib\</path>
         <kind>archive</kind>
         <file>rts6700.lib</file>
         <name>_lock.obj</name>
      </input_file>
      <input_file id="fl-1a">
         <path>C:\Users\GROUP1TEAM11\Downloads\rts6700.lib\</path>
         <kind>archive</kind>
         <file>rts6700.lib</file>
         <name>args_main.obj</name>
      </input_file>
      <input_file id="fl-1b">
         <path>C:\Users\GROUP1TEAM11\Downloads\rts6700.lib\</path>
         <kind>archive</kind>
         <file>rts6700.lib</file>
         <name>autoinit.obj</name>
      </input_file>
      <input_file id="fl-1c">
         <path>C:\Users\GROUP1TEAM11\Downloads\rts6700.lib\</path>
         <kind>archive</kind>
         <file>rts6700.lib</file>
         <name>cpy_tbl.obj</name>
      </input_file>
      <input_file id="fl-1d">
         <path>C:\Users\GROUP1TEAM11\Downloads\rts6700.lib\</path>
         <kind>archive</kind>
         <file>rts6700.lib</file>
         <name>memcpy62.obj</name>
      </input_file>
      <input_file id="fl-1e">
         <path>C:\Users\GROUP1TEAM11\Downloads\rts6700.lib\</path>
         <kind>archive</kind>
         <file>rts6700.lib</file>
         <name>mpyll.obj</name>
      </input_file>
      <input_file id="fl-1f">
         <path>C:\Program Files\C6xCSL\lib_3x\</path>
         <kind>archive</kind>
         <file>csl6713.lib</file>
         <name>csl_mcbsp.obj</name>
      </input_file>
   </input_file_list>
   <object_component_list>
      <object_component id="oc-f">
         <name>vectors</name>
         <load_address>0x0</load_address>
         <run_address>0x0</run_address>
         <size>0x200</size>
         <input_file_ref idref="fl-2"/>
      </object_component>
      <object_component id="oc-21">
         <name>.cinit</name>
         <load_address>0x4360</load_address>
         <run_address>0x4360</run_address>
         <size>0x12c</size>
         <input_file_ref idref="fl-a"/>
      </object_component>
      <object_component id="oc-14">
         <name>.cinit</name>
         <load_address>0x4490</load_address>
         <run_address>0x4490</run_address>
         <size>0xa8</size>
         <input_file_ref idref="fl-3"/>
      </object_component>
      <object_component id="oc-6d">
         <name>.cinit</name>
         <load_address>0x4538</load_address>
         <run_address>0x4538</run_address>
         <size>0x54</size>
         <input_file_ref idref="fl-1f"/>
      </object_component>
      <object_component id="oc-46">
         <name>.cinit</name>
         <load_address>0x4590</load_address>
         <run_address>0x4590</run_address>
         <size>0x48</size>
         <input_file_ref idref="fl-13"/>
      </object_component>
      <object_component id="oc-2f">
         <name>.cinit</name>
         <load_address>0x45d8</load_address>
         <run_address>0x45d8</run_address>
         <size>0x30</size>
         <input_file_ref idref="fl-d"/>
      </object_component>
      <object_component id="oc-3b">
         <name>.cinit</name>
         <load_address>0x4608</load_address>
         <run_address>0x4608</run_address>
         <size>0x2c</size>
         <input_file_ref idref="fl-10"/>
      </object_component>
      <object_component id="oc-33">
         <name>.cinit</name>
         <load_address>0x4638</load_address>
         <run_address>0x4638</run_address>
         <size>0x28</size>
         <input_file_ref idref="fl-e"/>
      </object_component>
      <object_component id="oc-5a">
         <name>.cinit</name>
         <load_address>0x4660</load_address>
         <run_address>0x4660</run_address>
         <size>0x1c</size>
         <input_file_ref idref="fl-19"/>
      </object_component>
      <object_component id="oc-1b">
         <name>.cinit</name>
         <load_address>0x4680</load_address>
         <run_address>0x4680</run_address>
         <size>0x19</size>
         <input_file_ref idref="fl-4"/>
      </object_component>
      <object_component id="oc-78">
         <name>.text:__divd</name>
         <load_address>0x220</load_address>
         <run_address>0x220</run_address>
         <size>0x7e0</size>
         <input_file_ref idref="fl-14"/>
      </object_component>
      <object_component id="oc-76">
         <name>.text</name>
         <load_address>0xa00</load_address>
         <run_address>0xa00</run_address>
         <size>0x740</size>
         <input_file_ref idref="fl-4"/>
      </object_component>
      <object_component id="oc-79">
         <name>.text</name>
         <load_address>0x1140</load_address>
         <run_address>0x1140</run_address>
         <size>0x520</size>
         <input_file_ref idref="fl-3"/>
      </object_component>
      <object_component id="oc-26">
         <name>.text</name>
         <load_address>0x1660</load_address>
         <run_address>0x1660</run_address>
         <size>0x460</size>
         <input_file_ref idref="fl-b"/>
      </object_component>
      <object_component id="oc-75">
         <name>.text:_cos</name>
         <load_address>0x1ac0</load_address>
         <run_address>0x1ac0</run_address>
         <size>0x380</size>
         <input_file_ref idref="fl-13"/>
      </object_component>
      <object_component id="oc-87">
         <name>.text:__frcmpyd_div</name>
         <load_address>0x1e40</load_address>
         <run_address>0x1e40</run_address>
         <size>0x340</size>
         <input_file_ref idref="fl-15"/>
      </object_component>
      <object_component id="oc-16">
         <name>.text:retain</name>
         <load_address>0x2180</load_address>
         <run_address>0x2180</run_address>
         <size>0x320</size>
         <input_file_ref idref="fl-3"/>
      </object_component>
      <object_component id="oc-2a">
         <name>.text</name>
         <load_address>0x24a0</load_address>
         <run_address>0x24a0</run_address>
         <size>0x300</size>
         <input_file_ref idref="fl-c"/>
      </object_component>
      <object_component id="oc-7f">
         <name>.text:_memcpy</name>
         <load_address>0x27a0</load_address>
         <run_address>0x27a0</run_address>
         <size>0x240</size>
         <input_file_ref idref="fl-1d"/>
      </object_component>
      <object_component id="oc-8a">
         <name>.text:_IRQ_map</name>
         <load_address>0x29e0</load_address>
         <run_address>0x29e0</run_address>
         <size>0x1c0</size>
         <input_file_ref idref="fl-a"/>
      </object_component>
      <object_component id="oc-8d">
         <name>.text:_MCBSP_reset</name>
         <load_address>0x2ba0</load_address>
         <run_address>0x2ba0</run_address>
         <size>0x1a0</size>
         <input_file_ref idref="fl-1f"/>
      </object_component>
      <object_component id="oc-72">
         <name>.text:__auto_init</name>
         <load_address>0x2d40</load_address>
         <run_address>0x2d40</run_address>
         <size>0x160</size>
         <input_file_ref idref="fl-1b"/>
      </object_component>
      <object_component id="oc-2e">
         <name>.text</name>
         <load_address>0x2ea0</load_address>
         <run_address>0x2ea0</run_address>
         <size>0x140</size>
         <input_file_ref idref="fl-d"/>
      </object_component>
      <object_component id="oc-74">
         <name>.text:_exit</name>
         <load_address>0x2fe0</load_address>
         <run_address>0x2fe0</run_address>
         <size>0x120</size>
         <input_file_ref idref="fl-10"/>
      </object_component>
      <object_component id="oc-7b">
         <name>.text:_MCBSP_open</name>
         <load_address>0x3100</load_address>
         <run_address>0x3100</run_address>
         <size>0x100</size>
         <input_file_ref idref="fl-1f"/>
      </object_component>
      <object_component id="oc-7c">
         <name>.text:_MCBSP_start</name>
         <load_address>0x3200</load_address>
         <run_address>0x3200</run_address>
         <size>0x100</size>
         <input_file_ref idref="fl-1f"/>
      </object_component>
      <object_component id="oc-77">
         <name>.text:__remi</name>
         <load_address>0x3300</load_address>
         <run_address>0x3300</run_address>
         <size>0x100</size>
         <input_file_ref idref="fl-11"/>
      </object_component>
      <object_component id="oc-7a">
         <name>.text:__strasg</name>
         <load_address>0x3400</load_address>
         <run_address>0x3400</run_address>
         <size>0xe0</size>
         <input_file_ref idref="fl-12"/>
      </object_component>
      <object_component id="oc-82">
         <name>.text:__nround</name>
         <load_address>0x34e0</load_address>
         <run_address>0x34e0</run_address>
         <size>0xc0</size>
         <input_file_ref idref="fl-17"/>
      </object_component>
      <object_component id="oc-7e">
         <name>.text:_copy_in</name>
         <load_address>0x35a0</load_address>
         <run_address>0x35a0</run_address>
         <size>0xc0</size>
         <input_file_ref idref="fl-1c"/>
      </object_component>
      <object_component id="oc-83">
         <name>.text:_modf</name>
         <load_address>0x3660</load_address>
         <run_address>0x3660</run_address>
         <size>0xc0</size>
         <input_file_ref idref="fl-16"/>
      </object_component>
      <object_component id="oc-32">
         <name>.text</name>
         <load_address>0x3720</load_address>
         <run_address>0x3720</run_address>
         <size>0xc0</size>
         <input_file_ref idref="fl-e"/>
      </object_component>
      <object_component id="oc-8e">
         <name>.text:__mpyll</name>
         <load_address>0x37e0</load_address>
         <run_address>0x37e0</run_address>
         <size>0xa0</size>
         <input_file_ref idref="fl-1e"/>
      </object_component>
      <object_component id="oc-8f">
         <name>.text:_setMux</name>
         <load_address>0x3880</load_address>
         <run_address>0x3880</run_address>
         <size>0xa0</size>
         <input_file_ref idref="fl-a"/>
      </object_component>
      <object_component id="oc-e">
         <name>.text:_c_int00</name>
         <load_address>0x3920</load_address>
         <run_address>0x3920</run_address>
         <size>0x80</size>
         <input_file_ref idref="fl-f"/>
      </object_component>
      <object_component id="oc-8b">
         <name>.text:_IRQ_enable</name>
         <load_address>0x39a0</load_address>
         <run_address>0x39a0</run_address>
         <size>0x40</size>
         <input_file_ref idref="fl-a"/>
      </object_component>
      <object_component id="oc-85">
         <name>.text:___isnan</name>
         <load_address>0x39e0</load_address>
         <run_address>0x39e0</run_address>
         <size>0x40</size>
         <input_file_ref idref="fl-14"/>
      </object_component>
      <object_component id="oc-73">
         <name>.text:__args_main</name>
         <load_address>0x3a20</load_address>
         <run_address>0x3a20</run_address>
         <size>0x40</size>
         <input_file_ref idref="fl-1a"/>
      </object_component>
      <object_component id="oc-81">
         <name>.text:__trunc</name>
         <load_address>0x3a60</load_address>
         <run_address>0x3a60</run_address>
         <size>0x40</size>
         <input_file_ref idref="fl-18"/>
      </object_component>
      <object_component id="oc-88">
         <name>.text:_IRQ_globalDisable</name>
         <load_address>0x3aa0</load_address>
         <run_address>0x3aa0</run_address>
         <size>0x20</size>
         <input_file_ref idref="fl-a"/>
      </object_component>
      <object_component id="oc-8c">
         <name>.text:_IRQ_globalEnable</name>
         <load_address>0x3ac0</load_address>
         <run_address>0x3ac0</run_address>
         <size>0x20</size>
         <input_file_ref idref="fl-a"/>
      </object_component>
      <object_component id="oc-89">
         <name>.text:_IRQ_nmiEnable</name>
         <load_address>0x3ae0</load_address>
         <run_address>0x3ae0</run_address>
         <size>0x20</size>
         <input_file_ref idref="fl-a"/>
      </object_component>
      <object_component id="oc-7d">
         <name>.text:__nop</name>
         <load_address>0x3b00</load_address>
         <run_address>0x3b00</run_address>
         <size>0x20</size>
         <input_file_ref idref="fl-19"/>
      </object_component>
      <object_component id="oc-80">
         <name>.text:_abort</name>
         <load_address>0x3b20</load_address>
         <run_address>0x3b20</run_address>
         <size>0x20</size>
         <input_file_ref idref="fl-10"/>
      </object_component>
      <object_component id="oc-20">
         <name>.text</name>
         <load_address>0x3b40</load_address>
         <run_address>0x3b40</run_address>
         <size>0x20</size>
         <input_file_ref idref="fl-a"/>
      </object_component>
      <object_component id="oc-37">
         <name>.stack</name>
         <uninitialized>true</uninitialized>
         <run_address>0x3b60</run_address>
         <size>0x8</size>
         <input_file_ref idref="fl-f"/>
      </object_component>
      <object_component id="oc-a7">
         <name>.stack</name>
         <uninitialized>true</uninitialized>
         <run_address>0x3b60</run_address>
         <size>0x0</size>
      </object_component>
      <object_component id="oc-2c">
         <name>.const</name>
         <load_address>0x46a4</load_address>
         <run_address>0x46a4</run_address>
         <size>0x40</size>
         <input_file_ref idref="fl-c"/>
      </object_component>
      <object_component id="oc-28">
         <name>.const</name>
         <load_address>0x46e4</load_address>
         <run_address>0x46e4</run_address>
         <size>0x20</size>
         <input_file_ref idref="fl-b"/>
      </object_component>
      <object_component id="oc-86">
         <name>.const:.string:_initial_approx$1</name>
         <load_address>0x4704</load_address>
         <run_address>0x4704</run_address>
         <size>0x8</size>
         <input_file_ref idref="fl-14"/>
      </object_component>
      <object_component id="oc-15">
         <name>.far</name>
         <uninitialized>true</uninitialized>
         <run_address>0x80000000</run_address>
         <size>0xfd8</size>
         <input_file_ref idref="fl-3"/>
      </object_component>
      <object_component id="oc-1c">
         <name>.far</name>
         <uninitialized>true</uninitialized>
         <run_address>0x80001190</run_address>
         <size>0xc</size>
         <input_file_ref idref="fl-4"/>
      </object_component>
      <object_component id="oc-22">
         <name>.far</name>
         <uninitialized>true</uninitialized>
         <run_address>0x80000fd8</run_address>
         <size>0xf4</size>
         <input_file_ref idref="fl-a"/>
      </object_component>
      <object_component id="oc-27">
         <name>.far</name>
         <uninitialized>true</uninitialized>
         <run_address>0x800010cc</run_address>
         <size>0x2</size>
         <input_file_ref idref="fl-b"/>
      </object_component>
      <object_component id="oc-2b">
         <name>.far</name>
         <uninitialized>true</uninitialized>
         <run_address>0x800011a8</run_address>
         <size>0x8</size>
         <input_file_ref idref="fl-c"/>
      </object_component>
      <object_component id="oc-30">
         <name>.far</name>
         <uninitialized>true</uninitialized>
         <run_address>0x80001148</run_address>
         <size>0x28</size>
         <input_file_ref idref="fl-d"/>
      </object_component>
      <object_component id="oc-34">
         <name>.far</name>
         <uninitialized>true</uninitialized>
         <run_address>0x80001170</run_address>
         <size>0x20</size>
         <input_file_ref idref="fl-e"/>
      </object_component>
      <object_component id="oc-3c">
         <name>.far</name>
         <uninitialized>true</uninitialized>
         <run_address>0x8000119c</run_address>
         <size>0xc</size>
         <input_file_ref idref="fl-10"/>
      </object_component>
      <object_component id="oc-47">
         <name>.far</name>
         <uninitialized>true</uninitialized>
         <run_address>0x800010d0</run_address>
         <size>0x40</size>
         <input_file_ref idref="fl-13"/>
      </object_component>
      <object_component id="oc-5b">
         <name>.far</name>
         <uninitialized>true</uninitialized>
         <run_address>0x800011b0</run_address>
         <size>0x8</size>
         <input_file_ref idref="fl-19"/>
      </object_component>
      <object_component id="oc-6e">
         <name>.far</name>
         <uninitialized>true</uninitialized>
         <run_address>0x80001110</run_address>
         <size>0x38</size>
         <input_file_ref idref="fl-1f"/>
      </object_component>
      <object_component id="oc-84">
         <name>.switch:_config_Interrupt_Selector</name>
         <load_address>0x470c</load_address>
         <run_address>0x470c</run_address>
         <size>0x30</size>
         <input_file_ref idref="fl-4"/>
      </object_component>
      <object_component id="oc-10">
         <name>.debug_info</name>
         <load_address>0x0</load_address>
         <run_address>0x0</run_address>
         <size>0xd2</size>
         <input_file_ref idref="fl-2"/>
      </object_component>
      <object_component id="oc-13">
         <name>.debug_info</name>
         <load_address>0xd2</load_address>
         <run_address>0xd2</run_address>
         <size>0xf3f</size>
         <input_file_ref idref="fl-3"/>
      </object_component>
      <object_component id="oc-1a">
         <name>.debug_info</name>
         <load_address>0x1011</load_address>
         <run_address>0x1011</run_address>
         <size>0x14e6</size>
         <input_file_ref idref="fl-4"/>
      </object_component>
      <object_component id="oc-24">
         <name>.debug_info</name>
         <load_address>0x24f7</load_address>
         <run_address>0x24f7</run_address>
         <size>0xc2b</size>
         <input_file_ref idref="fl-a"/>
      </object_component>
      <object_component id="oc-36">
         <name>.debug_info</name>
         <load_address>0x3122</load_address>
         <run_address>0x3122</run_address>
         <size>0x719</size>
         <input_file_ref idref="fl-f"/>
      </object_component>
      <object_component id="oc-3a">
         <name>.debug_info</name>
         <load_address>0x383b</load_address>
         <run_address>0x383b</run_address>
         <size>0x899</size>
         <input_file_ref idref="fl-10"/>
      </object_component>
      <object_component id="oc-3f">
         <name>.debug_info</name>
         <load_address>0x40d4</load_address>
         <run_address>0x40d4</run_address>
         <size>0xfc</size>
         <input_file_ref idref="fl-11"/>
      </object_component>
      <object_component id="oc-42">
         <name>.debug_info</name>
         <load_address>0x41d0</load_address>
         <run_address>0x41d0</run_address>
         <size>0x102</size>
         <input_file_ref idref="fl-12"/>
      </object_component>
      <object_component id="oc-45">
         <name>.debug_info</name>
         <load_address>0x42d2</load_address>
         <run_address>0x42d2</run_address>
         <size>0x7ac</size>
         <input_file_ref idref="fl-13"/>
      </object_component>
      <object_component id="oc-4a">
         <name>.debug_info</name>
         <load_address>0x4a7e</load_address>
         <run_address>0x4a7e</run_address>
         <size>0xafe</size>
         <input_file_ref idref="fl-14"/>
      </object_component>
      <object_component id="oc-4d">
         <name>.debug_info</name>
         <load_address>0x557c</load_address>
         <run_address>0x557c</run_address>
         <size>0x6f4</size>
         <input_file_ref idref="fl-15"/>
      </object_component>
      <object_component id="oc-50">
         <name>.debug_info</name>
         <load_address>0x5c70</load_address>
         <run_address>0x5c70</run_address>
         <size>0x6cf</size>
         <input_file_ref idref="fl-16"/>
      </object_component>
      <object_component id="oc-53">
         <name>.debug_info</name>
         <load_address>0x633f</load_address>
         <run_address>0x633f</run_address>
         <size>0x6a2</size>
         <input_file_ref idref="fl-17"/>
      </object_component>
      <object_component id="oc-56">
         <name>.debug_info</name>
         <load_address>0x69e1</load_address>
         <run_address>0x69e1</run_address>
         <size>0x6a0</size>
         <input_file_ref idref="fl-18"/>
      </object_component>
      <object_component id="oc-59">
         <name>.debug_info</name>
         <load_address>0x7081</load_address>
         <run_address>0x7081</run_address>
         <size>0x689</size>
         <input_file_ref idref="fl-19"/>
      </object_component>
      <object_component id="oc-5e">
         <name>.debug_info</name>
         <load_address>0x770a</load_address>
         <run_address>0x770a</run_address>
         <size>0x71e</size>
         <input_file_ref idref="fl-1a"/>
      </object_component>
      <object_component id="oc-61">
         <name>.debug_info</name>
         <load_address>0x7e28</load_address>
         <run_address>0x7e28</run_address>
         <size>0x9a0</size>
         <input_file_ref idref="fl-1b"/>
      </object_component>
      <object_component id="oc-64">
         <name>.debug_info</name>
         <load_address>0x87c8</load_address>
         <run_address>0x87c8</run_address>
         <size>0x848</size>
         <input_file_ref idref="fl-1c"/>
      </object_component>
      <object_component id="oc-67">
         <name>.debug_info</name>
         <load_address>0x9010</load_address>
         <run_address>0x9010</run_address>
         <size>0x836</size>
         <input_file_ref idref="fl-1d"/>
      </object_component>
      <object_component id="oc-6a">
         <name>.debug_info</name>
         <load_address>0x9846</load_address>
         <run_address>0x9846</run_address>
         <size>0x6e5</size>
         <input_file_ref idref="fl-1e"/>
      </object_component>
      <object_component id="oc-70">
         <name>.debug_info</name>
         <load_address>0x9f2b</load_address>
         <run_address>0x9f2b</run_address>
         <size>0xac3</size>
         <input_file_ref idref="fl-1f"/>
      </object_component>
      <object_component id="oc-a8">
         <name>.debug_info</name>
         <load_address>0xa9ee</load_address>
         <run_address>0xa9ee</run_address>
         <size>0x6d</size>
      </object_component>
      <object_component id="oc-11">
         <name>.debug_line</name>
         <load_address>0x0</load_address>
         <run_address>0x0</run_address>
         <size>0xbb</size>
         <input_file_ref idref="fl-2"/>
      </object_component>
      <object_component id="oc-18">
         <name>.debug_line</name>
         <load_address>0xbb</load_address>
         <run_address>0xbb</run_address>
         <size>0x113</size>
         <input_file_ref idref="fl-3"/>
      </object_component>
      <object_component id="oc-1e">
         <name>.debug_line</name>
         <load_address>0x1ce</load_address>
         <run_address>0x1ce</run_address>
         <size>0x2ed</size>
         <input_file_ref idref="fl-4"/>
      </object_component>
      <object_component id="oc-25">
         <name>.debug_line</name>
         <load_address>0x4bb</load_address>
         <run_address>0x4bb</run_address>
         <size>0xf4</size>
         <input_file_ref idref="fl-a"/>
      </object_component>
      <object_component id="oc-38">
         <name>.debug_line</name>
         <load_address>0x5af</load_address>
         <run_address>0x5af</run_address>
         <size>0x3f</size>
         <input_file_ref idref="fl-f"/>
      </object_component>
      <object_component id="oc-3d">
         <name>.debug_line</name>
         <load_address>0x5ee</load_address>
         <run_address>0x5ee</run_address>
         <size>0x51</size>
         <input_file_ref idref="fl-10"/>
      </object_component>
      <object_component id="oc-40">
         <name>.debug_line</name>
         <load_address>0x63f</load_address>
         <run_address>0x63f</run_address>
         <size>0x45</size>
         <input_file_ref idref="fl-11"/>
      </object_component>
      <object_component id="oc-43">
         <name>.debug_line</name>
         <load_address>0x684</load_address>
         <run_address>0x684</run_address>
         <size>0x4a</size>
         <input_file_ref idref="fl-12"/>
      </object_component>
      <object_component id="oc-48">
         <name>.debug_line</name>
         <load_address>0x6ce</load_address>
         <run_address>0x6ce</run_address>
         <size>0x6e</size>
         <input_file_ref idref="fl-13"/>
      </object_component>
      <object_component id="oc-4b">
         <name>.debug_line</name>
         <load_address>0x73c</load_address>
         <run_address>0x73c</run_address>
         <size>0x9f</size>
         <input_file_ref idref="fl-14"/>
      </object_component>
      <object_component id="oc-4e">
         <name>.debug_line</name>
         <load_address>0x7db</load_address>
         <run_address>0x7db</run_address>
         <size>0x50</size>
         <input_file_ref idref="fl-15"/>
      </object_component>
      <object_component id="oc-51">
         <name>.debug_line</name>
         <load_address>0x82b</load_address>
         <run_address>0x82b</run_address>
         <size>0x44</size>
         <input_file_ref idref="fl-16"/>
      </object_component>
      <object_component id="oc-54">
         <name>.debug_line</name>
         <load_address>0x86f</load_address>
         <run_address>0x86f</run_address>
         <size>0x45</size>
         <input_file_ref idref="fl-17"/>
      </object_component>
      <object_component id="oc-57">
         <name>.debug_line</name>
         <load_address>0x8b4</load_address>
         <run_address>0x8b4</run_address>
         <size>0x45</size>
         <input_file_ref idref="fl-18"/>
      </object_component>
      <object_component id="oc-5c">
         <name>.debug_line</name>
         <load_address>0x8f9</load_address>
         <run_address>0x8f9</run_address>
         <size>0x3d</size>
         <input_file_ref idref="fl-19"/>
      </object_component>
      <object_component id="oc-5f">
         <name>.debug_line</name>
         <load_address>0x936</load_address>
         <run_address>0x936</run_address>
         <size>0x48</size>
         <input_file_ref idref="fl-1a"/>
      </object_component>
      <object_component id="oc-62">
         <name>.debug_line</name>
         <load_address>0x97e</load_address>
         <run_address>0x97e</run_address>
         <size>0x4b</size>
         <input_file_ref idref="fl-1b"/>
      </object_component>
      <object_component id="oc-65">
         <name>.debug_line</name>
         <load_address>0x9c9</load_address>
         <run_address>0x9c9</run_address>
         <size>0x46</size>
         <input_file_ref idref="fl-1c"/>
      </object_component>
      <object_component id="oc-68">
         <name>.debug_line</name>
         <load_address>0xa0f</load_address>
         <run_address>0xa0f</run_address>
         <size>0x4e</size>
         <input_file_ref idref="fl-1d"/>
      </object_component>
      <object_component id="oc-6b">
         <name>.debug_line</name>
         <load_address>0xa5d</load_address>
         <run_address>0xa5d</run_address>
         <size>0x3f</size>
         <input_file_ref idref="fl-1e"/>
      </object_component>
      <object_component id="oc-71">
         <name>.debug_line</name>
         <load_address>0xa9c</load_address>
         <run_address>0xa9c</run_address>
         <size>0xbf</size>
         <input_file_ref idref="fl-1f"/>
      </object_component>
      <object_component id="oc-12">
         <name>.debug_abbrev</name>
         <load_address>0x0</load_address>
         <run_address>0x0</run_address>
         <size>0x20</size>
         <input_file_ref idref="fl-2"/>
      </object_component>
      <object_component id="oc-19">
         <name>.debug_abbrev</name>
         <load_address>0x20</load_address>
         <run_address>0x20</run_address>
         <size>0x175</size>
         <input_file_ref idref="fl-3"/>
      </object_component>
      <object_component id="oc-1f">
         <name>.debug_abbrev</name>
         <load_address>0x195</load_address>
         <run_address>0x195</run_address>
         <size>0x15d</size>
         <input_file_ref idref="fl-4"/>
      </object_component>
      <object_component id="oc-23">
         <name>.debug_abbrev</name>
         <load_address>0x2f2</load_address>
         <run_address>0x2f2</run_address>
         <size>0x1b7</size>
         <input_file_ref idref="fl-a"/>
      </object_component>
      <object_component id="oc-39">
         <name>.debug_abbrev</name>
         <load_address>0x4a9</load_address>
         <run_address>0x4a9</run_address>
         <size>0xe7</size>
         <input_file_ref idref="fl-f"/>
      </object_component>
      <object_component id="oc-3e">
         <name>.debug_abbrev</name>
         <load_address>0x590</load_address>
         <run_address>0x590</run_address>
         <size>0x119</size>
         <input_file_ref idref="fl-10"/>
      </object_component>
      <object_component id="oc-41">
         <name>.debug_abbrev</name>
         <load_address>0x6a9</load_address>
         <run_address>0x6a9</run_address>
         <size>0x3a</size>
         <input_file_ref idref="fl-11"/>
      </object_component>
      <object_component id="oc-44">
         <name>.debug_abbrev</name>
         <load_address>0x6e3</load_address>
         <run_address>0x6e3</run_address>
         <size>0x3a</size>
         <input_file_ref idref="fl-12"/>
      </object_component>
      <object_component id="oc-49">
         <name>.debug_abbrev</name>
         <load_address>0x71d</load_address>
         <run_address>0x71d</run_address>
         <size>0xcc</size>
         <input_file_ref idref="fl-13"/>
      </object_component>
      <object_component id="oc-4c">
         <name>.debug_abbrev</name>
         <load_address>0x7e9</load_address>
         <run_address>0x7e9</run_address>
         <size>0x146</size>
         <input_file_ref idref="fl-14"/>
      </object_component>
      <object_component id="oc-4f">
         <name>.debug_abbrev</name>
         <load_address>0x92f</load_address>
         <run_address>0x92f</run_address>
         <size>0x9a</size>
         <input_file_ref idref="fl-15"/>
      </object_component>
      <object_component id="oc-52">
         <name>.debug_abbrev</name>
         <load_address>0x9c9</load_address>
         <run_address>0x9c9</run_address>
         <size>0xa1</size>
         <input_file_ref idref="fl-16"/>
      </object_component>
      <object_component id="oc-55">
         <name>.debug_abbrev</name>
         <load_address>0xa6a</load_address>
         <run_address>0xa6a</run_address>
         <size>0xaf</size>
         <input_file_ref idref="fl-17"/>
      </object_component>
      <object_component id="oc-58">
         <name>.debug_abbrev</name>
         <load_address>0xb19</load_address>
         <run_address>0xb19</run_address>
         <size>0xaf</size>
         <input_file_ref idref="fl-18"/>
      </object_component>
      <object_component id="oc-5d">
         <name>.debug_abbrev</name>
         <load_address>0xbc8</load_address>
         <run_address>0xbc8</run_address>
         <size>0x9f</size>
         <input_file_ref idref="fl-19"/>
      </object_component>
      <object_component id="oc-60">
         <name>.debug_abbrev</name>
         <load_address>0xc67</load_address>
         <run_address>0xc67</run_address>
         <size>0xe1</size>
         <input_file_ref idref="fl-1a"/>
      </object_component>
      <object_component id="oc-63">
         <name>.debug_abbrev</name>
         <load_address>0xd48</load_address>
         <run_address>0xd48</run_address>
         <size>0x155</size>
         <input_file_ref idref="fl-1b"/>
      </object_component>
      <object_component id="oc-66">
         <name>.debug_abbrev</name>
         <load_address>0xe9d</load_address>
         <run_address>0xe9d</run_address>
         <size>0x10c</size>
         <input_file_ref idref="fl-1c"/>
      </object_component>
      <object_component id="oc-69">
         <name>.debug_abbrev</name>
         <load_address>0xfa9</load_address>
         <run_address>0xfa9</run_address>
         <size>0xd5</size>
         <input_file_ref idref="fl-1d"/>
      </object_component>
      <object_component id="oc-6c">
         <name>.debug_abbrev</name>
         <load_address>0x107e</load_address>
         <run_address>0x107e</run_address>
         <size>0xa3</size>
         <input_file_ref idref="fl-1e"/>
      </object_component>
      <object_component id="oc-6f">
         <name>.debug_abbrev</name>
         <load_address>0x1121</load_address>
         <run_address>0x1121</run_address>
         <size>0x1a3</size>
         <input_file_ref idref="fl-1f"/>
      </object_component>
      <object_component id="oc-a9">
         <name>.debug_abbrev</name>
         <load_address>0x12c4</load_address>
         <run_address>0x12c4</run_address>
         <size>0xd</size>
      </object_component>
      <object_component id="oc-17">
         <name>.debug_frame</name>
         <load_address>0x0</load_address>
         <run_address>0x0</run_address>
         <size>0x329</size>
         <input_file_ref idref="fl-3"/>
      </object_component>
      <object_component id="oc-1d">
         <name>.debug_frame</name>
         <load_address>0x329</load_address>
         <run_address>0x329</run_address>
         <size>0x453</size>
         <input_file_ref idref="fl-4"/>
      </object_component>
      <object_component id="oc-29">
         <name>$BRID</name>
         <load_address>0x0</load_address>
         <run_address>0x0</run_address>
         <size>0x54</size>
         <input_file_ref idref="fl-b"/>
      </object_component>
      <object_component id="oc-2d">
         <name>$BRID</name>
         <load_address>0x54</load_address>
         <run_address>0x54</run_address>
         <size>0x24</size>
         <input_file_ref idref="fl-c"/>
      </object_component>
      <object_component id="oc-31">
         <name>$BRID</name>
         <load_address>0x78</load_address>
         <run_address>0x78</run_address>
         <size>0x14</size>
         <input_file_ref idref="fl-d"/>
      </object_component>
      <object_component id="oc-35">
         <name>$BRID</name>
         <load_address>0x8c</load_address>
         <run_address>0x8c</run_address>
         <size>0xc</size>
         <input_file_ref idref="fl-e"/>
      </object_component>
   </object_component_list>
   <logical_group_list>
      <logical_group id="lg-2">
         <name>vectors</name>
         <load_address>0x0</load_address>
         <run_address>0x0</run_address>
         <size>0x200</size>
         <contents>
            <object_component_ref idref="oc-f"/>
         </contents>
      </logical_group>
      <logical_group id="lg-3">
         <name>.cinit</name>
         <load_address>0x4360</load_address>
         <run_address>0x4360</run_address>
         <size>0x344</size>
         <contents>
            <object_component_ref idref="oc-21"/>
            <object_component_ref idref="oc-14"/>
            <object_component_ref idref="oc-6d"/>
            <object_component_ref idref="oc-46"/>
            <object_component_ref idref="oc-2f"/>
            <object_component_ref idref="oc-3b"/>
            <object_component_ref idref="oc-33"/>
            <object_component_ref idref="oc-5a"/>
            <object_component_ref idref="oc-1b"/>
         </contents>
      </logical_group>
      <logical_group id="lg-4">
         <name>.text</name>
         <load_address>0x220</load_address>
         <run_address>0x220</run_address>
         <size>0x3940</size>
         <contents>
            <object_component_ref idref="oc-78"/>
            <object_component_ref idref="oc-76"/>
            <object_component_ref idref="oc-79"/>
            <object_component_ref idref="oc-26"/>
            <object_component_ref idref="oc-75"/>
            <object_component_ref idref="oc-87"/>
            <object_component_ref idref="oc-16"/>
            <object_component_ref idref="oc-2a"/>
            <object_component_ref idref="oc-7f"/>
            <object_component_ref idref="oc-8a"/>
            <object_component_ref idref="oc-8d"/>
            <object_component_ref idref="oc-72"/>
            <object_component_ref idref="oc-2e"/>
            <object_component_ref idref="oc-74"/>
            <object_component_ref idref="oc-7b"/>
            <object_component_ref idref="oc-7c"/>
            <object_component_ref idref="oc-77"/>
            <object_component_ref idref="oc-7a"/>
            <object_component_ref idref="oc-82"/>
            <object_component_ref idref="oc-7e"/>
            <object_component_ref idref="oc-83"/>
            <object_component_ref idref="oc-32"/>
            <object_component_ref idref="oc-8e"/>
            <object_component_ref idref="oc-8f"/>
            <object_component_ref idref="oc-e"/>
            <object_component_ref idref="oc-8b"/>
            <object_component_ref idref="oc-85"/>
            <object_component_ref idref="oc-73"/>
            <object_component_ref idref="oc-81"/>
            <object_component_ref idref="oc-88"/>
            <object_component_ref idref="oc-8c"/>
            <object_component_ref idref="oc-89"/>
            <object_component_ref idref="oc-7d"/>
            <object_component_ref idref="oc-80"/>
            <object_component_ref idref="oc-20"/>
         </contents>
      </logical_group>
      <logical_group id="lg-5">
         <name>.stack</name>
         <run_address>0x3b60</run_address>
         <size>0x800</size>
         <contents>
            <object_component_ref idref="oc-37"/>
            <object_component_ref idref="oc-a7"/>
         </contents>
      </logical_group>
      <logical_group id="lg-6">
         <name>.bss</name>
         <run_address>0x220</run_address>
         <size>0x0</size>
         <contents>
         </contents>
      </logical_group>
      <logical_group id="lg-7">
         <name>.const</name>
         <load_address>0x46a4</load_address>
         <run_address>0x46a4</run_address>
         <size>0x68</size>
         <contents>
            <object_component_ref idref="oc-2c"/>
            <object_component_ref idref="oc-28"/>
            <object_component_ref idref="oc-86"/>
         </contents>
      </logical_group>
      <logical_group id="lg-8">
         <name>.data</name>
         <run_address>0x220</run_address>
         <size>0x0</size>
         <contents>
         </contents>
      </logical_group>
      <logical_group id="lg-9">
         <name>.far</name>
         <run_address>0x80000000</run_address>
         <size>0x11b8</size>
         <contents>
            <object_component_ref idref="oc-15"/>
            <object_component_ref idref="oc-1c"/>
            <object_component_ref idref="oc-22"/>
            <object_component_ref idref="oc-27"/>
            <object_component_ref idref="oc-2b"/>
            <object_component_ref idref="oc-30"/>
            <object_component_ref idref="oc-34"/>
            <object_component_ref idref="oc-3c"/>
            <object_component_ref idref="oc-47"/>
            <object_component_ref idref="oc-5b"/>
            <object_component_ref idref="oc-6e"/>
         </contents>
      </logical_group>
      <logical_group id="lg-a">
         <name>.switch</name>
         <load_address>0x470c</load_address>
         <run_address>0x470c</run_address>
         <size>0x30</size>
         <contents>
            <object_component_ref idref="oc-84"/>
         </contents>
      </logical_group>
      <logical_group id="lg-b">
         <name>.sysmem</name>
         <run_address>0x0</run_address>
         <size>0x0</size>
         <contents>
         </contents>
      </logical_group>
      <logical_group id="lg-c">
         <name>.tables</name>
         <run_address>0x0</run_address>
         <size>0x0</size>
         <contents>
         </contents>
      </logical_group>
      <logical_group id="lg-d">
         <name>.cio</name>
         <run_address>0x0</run_address>
         <size>0x0</size>
         <contents>
         </contents>
      </logical_group>
      <logical_group id="lg-9c">
         <name>.debug_info</name>
         <load_address>0x0</load_address>
         <run_address>0x0</run_address>
         <size>0xaa5b</size>
         <contents>
            <object_component_ref idref="oc-10"/>
            <object_component_ref idref="oc-13"/>
            <object_component_ref idref="oc-1a"/>
            <object_component_ref idref="oc-24"/>
            <object_component_ref idref="oc-36"/>
            <object_component_ref idref="oc-3a"/>
            <object_component_ref idref="oc-3f"/>
            <object_component_ref idref="oc-42"/>
            <object_component_ref idref="oc-45"/>
            <object_component_ref idref="oc-4a"/>
            <object_component_ref idref="oc-4d"/>
            <object_component_ref idref="oc-50"/>
            <object_component_ref idref="oc-53"/>
            <object_component_ref idref="oc-56"/>
            <object_component_ref idref="oc-59"/>
            <object_component_ref idref="oc-5e"/>
            <object_component_ref idref="oc-61"/>
            <object_component_ref idref="oc-64"/>
            <object_component_ref idref="oc-67"/>
            <object_component_ref idref="oc-6a"/>
            <object_component_ref idref="oc-70"/>
            <object_component_ref idref="oc-a8"/>
         </contents>
      </logical_group>
      <logical_group id="lg-9e">
         <name>.debug_line</name>
         <load_address>0x0</load_address>
         <run_address>0x0</run_address>
         <size>0xb5b</size>
         <contents>
            <object_component_ref idref="oc-11"/>
            <object_component_ref idref="oc-18"/>
            <object_component_ref idref="oc-1e"/>
            <object_component_ref idref="oc-25"/>
            <object_component_ref idref="oc-38"/>
            <object_component_ref idref="oc-3d"/>
            <object_component_ref idref="oc-40"/>
            <object_component_ref idref="oc-43"/>
            <object_component_ref idref="oc-48"/>
            <object_component_ref idref="oc-4b"/>
            <object_component_ref idref="oc-4e"/>
            <object_component_ref idref="oc-51"/>
            <object_component_ref idref="oc-54"/>
            <object_component_ref idref="oc-57"/>
            <object_component_ref idref="oc-5c"/>
            <object_component_ref idref="oc-5f"/>
            <object_component_ref idref="oc-62"/>
            <object_component_ref idref="oc-65"/>
            <object_component_ref idref="oc-68"/>
            <object_component_ref idref="oc-6b"/>
            <object_component_ref idref="oc-71"/>
         </contents>
      </logical_group>
      <logical_group id="lg-a0">
         <name>.debug_abbrev</name>
         <load_address>0x0</load_address>
         <run_address>0x0</run_address>
         <size>0x12d1</size>
         <contents>
            <object_component_ref idref="oc-12"/>
            <object_component_ref idref="oc-19"/>
            <object_component_ref idref="oc-1f"/>
            <object_component_ref idref="oc-23"/>
            <object_component_ref idref="oc-39"/>
            <object_component_ref idref="oc-3e"/>
            <object_component_ref idref="oc-41"/>
            <object_component_ref idref="oc-44"/>
            <object_component_ref idref="oc-49"/>
            <object_component_ref idref="oc-4c"/>
            <object_component_ref idref="oc-4f"/>
            <object_component_ref idref="oc-52"/>
            <object_component_ref idref="oc-55"/>
            <object_component_ref idref="oc-58"/>
            <object_component_ref idref="oc-5d"/>
            <object_component_ref idref="oc-60"/>
            <object_component_ref idref="oc-63"/>
            <object_component_ref idref="oc-66"/>
            <object_component_ref idref="oc-69"/>
            <object_component_ref idref="oc-6c"/>
            <object_component_ref idref="oc-6f"/>
            <object_component_ref idref="oc-a9"/>
         </contents>
      </logical_group>
      <logical_group id="lg-a2">
         <name>.debug_frame</name>
         <load_address>0x0</load_address>
         <run_address>0x0</run_address>
         <size>0x77c</size>
         <contents>
            <object_component_ref idref="oc-17"/>
            <object_component_ref idref="oc-1d"/>
         </contents>
      </logical_group>
      <logical_group id="lg-a4">
         <name>$BRID</name>
         <load_address>0x0</load_address>
         <run_address>0x0</run_address>
         <size>0x98</size>
         <contents>
            <object_component_ref idref="oc-29"/>
            <object_component_ref idref="oc-2d"/>
            <object_component_ref idref="oc-31"/>
            <object_component_ref idref="oc-35"/>
         </contents>
      </logical_group>
   </logical_group_list>
   <placement_map>
      <memory_area>
         <name>vecs</name>
         <page_id>0x0</page_id>
         <origin>0x0</origin>
         <length>0x220</length>
         <used_space>0x200</used_space>
         <unused_space>0x20</unused_space>
         <attributes>RWIX</attributes>
         <usage_details>
            <allocated_space>
               <start_address>0x0</start_address>
               <size>0x200</size>
               <logical_group_ref idref="lg-2"/>
            </allocated_space>
            <available_space>
               <start_address>0x200</start_address>
               <size>0x20</size>
            </available_space>
         </usage_details>
      </memory_area>
      <memory_area>
         <name>IRAM</name>
         <page_id>0x0</page_id>
         <origin>0x220</origin>
         <length>0xffe0</length>
         <used_space>0x451c</used_space>
         <unused_space>0xbac4</unused_space>
         <attributes>RWIX</attributes>
         <usage_details>
            <allocated_space>
               <start_address>0x220</start_address>
               <size>0x0</size>
               <logical_group_ref idref="lg-8"/>
            </allocated_space>
            <allocated_space>
               <start_address>0x220</start_address>
               <size>0x0</size>
               <logical_group_ref idref="lg-6"/>
            </allocated_space>
            <allocated_space>
               <start_address>0x220</start_address>
               <size>0x3940</size>
               <logical_group_ref idref="lg-4"/>
            </allocated_space>
            <allocated_space>
               <start_address>0x3b60</start_address>
               <size>0x800</size>
               <logical_group_ref idref="lg-5"/>
            </allocated_space>
            <allocated_space>
               <start_address>0x4360</start_address>
               <size>0x344</size>
               <logical_group_ref idref="lg-3"/>
            </allocated_space>
            <allocated_space>
               <start_address>0x46a4</start_address>
               <size>0x68</size>
               <logical_group_ref idref="lg-7"/>
            </allocated_space>
            <allocated_space>
               <start_address>0x470c</start_address>
               <size>0x30</size>
               <logical_group_ref idref="lg-a"/>
            </allocated_space>
            <available_space>
               <start_address>0x473c</start_address>
               <size>0xbac4</size>
            </available_space>
         </usage_details>
      </memory_area>
      <memory_area>
         <name>CE0</name>
         <page_id>0x0</page_id>
         <origin>0x80000000</origin>
         <length>0x1000000</length>
         <used_space>0x11b8</used_space>
         <unused_space>0xffee48</unused_space>
         <attributes>RWIX</attributes>
         <usage_details>
            <allocated_space>
               <start_address>0x80000000</start_address>
               <size>0x11b8</size>
               <logical_group_ref idref="lg-9"/>
            </allocated_space>
            <available_space>
               <start_address>0x800011b8</start_address>
               <size>0xffee48</size>
            </available_space>
         </usage_details>
      </memory_area>
   </placement_map>
   <symbol_table>
      <symbol id="sm-0">
         <name>cinit</name>
         <value>0x4360</value>
      </symbol>
      <symbol id="sm-1">
         <name>___cinit__</name>
         <value>0x4360</value>
      </symbol>
      <symbol id="sm-2">
         <name>pinit</name>
         <value>0xffffffff</value>
      </symbol>
      <symbol id="sm-3">
         <name>___pinit__</name>
         <value>0xffffffff</value>
      </symbol>
      <symbol id="sm-4">
         <name>binit</name>
         <value>0xffffffff</value>
      </symbol>
      <symbol id="sm-5">
         <name>___binit__</name>
         <value>0xffffffff</value>
      </symbol>
      <symbol id="sm-6">
         <name>__STACK_SIZE</name>
         <value>0x800</value>
      </symbol>
      <symbol id="sm-7">
         <name>__STACK_END</name>
         <value>0x4360</value>
      </symbol>
      <symbol id="sm-8">
         <name>___c_args__</name>
         <value>0xffffffff</value>
      </symbol>
      <symbol id="sm-9">
         <name>.text</name>
         <value>0x220</value>
      </symbol>
      <symbol id="sm-a">
         <name>___text__</name>
         <value>0x220</value>
      </symbol>
      <symbol id="sm-b">
         <name>etext</name>
         <value>0x3b60</value>
      </symbol>
      <symbol id="sm-c">
         <name>___etext__</name>
         <value>0x3b60</value>
      </symbol>
      <symbol id="sm-d">
         <name>.data</name>
         <value>0x220</value>
      </symbol>
      <symbol id="sm-e">
         <name>___data__</name>
         <value>0x220</value>
      </symbol>
      <symbol id="sm-f">
         <name>edata</name>
         <value>0x220</value>
      </symbol>
      <symbol id="sm-10">
         <name>___edata__</name>
         <value>0x220</value>
      </symbol>
      <symbol id="sm-11">
         <name>.bss</name>
         <value>0x220</value>
      </symbol>
      <symbol id="sm-12">
         <name>___bss__</name>
         <value>0x220</value>
      </symbol>
      <symbol id="sm-13">
         <name>end</name>
         <value>0x220</value>
      </symbol>
      <symbol id="sm-14">
         <name>___end__</name>
         <value>0x220</value>
      </symbol>
      <symbol id="sm-15">
         <name>___TI_pprof_out_hndl</name>
         <value>0xffffffff</value>
      </symbol>
      <symbol id="sm-16">
         <name>___TI_prof_data_start</name>
         <value>0xffffffff</value>
      </symbol>
      <symbol id="sm-17">
         <name>___TI_prof_data_size</name>
         <value>0xffffffff</value>
      </symbol>
      <symbol id="sm-18">
         <name>$bss</name>
         <value>0x220</value>
      </symbol>
      <symbol id="sm-86">
         <name>_main</name>
         <value>0x1514</value>
         <object_component_ref idref="oc-79"/>
      </symbol>
      <symbol id="sm-87">
         <name>_noise</name>
         <value>0x80000124</value>
         <object_component_ref idref="oc-15"/>
      </symbol>
      <symbol id="sm-88">
         <name>_wr</name>
         <value>0x80000114</value>
         <object_component_ref idref="oc-15"/>
      </symbol>
      <symbol id="sm-89">
         <name>_ask4_4</name>
         <value>0x150c</value>
         <object_component_ref idref="oc-79"/>
      </symbol>
      <symbol id="sm-8a">
         <name>_re</name>
         <value>0x80000118</value>
         <object_component_ref idref="oc-15"/>
      </symbol>
      <symbol id="sm-8b">
         <name>_desired</name>
         <value>0x80000100</value>
         <object_component_ref idref="oc-15"/>
      </symbol>
      <symbol id="sm-8c">
         <name>_error</name>
         <value>0x800000fc</value>
         <object_component_ref idref="oc-15"/>
      </symbol>
      <symbol id="sm-8d">
         <name>_delay</name>
         <value>0x80000f2c</value>
         <object_component_ref idref="oc-15"/>
      </symbol>
      <symbol id="sm-8e">
         <name>_weight</name>
         <value>0x8000000c</value>
         <object_component_ref idref="oc-15"/>
      </symbol>
      <symbol id="sm-8f">
         <name>_xn2</name>
         <value>0x80000104</value>
         <object_component_ref idref="oc-15"/>
      </symbol>
      <symbol id="sm-90">
         <name>_timer</name>
         <value>0x80000120</value>
         <object_component_ref idref="oc-15"/>
      </symbol>
      <symbol id="sm-91">
         <name>_voice</name>
         <value>0x80000d28</value>
         <object_component_ref idref="oc-15"/>
      </symbol>
      <symbol id="sm-92">
         <name>_err</name>
         <value>0x80000528</value>
         <object_component_ref idref="oc-15"/>
      </symbol>
      <symbol id="sm-93">
         <name>_serial_port_rcv_isr</name>
         <value>0x2180</value>
         <object_component_ref idref="oc-16"/>
      </symbol>
      <symbol id="sm-94">
         <name>_output</name>
         <value>0x80000928</value>
         <object_component_ref idref="oc-15"/>
      </symbol>
      <symbol id="sm-95">
         <name>_freq</name>
         <value>0x80000000</value>
         <object_component_ref idref="oc-15"/>
      </symbol>
      <symbol id="sm-96">
         <name>_nlms</name>
         <value>0x1140</value>
         <object_component_ref idref="oc-79"/>
      </symbol>
      <symbol id="sm-97">
         <name>_sum</name>
         <value>0x80000f28</value>
         <object_component_ref idref="oc-15"/>
      </symbol>
      <symbol id="sm-98">
         <name>_y</name>
         <value>0x80000108</value>
         <object_component_ref idref="oc-15"/>
      </symbol>
      <symbol id="sm-99">
         <name>_x</name>
         <value>0x80000084</value>
         <object_component_ref idref="oc-15"/>
      </symbol>
      <symbol id="sm-9a">
         <name>_k</name>
         <value>0x8000011c</value>
         <object_component_ref idref="oc-15"/>
      </symbol>
      <symbol id="sm-9b">
         <name>_j</name>
         <value>0x80000110</value>
         <object_component_ref idref="oc-15"/>
      </symbol>
      <symbol id="sm-9c">
         <name>_i</name>
         <value>0x8000010c</value>
         <object_component_ref idref="oc-15"/>
      </symbol>
      <symbol id="sm-9d">
         <name>_input</name>
         <value>0x80000128</value>
         <object_component_ref idref="oc-15"/>
      </symbol>
      <symbol id="sm-9e">
         <name>_init_hw_interrupts</name>
         <value>0x15ac</value>
         <object_component_ref idref="oc-79"/>
      </symbol>
      <symbol id="sm-d4">
         <name>_enableNMI</name>
         <value>0xa18</value>
         <object_component_ref idref="oc-76"/>
      </symbol>
      <symbol id="sm-d5">
         <name>_comm_poll</name>
         <value>0xeb8</value>
         <object_component_ref idref="oc-76"/>
      </symbol>
      <symbol id="sm-d6">
         <name>_output_left_sample</name>
         <value>0x1050</value>
         <object_component_ref idref="oc-76"/>
      </symbol>
      <symbol id="sm-d7">
         <name>_polling</name>
         <value>0x80001194</value>
         <object_component_ref idref="oc-1c"/>
      </symbol>
      <symbol id="sm-d8">
         <name>_comm_intr</name>
         <value>0xeec</value>
         <object_component_ref idref="oc-76"/>
      </symbol>
      <symbol id="sm-d9">
         <name>_input_left_sample</name>
         <value>0xf68</value>
         <object_component_ref idref="oc-76"/>
      </symbol>
      <symbol id="sm-da">
         <name>_c6x11_dsk_init</name>
         <value>0xe5c</value>
         <object_component_ref idref="oc-76"/>
      </symbol>
      <symbol id="sm-db">
         <name>_output_sample</name>
         <value>0x1028</value>
         <object_component_ref idref="oc-76"/>
      </symbol>
      <symbol id="sm-dc">
         <name>_output_leftright_sample</name>
         <value>0x10f4</value>
         <object_component_ref idref="oc-76"/>
      </symbol>
      <symbol id="sm-dd">
         <name>_mcbsp1_activate</name>
         <value>0x111c</value>
         <object_component_ref idref="oc-76"/>
      </symbol>
      <symbol id="sm-de">
         <name>_mcbsp1_init</name>
         <value>0xcd0</value>
         <object_component_ref idref="oc-76"/>
      </symbol>
      <symbol id="sm-df">
         <name>_input_right_sample</name>
         <value>0xfa8</value>
         <object_component_ref idref="oc-76"/>
      </symbol>
      <symbol id="sm-e0">
         <name>_enableSpecificINT</name>
         <value>0xa30</value>
         <object_component_ref idref="oc-76"/>
      </symbol>
      <symbol id="sm-e1">
         <name>_enableGlobalINT</name>
         <value>0xa00</value>
         <object_component_ref idref="oc-76"/>
      </symbol>
      <symbol id="sm-e2">
         <name>_config_Interrupt_Selector</name>
         <value>0xa6c</value>
         <object_component_ref idref="oc-76"/>
      </symbol>
      <symbol id="sm-e3">
         <name>_mcbsp1_read</name>
         <value>0xd58</value>
         <object_component_ref idref="oc-76"/>
      </symbol>
      <symbol id="sm-e4">
         <name>_mcbsp1_write</name>
         <value>0xde4</value>
         <object_component_ref idref="oc-76"/>
      </symbol>
      <symbol id="sm-e5">
         <name>_Act_Fs</name>
         <value>0x80001190</value>
         <object_component_ref idref="oc-1c"/>
      </symbol>
      <symbol id="sm-e6">
         <name>_input_leftright_sample</name>
         <value>0xfe8</value>
         <object_component_ref idref="oc-76"/>
      </symbol>
      <symbol id="sm-e7">
         <name>_mcbspData</name>
         <value>0x80001198</value>
         <object_component_ref idref="oc-1c"/>
      </symbol>
      <symbol id="sm-e8">
         <name>_input_sample</name>
         <value>0xf44</value>
         <object_component_ref idref="oc-76"/>
      </symbol>
      <symbol id="sm-e9">
         <name>_output_right_sample</name>
         <value>0x10a8</value>
         <object_component_ref idref="oc-76"/>
      </symbol>
      <symbol id="sm-103">
         <name>__IRQ_eventTable</name>
         <value>0x80001000</value>
         <object_component_ref idref="oc-22"/>
      </symbol>
      <symbol id="sm-104">
         <name>_IRQ_nmiEnable</name>
         <value>0x3ae0</value>
         <object_component_ref idref="oc-89"/>
      </symbol>
      <symbol id="sm-105">
         <name>__IRQ_intTable</name>
         <value>0x80001084</value>
         <object_component_ref idref="oc-22"/>
      </symbol>
      <symbol id="sm-106">
         <name>_IRQ_globalEnable</name>
         <value>0x3ac0</value>
         <object_component_ref idref="oc-8c"/>
      </symbol>
      <symbol id="sm-107">
         <name>_IRQ_globalDisable</name>
         <value>0x3aa0</value>
         <object_component_ref idref="oc-88"/>
      </symbol>
      <symbol id="sm-108">
         <name>_IRQ_map</name>
         <value>0x29e0</value>
         <object_component_ref idref="oc-8a"/>
      </symbol>
      <symbol id="sm-109">
         <name>_IRQ_enable</name>
         <value>0x39a0</value>
         <object_component_ref idref="oc-8b"/>
      </symbol>
      <symbol id="sm-10a">
         <name>__IRQ_dispatchTable</name>
         <value>0x800010c4</value>
         <object_component_ref idref="oc-22"/>
      </symbol>
      <symbol id="sm-10b">
         <name>__IRQ_hookFetchPacket</name>
         <value>0x3b40</value>
         <object_component_ref idref="oc-20"/>
      </symbol>
      <symbol id="sm-115">
         <name>_DSK6713_init</name>
         <value>0x1690</value>
         <object_component_ref idref="oc-26"/>
      </symbol>
      <symbol id="sm-116">
         <name>_DSK6713_version</name>
         <value>0x800010cc</value>
         <object_component_ref idref="oc-27"/>
      </symbol>
      <symbol id="sm-117">
         <name>_DSK6713_rget</name>
         <value>0x1990</value>
         <object_component_ref idref="oc-26"/>
      </symbol>
      <symbol id="sm-118">
         <name>_DSK6713_wait</name>
         <value>0x19b8</value>
         <object_component_ref idref="oc-26"/>
      </symbol>
      <symbol id="sm-119">
         <name>_DSK6713_rset</name>
         <value>0x19a4</value>
         <object_component_ref idref="oc-26"/>
      </symbol>
      <symbol id="sm-11a">
         <name>_DSK6713_waitusec</name>
         <value>0x1a0c</value>
         <object_component_ref idref="oc-26"/>
      </symbol>
      <symbol id="sm-11b">
         <name>_DSK6713_getVersion</name>
         <value>0x1a38</value>
         <object_component_ref idref="oc-26"/>
      </symbol>
      <symbol id="sm-125">
         <name>_DSK6713_AIC23_codeccontrolhandle</name>
         <value>0x800011a8</value>
         <object_component_ref idref="oc-2b"/>
      </symbol>
      <symbol id="sm-126">
         <name>_DSK6713_AIC23_codecdatahandle</name>
         <value>0x800011ac</value>
         <object_component_ref idref="oc-2b"/>
      </symbol>
      <symbol id="sm-127">
         <name>_DSK6713_AIC23_openCodec</name>
         <value>0x24a0</value>
         <object_component_ref idref="oc-2a"/>
      </symbol>
      <symbol id="sm-131">
         <name>_DSK6713_AIC23_config</name>
         <value>0x2f60</value>
         <object_component_ref idref="oc-2e"/>
      </symbol>
      <symbol id="sm-132">
         <name>_DSK6713_AIC23_rget</name>
         <value>0x2f3c</value>
         <object_component_ref idref="oc-2e"/>
      </symbol>
      <symbol id="sm-133">
         <name>_DSK6713_AIC23_rset</name>
         <value>0x2ea0</value>
         <object_component_ref idref="oc-2e"/>
      </symbol>
      <symbol id="sm-13d">
         <name>_DSK6713_AIC23_setFreq</name>
         <value>0x3720</value>
         <object_component_ref idref="oc-32"/>
      </symbol>
      <symbol id="sm-149">
         <name>_c_int00</name>
         <value>0x3920</value>
         <object_component_ref idref="oc-e"/>
      </symbol>
      <symbol id="sm-14a">
         <name>__stack</name>
         <value>0x3b60</value>
         <object_component_ref idref="oc-37"/>
      </symbol>
      <symbol id="sm-15a">
         <name>C$$EXIT</name>
         <value>0x3b20</value>
         <object_component_ref idref="oc-80"/>
      </symbol>
      <symbol id="sm-15b">
         <name>_exit</name>
         <value>0x2fe0</value>
         <object_component_ref idref="oc-74"/>
      </symbol>
      <symbol id="sm-15c">
         <name>___TI_enable_exit_profile_output</name>
         <value>0x800011a4</value>
         <object_component_ref idref="oc-3c"/>
      </symbol>
      <symbol id="sm-15d">
         <name>_abort</name>
         <value>0x3b20</value>
         <object_component_ref idref="oc-80"/>
      </symbol>
      <symbol id="sm-15e">
         <name>__cleanup_ptr</name>
         <value>0x8000119c</value>
         <object_component_ref idref="oc-3c"/>
      </symbol>
      <symbol id="sm-15f">
         <name>__dtors_ptr</name>
         <value>0x800011a0</value>
         <object_component_ref idref="oc-3c"/>
      </symbol>
      <symbol id="sm-167">
         <name>__remi</name>
         <value>0x3300</value>
         <object_component_ref idref="oc-77"/>
      </symbol>
      <symbol id="sm-168">
         <name>__c6xabi_remi</name>
         <value>0x3300</value>
         <object_component_ref idref="oc-77"/>
      </symbol>
      <symbol id="sm-170">
         <name>__strasg</name>
         <value>0x3400</value>
         <object_component_ref idref="oc-7a"/>
      </symbol>
      <symbol id="sm-17e">
         <name>_cos</name>
         <value>0x1ac0</value>
         <object_component_ref idref="oc-75"/>
      </symbol>
      <symbol id="sm-18c">
         <name>__divd</name>
         <value>0x220</value>
         <object_component_ref idref="oc-78"/>
      </symbol>
      <symbol id="sm-196">
         <name>__frcmpyd_div</name>
         <value>0x1e40</value>
         <object_component_ref idref="oc-87"/>
      </symbol>
      <symbol id="sm-1a0">
         <name>_modf</name>
         <value>0x3660</value>
         <object_component_ref idref="oc-83"/>
      </symbol>
      <symbol id="sm-1aa">
         <name>__nround</name>
         <value>0x34e0</value>
         <object_component_ref idref="oc-82"/>
      </symbol>
      <symbol id="sm-1b4">
         <name>__trunc</name>
         <value>0x3a60</value>
         <object_component_ref idref="oc-81"/>
      </symbol>
      <symbol id="sm-1c2">
         <name>__unlock</name>
         <value>0x800011b4</value>
         <object_component_ref idref="oc-5b"/>
      </symbol>
      <symbol id="sm-1c3">
         <name>__lock</name>
         <value>0x800011b0</value>
         <object_component_ref idref="oc-5b"/>
      </symbol>
      <symbol id="sm-1c4">
         <name>__nop</name>
         <value>0x3b00</value>
         <object_component_ref idref="oc-7d"/>
      </symbol>
      <symbol id="sm-1ce">
         <name>__args_main</name>
         <value>0x3a20</value>
         <object_component_ref idref="oc-73"/>
      </symbol>
      <symbol id="sm-1cf">
         <name>__TI_args_main</name>
         <value>0x1</value>
      </symbol>
      <symbol id="sm-1d9">
         <name>__auto_init</name>
         <value>0x2d40</value>
         <object_component_ref idref="oc-72"/>
      </symbol>
      <symbol id="sm-1e3">
         <name>_copy_in</name>
         <value>0x35a0</value>
         <object_component_ref idref="oc-7e"/>
      </symbol>
      <symbol id="sm-1ed">
         <name>_memcpy</name>
         <value>0x27a0</value>
         <object_component_ref idref="oc-7f"/>
      </symbol>
      <symbol id="sm-1f7">
         <name>__mpyll</name>
         <value>0x37e0</value>
         <object_component_ref idref="oc-8e"/>
      </symbol>
      <symbol id="sm-209">
         <name>_MCBSP_reset</name>
         <value>0x2ba0</value>
         <object_component_ref idref="oc-8d"/>
      </symbol>
      <symbol id="sm-20a">
         <name>_MCBSP_open</name>
         <value>0x3100</value>
         <object_component_ref idref="oc-7b"/>
      </symbol>
      <symbol id="sm-20b">
         <name>__MCBSP_hDev0</name>
         <value>0x80001140</value>
         <object_component_ref idref="oc-6e"/>
      </symbol>
      <symbol id="sm-20c">
         <name>__MCBSP_hDev1</name>
         <value>0x80001144</value>
         <object_component_ref idref="oc-6e"/>
      </symbol>
      <symbol id="sm-20d">
         <name>_MCBSP_start</name>
         <value>0x3200</value>
         <object_component_ref idref="oc-7c"/>
      </symbol>
   </symbol_table>
</link_info>
