******************************************************************************
               TMS320C6x Linker PC v7.4.4                      
******************************************************************************
>> Linked Thu Mar 23 20:20:15 2017

OUTPUT FILE NAME:   <dsp2lab2.out>
ENTRY POINT SYMBOL: "_c_int00"  address: 0000dd80


MEMORY CONFIGURATION

         name            origin    length      used     unused   attr    fill
----------------------  --------  ---------  --------  --------  ----  --------
  vecs                  00000000   00000220  00000200  00000020  RWIX
  IRAM                  00000220   0000ffe0  0000f7be  00000822  RWIX
  CE0                   80000000   01000000  000004dc  00fffb24  RWIX


SECTION ALLOCATION MAP

 output                                  attributes/
section   page    origin      length       input sections
--------  ----  ----------  ----------   ----------------
vectors    0    00000000    00000200     
                  00000000    00000200     vectors11.obj (vectors)

.text      0    00000220    0000e020     
                  00000220    00000c00     rts6700.lib : _scanfi.obj (.text:__scanfi)
                  00000e20    000007e0                 : divd.obj (.text:__divd)
                  00001600    000007c0                 : _scanfi.obj (.text:__sset_arg)
                  00001dc0    000006c0                 : _printfi.obj (.text:__getarg_diouxp)
                  00002480    00000620                 : _scanfi.obj (.text:__sproc_int)
                  00002aa0    00000600                 : strtod.obj (.text:_strtod)
                  000030a0    00000600                 : strtold.obj (.text:_strtold)
                  000036a0    000005e0                 : strtoll.obj (.text:_strtoll)
                  00003c80    000005c0                 : _printfi.obj (.text:__setfield)
                  00004240    00000580                 : _printfi.obj (.text:__printfi)
                  000047c0    00000540                 : strtol.obj (.text:_strtol)
                  00004d00    00000500                 : strtoul.obj (.text:_strtoul)
                  00005200    000004a0                 : strtoull.obj (.text:_strtoull)
                  000056a0    00000420                 : _printfi.obj (.text:_fcvt)
                  00005ac0    00000400                 : _printfi.obj (.text:_ecvt)
                  00005ec0    000003e0                 : _printfi.obj (.text:__pproc_fge)
                  000062a0    000003c0                 : fputs.obj (.text:_fputs)
                  00006660    000003c0     main.obj (.text)
                  00006a20    000003a0     rts6700.lib : _scanfi.obj (.text:__sget_conv)
                  00006dc0    00000380                 : imath64.obj (.text:__divull)
                  00007140    00000380                 : _printfi.obj (.text:__pproc_fwp)
                  000074c0    00000380                 : _scanfi.obj (.text:__sproc_float)
                  00007840    00000380                 : memory.obj (.text:_free)
                  00007bc0    00000360                 : _printfi.obj (.text:__pconv_e)
                  00007f20    00000340                 : frcmpyd_div.obj (.text:__frcmpyd_div)
                  00008260    00000300                 : _printfi.obj (.text:__pproc_diouxp)
                  00008560    000002c0                 : _printfi.obj (.text:__pproc_str)
                  00008820    000002a0                 : _printfi.obj (.text:__pconv_g)
                  00008ac0    00000260                 : imath40.obj (.text:__divul)
                  00008d20    00000240                 : _printfi.obj (.text:__mcpy)
                  00008f60    00000240                 : fopen.obj (.text:__openfile)
                  000091a0    00000240                 : memory.obj (.text:_malloc)
                  000093e0    00000240                 : memcpy62.obj (.text:_memcpy)
                  00009620    00000220                 : trgdrv.obj (.text:_HOSTrename)
                  00009840    00000220                 : fscanf.obj (.text:__chkmbc)
                  00009a60    00000220                 : lowlev.obj (.text:_open)
                  00009c80    00000200                 : _scanfi.obj (.text:__sproc_str)
                  00009e80    00000200                 : setvbuf.obj (.text:_setvbuf)
                  0000a080    000001e0                 : _scanfi.obj (.text:__sproc_lb)
                  0000a260    000001e0                 : lowlev.obj (.text:_getdevice)
                  0000a440    000001c0     csl6713.lib : csl_irq.obj (.text:_IRQ_map)
                  0000a600    000001c0     rts6700.lib : _printfi.obj (.text:__ltostr)
                  0000a7c0    000001a0                 : _bufread.obj (.text:__buff_read)
                  0000a960    000001a0                 : _printfi.obj (.text:__pproc_fflags)
                  0000ab00    000001a0                 : fputc.obj (.text:_fputc)
                  0000aca0    00000180                 : fopen.obj (.text:__search_fp)
                  0000ae20    00000160                 : trgdrv.obj (.text:_HOSTlseek)
                  0000af80    00000160                 : autoinit.obj (.text:__auto_init)
                  0000b0e0    00000160                 : fclose.obj (.text:_fclose)
                  0000b240    00000160                 : fgetc.obj (.text:_fgetc)
                  0000b3a0    00000140                 : trgdrv.obj (.text:_HOSTread)
                  0000b4e0    00000140                 : _scanfi.obj (.text:__sget_scanset)
                  0000b620    00000140                 : _io_perm.obj (.text:__wrt_ok)
                  0000b760    00000140                 : atoi.obj (.text:_atoi)
                  0000b8a0    00000140                 : lowlev.obj (.text:_lseek)
                  0000b9e0    00000140                 : lowlev.obj (.text:_read)
                  0000bb20    00000140                 : ungetc.obj (.text:_ungetc)
                  0000bc60    00000140                 : lowlev.obj (.text:_write)
                  0000bda0    00000120                 : trgdrv.obj (.text:_HOSTopen)
                  0000bec0    00000120                 : trgdrv.obj (.text:_HOSTwrite)
                  0000bfe0    00000120                 : fopen.obj (.text:__cleanup)
                  0000c100    00000120                 : divi.obj (.text:__divi)
                  0000c220    00000120                 : lowlev.obj (.text:_close)
                  0000c340    00000120                 : exit.obj (.text:_exit)
                  0000c460    00000120                 : ltoa.obj (.text:_ltoa)
                  0000c580    00000120                 : memset.obj (.text:_memset)
                  0000c6a0    00000100                 : trgdrv.obj (.text:_HOSTclose)
                  0000c7a0    00000100                 : trgdrv.obj (.text:_HOSTunlink)
                  0000c8a0    00000100                 : _printfi.obj (.text:__div)
                  0000c9a0    00000100                 : imath40.obj (.text:__divli)
                  0000caa0    00000100                 : _printfi.obj (.text:__pconv_f)
                  0000cba0    00000100                 : fseek.obj (.text:_fseek)
                  0000cca0    000000e0                 : fflush.obj (.text:__doflush)
                  0000cd80    000000e0                 : _printfi.obj (.text:__ecpy)
                  0000ce60    000000e0                 : _printfi.obj (.text:__fcpy)
                  0000cf40    000000e0                 : _io_perm.obj (.text:__rd_ok)
                  0000d020    000000e0                 : memory.obj (.text:_minsert)
                  0000d100    000000e0                 : memory.obj (.text:_mremove)
                  0000d1e0    000000e0                 : lowlev.obj (.text:_tabinit)
                  0000d2c0    000000c0                 : divu.obj (.text:__divu)
                  0000d380    000000c0                 : cpy_tbl.obj (.text:_copy_in)
                  0000d440    000000c0                 : lowlev.obj (.text:_finddevice)
                  0000d500    000000a0                 : fixdli.obj (.text:__fixdli)
                  0000d5a0    000000a0                 : mpyll.obj (.text:__mpyll)
                  0000d640    000000a0                 : imath40.obj (.text:__remli)
                  0000d6e0    000000a0                 : imath40.obj (.text:__remul)
                  0000d780    000000a0                 : imath64.obj (.text:__remull)
                  0000d820    000000a0                 : fopen.obj (.text:_fopen)
                  0000d8c0    000000a0                 : fprintf.obj (.text:_fprintf)
                  0000d960    000000a0                 : fscanf.obj (.text:_fscanf)
                  0000da00    000000a0                 : trgmsg.obj (.text:_readmsg)
                  0000daa0    000000a0     csl6713.lib : csl_irq.obj (.text:_setMux)
                  0000db40    000000a0     rts6700.lib : lowlev.obj (.text:_unlink)
                  0000dbe0    000000a0                 : trgmsg.obj (.text:_writemsg)
                  0000dc80    00000080                 : fltlid.obj (.text:__fltlid)
                  0000dd00    00000080                 : llshift.obj (.text:__llshl)
                  0000dd80    00000080                 : boot.obj (.text:_c_int00)
                  0000de00    00000080                 : memccpy.obj (.text:_memccpy)
                  0000de80    00000060                 : isinf.obj (.text:___isinf)
                  0000dee0    00000060                 : llshift.obj (.text:__llshru)
                  0000df40    00000060                 : imath64.obj (.text:__subcull)
                  0000dfa0    00000040     csl6713.lib : csl_irq.obj (.text:_IRQ_enable)
                  0000dfe0    00000040     rts6700.lib : _printfi.obj (.text:___isnan)
                  0000e020    00000040                 : divd.obj (.text:___isnan)
                  0000e060    00000040                 : args_main.obj (.text:__args_main)
                  0000e0a0    00000020     csl6713.lib : csl_irq.obj (.text:_IRQ_globalDisable)
                  0000e0c0    00000020                 : csl_irq.obj (.text:_IRQ_globalEnable)
                  0000e0e0    00000020                 : csl_irq.obj (.text:_IRQ_nmiEnable)
                  0000e100    00000020     rts6700.lib : fscanf.obj (.text:__inpchar)
                  0000e120    00000020                 : negll.obj (.text:__negll)
                  0000e140    00000020                 : _lock.obj (.text:__nop)
                  0000e160    00000020                 : fprintf.obj (.text:__outc)
                  0000e180    00000020                 : fprintf.obj (.text:__outs)
                  0000e1a0    00000020                 : fscanf.obj (.text:__uninpchar)
                  0000e1c0    00000020                 : exit.obj (.text:_abort)
                  0000e1e0    00000020                 : remove.obj (.text:_remove)
                  0000e200    00000020     csl6713.lib : csl_irq.obj (.text)
                  0000e220    00000020     main.obj (.text:retain)

.bss       0    00000220    00000000     UNINITIALIZED

.data      0    00000220    00000000     UNINITIALIZED

.stack     0    0000e240    00000800     UNINITIALIZED
                  0000e240    00000008     rts6700.lib : boot.obj (.stack)
                  0000e248    000007f8     --HOLE--

.sysmem    0    0000ea40    00000800     UNINITIALIZED
                  0000ea40    00000008     rts6700.lib : memory.obj (.sysmem)
                  0000ea48    000007f8     --HOLE--

.cinit     0    0000f240    00000394     
                  0000f240    0000012c     csl6713.lib : csl_irq.obj (.cinit)
                  0000f36c    00000004     --HOLE-- [fill = 0]
                  0000f370    000000dc     main.obj (.cinit)
                  0000f44c    00000004     --HOLE-- [fill = 0]
                  0000f450    0000005c     rts6700.lib : defs.obj (.cinit)
                  0000f4ac    00000004     --HOLE-- [fill = 0]
                  0000f4b0    0000005c                 : lowlev.obj (.cinit)
                  0000f50c    00000004     --HOLE-- [fill = 0]
                  0000f510    0000002c                 : exit.obj (.cinit)
                  0000f53c    00000004     --HOLE-- [fill = 0]
                  0000f540    0000002c                 : memory.obj (.cinit)
                  0000f56c    00000004     --HOLE-- [fill = 0]
                  0000f570    0000001c                 : _lock.obj (.cinit)
                  0000f58c    00000004     --HOLE-- [fill = 0]
                  0000f590    00000019     c6xdskinit_pcm.obj (.cinit)
                  0000f5a9    00000007     --HOLE-- [fill = 0]
                  0000f5b0    0000000c     rts6700.lib : errno.obj (.cinit)
                  0000f5bc    00000004     --HOLE-- [fill = 0]
                  0000f5c0    0000000c                 : fopen.obj (.cinit)
                  0000f5cc    00000004     --HOLE-- [fill = 0]
                  0000f5d0    00000004     (.pad.cinit) [fill = 0]

.const     0    0000f5d8    000002c2     
                  0000f5d8    00000101     rts6700.lib : ctype.obj (.const:.string:__ctypes_)
                  0000f6d9    00000002                 : fputs.obj (.const:.string)
                  0000f6db    00000001     --HOLE-- [fill = 0]
                  0000f6dc    00000054     main.obj (.const:.string)
                  0000f730    00000050     rts6700.lib : strtod.obj (.const:_digits)
                  0000f780    00000050                 : strtold.obj (.const:_digits)
                  0000f7d0    00000048                 : strtod.obj (.const:_powerof10)
                  0000f818    00000048                 : strtold.obj (.const:_powerof10)
                  0000f860    00000023                 : _printfi.obj (.const:.string)
                  0000f883    00000001     --HOLE-- [fill = 0]
                  0000f884    00000008                 : divd.obj (.const:.string:_initial_approx$1)
                  0000f88c    00000007                 : _scanfi.obj (.const:.string:_flit$1)
                  0000f893    00000001     --HOLE-- [fill = 0]
                  0000f894    00000006                 : _scanfi.obj (.const:.string:_barr$2)

.cio       0    0000f89c    00000120     UNINITIALIZED
                  0000f89c    00000120     rts6700.lib : trgmsg.obj (.cio)

.switch    0    0000f9bc    00000028     
                  0000f9bc    00000028     rts6700.lib : _scanfi.obj (.switch:__sset_arg)

.far       0    80000000    000004dc     UNINITIALIZED
                  80000000    00000194     rts6700.lib : defs.obj (.far)
                  80000194    000000f4     csl6713.lib : csl_irq.obj (.far)
                  80000288    000000d0     rts6700.lib : trgdrv.obj (.far)
                  80000358    000000cc                 : lowlev.obj (.far)
                  80000424    00000088     main.obj (.far)
                  800004ac    0000000c     c6xdskinit_pcm.obj (.far)
                  800004b8    0000000c     rts6700.lib : exit.obj (.far)
                  800004c4    00000008                 : _lock.obj (.far)
                  800004cc    00000008                 : memory.obj (.far)
                  800004d4    00000004                 : errno.obj (.far)
                  800004d8    00000004                 : fopen.obj (.far)


GLOBAL SYMBOLS: SORTED ALPHABETICALLY BY Name 

address    name
--------   ----
00000220   $bss
00000220   .bss
00000220   .data
00000220   .text
0000e1c0   C$$EXIT
0000dc58   C$$IO$$
800004ac   _Act_Fs
0000c6a0   _HOSTclose
0000ae20   _HOSTlseek
0000bda0   _HOSTopen
0000b3a0   _HOSTread
00009620   _HOSTrename
0000c7a0   _HOSTunlink
0000bec0   _HOSTwrite
0000dfa0   _IRQ_enable
0000e0a0   _IRQ_globalDisable
0000e0c0   _IRQ_globalEnable
0000a440   _IRQ_map
0000e0e0   _IRQ_nmiEnable
0000f89c   __CIOBUF_
80000280   __IRQ_dispatchTable
800001bc   __IRQ_eventTable
0000e200   __IRQ_hookFetchPacket
80000240   __IRQ_intTable
0000ea40   __STACK_END
00000800   __STACK_SIZE
00000800   __SYSMEM_SIZE
00000001   __TI_args_main
800004c0   ___TI_enable_exit_profile_output
ffffffff   ___TI_pprof_out_hndl
ffffffff   ___TI_prof_data_size
ffffffff   ___TI_prof_data_start
ffffffff   ___binit__
00000220   ___bss__
ffffffff   ___c_args__
0000f240   ___cinit__
00000220   ___data__
00000220   ___edata__
00000220   ___end__
0000e240   ___etext__
0000de80   ___isinf
ffffffff   ___pinit__
00000220   ___text__
0000e060   __args_main
0000af80   __auto_init
0000a7c0   __buff_read
0000c100   __c6xabi_divi
0000d2c0   __c6xabi_divu
0000bfe0   __cleanup
800004b8   __cleanup_ptr
0000f5d8   __ctypes_
00000e20   __divd
0000c100   __divi
0000c9a0   __divli
0000d2c0   __divu
00008ac0   __divul
00006dc0   __divull
0000cca0   __doflush
800004bc   __dtors_ptr
0000d500   __fixdli
0000dc80   __fltlid
00007f20   __frcmpyd_div
80000190   __ft_end
80000000   __ftable
0000dd00   __llshl
0000dee0   __llshru
800004c4   __lock
0000d5a0   __mpyll
0000e120   __negll
0000e140   __nop
00004240   __printfi
0000cf40   __rd_ok
0000d640   __remli
0000d6e0   __remul
0000d780   __remull
00000220   __scanfi
0000e240   __stack
0000df40   __subcull
0000ea40   __sys_memory
800000f0   __tmpnams
800004c8   __unlock
0000b620   __wrt_ok
8000046c   _a
80000424   _a1
80000444   _a2
0000e1c0   _abort
0000b760   _atoi
80000480   _b
8000042c   _b1
8000044c   _b2
0000dd80   _c_int00
0000c220   _close
0000d380   _copy_in
800004d4   _errno
0000c340   _exit
0000b0e0   _fclose
0000b240   _fgetc
0000d820   _fopen
0000d8c0   _fprintf
0000ab00   _fputc
000062a0   _fputs
00007840   _free
0000d960   _fscanf
0000cba0   _fseek
800004a8   _g
80000440   _g1
80000460   _g2
0000b240   _getc
00006974   _init_hw_interrupts
0000b8a0   _lseek
0000c460   _ltoa
00006660   _main
000091a0   _malloc
800004b4   _mcbspData
0000de00   _memccpy
000093e0   _memcpy
0000c580   _memset
00009a60   _open
800004b0   _polling
0000ab00   _putc
0000b9e0   _read
0000da00   _readmsg
0000e1e0   _remove
0000e220   _serial_port_rcv_isr
00009e80   _setvbuf
00002aa0   _strtod
000047c0   _strtol
000030a0   _strtold
000036a0   _strtoll
00004d00   _strtoul
00005200   _strtoull
0000bb20   _ungetc
0000db40   _unlink
80000494   _w
80000434   _w1
80000454   _w2
0000bc60   _write
0000dbe0   _writemsg
80000464   _y1
80000468   _y2
ffffffff   binit
0000f240   cinit
00000220   edata
00000220   end
0000e240   etext
ffffffff   pinit


GLOBAL SYMBOLS: SORTED BY Symbol Address 

address    name
--------   ----
00000001   __TI_args_main
00000220   $bss
00000220   .bss
00000220   .data
00000220   .text
00000220   ___bss__
00000220   ___data__
00000220   ___edata__
00000220   ___end__
00000220   ___text__
00000220   __scanfi
00000220   edata
00000220   end
00000800   __STACK_SIZE
00000800   __SYSMEM_SIZE
00000e20   __divd
00002aa0   _strtod
000030a0   _strtold
000036a0   _strtoll
00004240   __printfi
000047c0   _strtol
00004d00   _strtoul
00005200   _strtoull
000062a0   _fputs
00006660   _main
00006974   _init_hw_interrupts
00006dc0   __divull
00007840   _free
00007f20   __frcmpyd_div
00008ac0   __divul
000091a0   _malloc
000093e0   _memcpy
00009620   _HOSTrename
00009a60   _open
00009e80   _setvbuf
0000a440   _IRQ_map
0000a7c0   __buff_read
0000ab00   _fputc
0000ab00   _putc
0000ae20   _HOSTlseek
0000af80   __auto_init
0000b0e0   _fclose
0000b240   _fgetc
0000b240   _getc
0000b3a0   _HOSTread
0000b620   __wrt_ok
0000b760   _atoi
0000b8a0   _lseek
0000b9e0   _read
0000bb20   _ungetc
0000bc60   _write
0000bda0   _HOSTopen
0000bec0   _HOSTwrite
0000bfe0   __cleanup
0000c100   __c6xabi_divi
0000c100   __divi
0000c220   _close
0000c340   _exit
0000c460   _ltoa
0000c580   _memset
0000c6a0   _HOSTclose
0000c7a0   _HOSTunlink
0000c9a0   __divli
0000cba0   _fseek
0000cca0   __doflush
0000cf40   __rd_ok
0000d2c0   __c6xabi_divu
0000d2c0   __divu
0000d380   _copy_in
0000d500   __fixdli
0000d5a0   __mpyll
0000d640   __remli
0000d6e0   __remul
0000d780   __remull
0000d820   _fopen
0000d8c0   _fprintf
0000d960   _fscanf
0000da00   _readmsg
0000db40   _unlink
0000dbe0   _writemsg
0000dc58   C$$IO$$
0000dc80   __fltlid
0000dd00   __llshl
0000dd80   _c_int00
0000de00   _memccpy
0000de80   ___isinf
0000dee0   __llshru
0000df40   __subcull
0000dfa0   _IRQ_enable
0000e060   __args_main
0000e0a0   _IRQ_globalDisable
0000e0c0   _IRQ_globalEnable
0000e0e0   _IRQ_nmiEnable
0000e120   __negll
0000e140   __nop
0000e1c0   C$$EXIT
0000e1c0   _abort
0000e1e0   _remove
0000e200   __IRQ_hookFetchPacket
0000e220   _serial_port_rcv_isr
0000e240   ___etext__
0000e240   __stack
0000e240   etext
0000ea40   __STACK_END
0000ea40   __sys_memory
0000f240   ___cinit__
0000f240   cinit
0000f5d8   __ctypes_
0000f89c   __CIOBUF_
80000000   __ftable
800000f0   __tmpnams
80000190   __ft_end
800001bc   __IRQ_eventTable
80000240   __IRQ_intTable
80000280   __IRQ_dispatchTable
80000424   _a1
8000042c   _b1
80000434   _w1
80000440   _g1
80000444   _a2
8000044c   _b2
80000454   _w2
80000460   _g2
80000464   _y1
80000468   _y2
8000046c   _a
80000480   _b
80000494   _w
800004a8   _g
800004ac   _Act_Fs
800004b0   _polling
800004b4   _mcbspData
800004b8   __cleanup_ptr
800004bc   __dtors_ptr
800004c0   ___TI_enable_exit_profile_output
800004c4   __lock
800004c8   __unlock
800004d4   _errno
ffffffff   ___TI_pprof_out_hndl
ffffffff   ___TI_prof_data_size
ffffffff   ___TI_prof_data_start
ffffffff   ___binit__
ffffffff   ___c_args__
ffffffff   ___pinit__
ffffffff   binit
ffffffff   pinit

[146 symbols]
